Archive member included to satisfy reference by file (symbol)

.\CortexM3\ARM_GCC_541\Debug\P01B_485_Bootloader_Simple.a(Bootloader.o)
                              .\CortexM3\ARM_GCC_541\Debug\main.o (Bootloader_Start)
.\CortexM3\ARM_GCC_541\Debug\P01B_485_Bootloader_Simple.a(PWM.o)
                              .\CortexM3\ARM_GCC_541\Debug\main.o (PWM_Start)
.\CortexM3\ARM_GCC_541\Debug\P01B_485_Bootloader_Simple.a(CyFlash.o)
                              .\CortexM3\ARM_GCC_541\Debug\P01B_485_Bootloader_Simple.a(Bootloader.o) (CySetTemp)
.\CortexM3\ARM_GCC_541\Debug\P01B_485_Bootloader_Simple.a(CyLib.o)
                              .\CortexM3\ARM_GCC_541\Debug\Cm3Start.o (CyResetStatus)
.\CortexM3\ARM_GCC_541\Debug\P01B_485_Bootloader_Simple.a(cyPm.o)
                              .\CortexM3\ARM_GCC_541\Debug\P01B_485_Bootloader_Simple.a(CyLib.o) (CyPmReadStatus)
.\CortexM3\ARM_GCC_541\Debug\P01B_485_Bootloader_Simple.a(CySpc.o)
                              .\CortexM3\ARM_GCC_541\Debug\P01B_485_Bootloader_Simple.a(CyFlash.o) (CySpcStart)
.\CortexM3\ARM_GCC_541\Debug\P01B_485_Bootloader_Simple.a(CyBootAsmGnu.o)
                              .\CortexM3\ARM_GCC_541\Debug\cyfitter_cfg.o (CyDelayCycles)
.\CortexM3\ARM_GCC_541\Debug\P01B_485_Bootloader_Simple.a(Upstream_485_BOOT.o)
                              .\CortexM3\ARM_GCC_541\Debug\P01B_485_Bootloader_Simple.a(Bootloader.o) (Upstream_485_CyBtldrCommStart)
.\CortexM3\ARM_GCC_541\Debug\P01B_485_Bootloader_Simple.a(Upstream_485.o)
                              .\CortexM3\ARM_GCC_541\Debug\P01B_485_Bootloader_Simple.a(Upstream_485_BOOT.o) (Upstream_485_Start)
.\CortexM3\ARM_GCC_541\Debug\P01B_485_Bootloader_Simple.a(Upstream_485_INT.o)
                              .\CortexM3\ARM_GCC_541\Debug\P01B_485_Bootloader_Simple.a(Upstream_485.o) (Upstream_485_RXISR)
.\CortexM3\ARM_GCC_541\Debug\P01B_485_Bootloader_Simple.a(Upstream_485_IntClock.o)
                              .\CortexM3\ARM_GCC_541\Debug\P01B_485_Bootloader_Simple.a(Upstream_485.o) (Upstream_485_IntClock_Start)
c:/program files (x86)/cypress/psoc creator/4.2/psoc creator/import/gnu/arm/5.4.1/bin/../lib/gcc/arm-none-eabi/5.4.1/../../../../arm-none-eabi/lib/armv7-m\libg_nano.a(lib_a-errno.o)
                              .\CortexM3\ARM_GCC_541\Debug\Cm3Start.o (__errno)
c:/program files (x86)/cypress/psoc creator/4.2/psoc creator/import/gnu/arm/5.4.1/bin/../lib/gcc/arm-none-eabi/5.4.1/../../../../arm-none-eabi/lib/armv7-m\libg_nano.a(lib_a-exit.o)
                              c:/program files (x86)/cypress/psoc creator/4.2/psoc creator/import/gnu/arm/5.4.1/bin/../lib/gcc/arm-none-eabi/5.4.1/../../../../arm-none-eabi/lib/armv7-m/crt0.o (exit)
c:/program files (x86)/cypress/psoc creator/4.2/psoc creator/import/gnu/arm/5.4.1/bin/../lib/gcc/arm-none-eabi/5.4.1/../../../../arm-none-eabi/lib/armv7-m\libg_nano.a(lib_a-impure.o)
                              c:/program files (x86)/cypress/psoc creator/4.2/psoc creator/import/gnu/arm/5.4.1/bin/../lib/gcc/arm-none-eabi/5.4.1/../../../../arm-none-eabi/lib/armv7-m\libg_nano.a(lib_a-exit.o) (_global_impure_ptr)
c:/program files (x86)/cypress/psoc creator/4.2/psoc creator/import/gnu/arm/5.4.1/bin/../lib/gcc/arm-none-eabi/5.4.1/../../../../arm-none-eabi/lib/armv7-m\libg_nano.a(lib_a-init.o)
                              c:/program files (x86)/cypress/psoc creator/4.2/psoc creator/import/gnu/arm/5.4.1/bin/../lib/gcc/arm-none-eabi/5.4.1/../../../../arm-none-eabi/lib/armv7-m/crt0.o (__libc_init_array)
c:/program files (x86)/cypress/psoc creator/4.2/psoc creator/import/gnu/arm/5.4.1/bin/../lib/gcc/arm-none-eabi/5.4.1/../../../../arm-none-eabi/lib/armv7-m\libg_nano.a(lib_a-memcpy-stub.o)
                              .\CortexM3\ARM_GCC_541\Debug\cyfitter_cfg.o (memcpy)
c:/program files (x86)/cypress/psoc creator/4.2/psoc creator/import/gnu/arm/5.4.1/bin/../lib/gcc/arm-none-eabi/5.4.1/../../../../arm-none-eabi/lib/armv7-m\libg_nano.a(lib_a-memset.o)
                              c:/program files (x86)/cypress/psoc creator/4.2/psoc creator/import/gnu/arm/5.4.1/bin/../lib/gcc/arm-none-eabi/5.4.1/../../../../arm-none-eabi/lib/armv7-m/crt0.o (memset)

Allocating common symbols
Common symbol       size              file

Upstream_485_txBuffer
                    0x80              .\CortexM3\ARM_GCC_541\Debug\P01B_485_Bootloader_Simple.a(Upstream_485.o)
Upstream_485_rxBuffer
                    0x80              .\CortexM3\ARM_GCC_541\Debug\P01B_485_Bootloader_Simple.a(Upstream_485.o)
dieTemperature      0x2               .\CortexM3\ARM_GCC_541\Debug\P01B_485_Bootloader_Simple.a(CyFlash.o)

Discarded input sections

 .text          0x00000000        0x0 c:/program files (x86)/cypress/psoc creator/4.2/psoc creator/import/gnu/arm/5.4.1/bin/../lib/gcc/arm-none-eabi/5.4.1/armv7-m/crti.o
 .data          0x00000000        0x0 c:/program files (x86)/cypress/psoc creator/4.2/psoc creator/import/gnu/arm/5.4.1/bin/../lib/gcc/arm-none-eabi/5.4.1/armv7-m/crti.o
 .bss           0x00000000        0x0 c:/program files (x86)/cypress/psoc creator/4.2/psoc creator/import/gnu/arm/5.4.1/bin/../lib/gcc/arm-none-eabi/5.4.1/armv7-m/crti.o
 .data          0x00000000        0x4 c:/program files (x86)/cypress/psoc creator/4.2/psoc creator/import/gnu/arm/5.4.1/bin/../lib/gcc/arm-none-eabi/5.4.1/armv7-m/crtbegin.o
 .text          0x00000000       0x74 c:/program files (x86)/cypress/psoc creator/4.2/psoc creator/import/gnu/arm/5.4.1/bin/../lib/gcc/arm-none-eabi/5.4.1/../../../../arm-none-eabi/lib/armv7-m/crt0.o
 .data          0x00000000        0x0 c:/program files (x86)/cypress/psoc creator/4.2/psoc creator/import/gnu/arm/5.4.1/bin/../lib/gcc/arm-none-eabi/5.4.1/../../../../arm-none-eabi/lib/armv7-m/crt0.o
 .bss           0x00000000        0x0 c:/program files (x86)/cypress/psoc creator/4.2/psoc creator/import/gnu/arm/5.4.1/bin/../lib/gcc/arm-none-eabi/5.4.1/../../../../arm-none-eabi/lib/armv7-m/crt0.o
 .ARM.extab     0x00000000        0x0 c:/program files (x86)/cypress/psoc creator/4.2/psoc creator/import/gnu/arm/5.4.1/bin/../lib/gcc/arm-none-eabi/5.4.1/../../../../arm-none-eabi/lib/armv7-m/crt0.o
 .ARM.exidx     0x00000000        0x8 c:/program files (x86)/cypress/psoc creator/4.2/psoc creator/import/gnu/arm/5.4.1/bin/../lib/gcc/arm-none-eabi/5.4.1/../../../../arm-none-eabi/lib/armv7-m/crt0.o
 .text          0x00000000        0x0 .\CortexM3\ARM_GCC_541\Debug\main.o
 .data          0x00000000        0x0 .\CortexM3\ARM_GCC_541\Debug\main.o
 .bss           0x00000000        0x0 .\CortexM3\ARM_GCC_541\Debug\main.o
 .text          0x00000000        0x0 .\CortexM3\ARM_GCC_541\Debug\cyfitter_cfg.o
 .data          0x00000000        0x0 .\CortexM3\ARM_GCC_541\Debug\cyfitter_cfg.o
 .bss           0x00000000        0x0 .\CortexM3\ARM_GCC_541\Debug\cyfitter_cfg.o
 .text.SetAnalogRoutingPumps
                0x00000000       0x28 .\CortexM3\ARM_GCC_541\Debug\cyfitter_cfg.o
 .text          0x00000000        0x0 .\CortexM3\ARM_GCC_541\Debug\cymetadata.o
 .data          0x00000000        0x0 .\CortexM3\ARM_GCC_541\Debug\cymetadata.o
 .bss           0x00000000        0x0 .\CortexM3\ARM_GCC_541\Debug\cymetadata.o
 .text          0x00000000        0x0 .\CortexM3\ARM_GCC_541\Debug\Cm3Start.o
 .data          0x00000000        0x4 .\CortexM3\ARM_GCC_541\Debug\Cm3Start.o
 .bss           0x00000000        0x0 .\CortexM3\ARM_GCC_541\Debug\Cm3Start.o
 .text._exit    0x00000000       0x14 .\CortexM3\ARM_GCC_541\Debug\Cm3Start.o
 .text._sbrk    0x00000000       0x50 .\CortexM3\ARM_GCC_541\Debug\Cm3Start.o
 .text          0x00000000        0x0 .\CortexM3\ARM_GCC_541\Debug\P01B_485_Bootloader_Simple.a(Bootloader.o)
 .text.Bootloader_InitCallback
                0x00000000       0x1c .\CortexM3\ARM_GCC_541\Debug\P01B_485_Bootloader_Simple.a(Bootloader.o)
 .text.Bootloader_Exit
                0x00000000       0x80 .\CortexM3\ARM_GCC_541\Debug\P01B_485_Bootloader_Simple.a(Bootloader.o)
 .text.Bootloader_SetFlashByte
                0x00000000       0xb0 .\CortexM3\ARM_GCC_541\Debug\P01B_485_Bootloader_Simple.a(Bootloader.o)
 .text          0x00000000        0x0 .\CortexM3\ARM_GCC_541\Debug\P01B_485_Bootloader_Simple.a(PWM.o)
 .data          0x00000000        0x0 .\CortexM3\ARM_GCC_541\Debug\P01B_485_Bootloader_Simple.a(PWM.o)
 .text.PWM_Stop
                0x00000000       0x48 .\CortexM3\ARM_GCC_541\Debug\P01B_485_Bootloader_Simple.a(PWM.o)
 .text.PWM_ReadStatusRegister
                0x00000000       0x18 .\CortexM3\ARM_GCC_541\Debug\P01B_485_Bootloader_Simple.a(PWM.o)
 .text.PWM_ReadControlRegister
                0x00000000       0x1c .\CortexM3\ARM_GCC_541\Debug\P01B_485_Bootloader_Simple.a(PWM.o)
 .text.PWM_WriteControlRegister
                0x00000000       0x20 .\CortexM3\ARM_GCC_541\Debug\P01B_485_Bootloader_Simple.a(PWM.o)
 .text.PWM_ReadCompare
                0x00000000       0x18 .\CortexM3\ARM_GCC_541\Debug\P01B_485_Bootloader_Simple.a(PWM.o)
 .text.PWM_ReadPeriod
                0x00000000       0x18 .\CortexM3\ARM_GCC_541\Debug\P01B_485_Bootloader_Simple.a(PWM.o)
 .text          0x00000000        0x0 .\CortexM3\ARM_GCC_541\Debug\P01B_485_Bootloader_Simple.a(CyFlash.o)
 .data          0x00000000        0x0 .\CortexM3\ARM_GCC_541\Debug\P01B_485_Bootloader_Simple.a(CyFlash.o)
 .bss           0x00000000        0x4 .\CortexM3\ARM_GCC_541\Debug\P01B_485_Bootloader_Simple.a(CyFlash.o)
 .text.CyFlash_Start
                0x00000000       0x8c .\CortexM3\ARM_GCC_541\Debug\P01B_485_Bootloader_Simple.a(CyFlash.o)
 .text.CyFlash_Stop
                0x00000000       0x48 .\CortexM3\ARM_GCC_541\Debug\P01B_485_Bootloader_Simple.a(CyFlash.o)
 .text.CyFlash_EraseRow
                0x00000000       0xb0 .\CortexM3\ARM_GCC_541\Debug\P01B_485_Bootloader_Simple.a(CyFlash.o)
 .text.CySetFlashEEBuffer
                0x00000000       0x54 .\CortexM3\ARM_GCC_541\Debug\P01B_485_Bootloader_Simple.a(CyFlash.o)
 .text.CyWriteRowData
                0x00000000       0x38 .\CortexM3\ARM_GCC_541\Debug\P01B_485_Bootloader_Simple.a(CyFlash.o)
 .text.CyFlash_SetWaitCycles
                0x00000000       0xbc .\CortexM3\ARM_GCC_541\Debug\P01B_485_Bootloader_Simple.a(CyFlash.o)
 .text.CyEEPROM_Stop
                0x00000000       0x48 .\CortexM3\ARM_GCC_541\Debug\P01B_485_Bootloader_Simple.a(CyFlash.o)
 .text.CyEEPROM_ReadReserve
                0x00000000       0x30 .\CortexM3\ARM_GCC_541\Debug\P01B_485_Bootloader_Simple.a(CyFlash.o)
 .text.CyEEPROM_ReadRelease
                0x00000000       0x20 .\CortexM3\ARM_GCC_541\Debug\P01B_485_Bootloader_Simple.a(CyFlash.o)
 .text          0x00000000        0x0 .\CortexM3\ARM_GCC_541\Debug\P01B_485_Bootloader_Simple.a(CyLib.o)
 .bss           0x00000000       0x19 .\CortexM3\ARM_GCC_541\Debug\P01B_485_Bootloader_Simple.a(CyLib.o)
 .text.CyPLL_OUT_Start
                0x00000000       0xb0 .\CortexM3\ARM_GCC_541\Debug\P01B_485_Bootloader_Simple.a(CyLib.o)
 .text.CyPLL_OUT_Stop
                0x00000000       0x20 .\CortexM3\ARM_GCC_541\Debug\P01B_485_Bootloader_Simple.a(CyLib.o)
 .text.CyPLL_OUT_SetPQ
                0x00000000       0x94 .\CortexM3\ARM_GCC_541\Debug\P01B_485_Bootloader_Simple.a(CyLib.o)
 .text.CyPLL_OUT_SetSource
                0x00000000       0x58 .\CortexM3\ARM_GCC_541\Debug\P01B_485_Bootloader_Simple.a(CyLib.o)
 .text.CyIMO_Start
                0x00000000       0x94 .\CortexM3\ARM_GCC_541\Debug\P01B_485_Bootloader_Simple.a(CyLib.o)
 .text.CyIMO_Stop
                0x00000000       0x34 .\CortexM3\ARM_GCC_541\Debug\P01B_485_Bootloader_Simple.a(CyLib.o)
 .text.CyUSB_PowerOnCheck
                0x00000000       0x60 .\CortexM3\ARM_GCC_541\Debug\P01B_485_Bootloader_Simple.a(CyLib.o)
 .text.CyIMO_SetTrimValue
                0x00000000      0x108 .\CortexM3\ARM_GCC_541\Debug\P01B_485_Bootloader_Simple.a(CyLib.o)
 .text.CyIMO_SetFreq
                0x00000000      0x1b0 .\CortexM3\ARM_GCC_541\Debug\P01B_485_Bootloader_Simple.a(CyLib.o)
 .text.CyIMO_SetSource
                0x00000000       0x8c .\CortexM3\ARM_GCC_541\Debug\P01B_485_Bootloader_Simple.a(CyLib.o)
 .text.CyIMO_EnableDoubler
                0x00000000       0x20 .\CortexM3\ARM_GCC_541\Debug\P01B_485_Bootloader_Simple.a(CyLib.o)
 .text.CyIMO_DisableDoubler
                0x00000000       0x20 .\CortexM3\ARM_GCC_541\Debug\P01B_485_Bootloader_Simple.a(CyLib.o)
 .text.CyMasterClk_SetSource
                0x00000000       0x34 .\CortexM3\ARM_GCC_541\Debug\P01B_485_Bootloader_Simple.a(CyLib.o)
 .text.CyMasterClk_SetDivider
                0x00000000       0x20 .\CortexM3\ARM_GCC_541\Debug\P01B_485_Bootloader_Simple.a(CyLib.o)
 .text.CyBusClk_Internal_SetDivider
                0x00000000       0x78 .\CortexM3\ARM_GCC_541\Debug\P01B_485_Bootloader_Simple.a(CyLib.o)
 .text.CyBusClk_SetDivider
                0x00000000       0xb4 .\CortexM3\ARM_GCC_541\Debug\P01B_485_Bootloader_Simple.a(CyLib.o)
 .text.CyUsbClk_SetSource
                0x00000000       0x34 .\CortexM3\ARM_GCC_541\Debug\P01B_485_Bootloader_Simple.a(CyLib.o)
 .text.CyILO_Start1K
                0x00000000       0x20 .\CortexM3\ARM_GCC_541\Debug\P01B_485_Bootloader_Simple.a(CyLib.o)
 .text.CyILO_Stop1K
                0x00000000       0x20 .\CortexM3\ARM_GCC_541\Debug\P01B_485_Bootloader_Simple.a(CyLib.o)
 .text.CyILO_Start100K
                0x00000000       0x20 .\CortexM3\ARM_GCC_541\Debug\P01B_485_Bootloader_Simple.a(CyLib.o)
 .text.CyILO_Stop100K
                0x00000000       0x20 .\CortexM3\ARM_GCC_541\Debug\P01B_485_Bootloader_Simple.a(CyLib.o)
 .text.CyILO_Enable33K
                0x00000000       0x20 .\CortexM3\ARM_GCC_541\Debug\P01B_485_Bootloader_Simple.a(CyLib.o)
 .text.CyILO_Disable33K
                0x00000000       0x20 .\CortexM3\ARM_GCC_541\Debug\P01B_485_Bootloader_Simple.a(CyLib.o)
 .text.CyILO_SetSource
                0x00000000       0x38 .\CortexM3\ARM_GCC_541\Debug\P01B_485_Bootloader_Simple.a(CyLib.o)
 .text.CyILO_SetPowerMode
                0x00000000       0x4c .\CortexM3\ARM_GCC_541\Debug\P01B_485_Bootloader_Simple.a(CyLib.o)
 .text.CyXTAL_32KHZ_Start
                0x00000000       0x88 .\CortexM3\ARM_GCC_541\Debug\P01B_485_Bootloader_Simple.a(CyLib.o)
 .text.CyXTAL_32KHZ_Stop
                0x00000000       0x50 .\CortexM3\ARM_GCC_541\Debug\P01B_485_Bootloader_Simple.a(CyLib.o)
 .text.CyXTAL_32KHZ_ReadStatus
                0x00000000       0x1c .\CortexM3\ARM_GCC_541\Debug\P01B_485_Bootloader_Simple.a(CyLib.o)
 .text.CyXTAL_32KHZ_SetPowerMode
                0x00000000       0xb4 .\CortexM3\ARM_GCC_541\Debug\P01B_485_Bootloader_Simple.a(CyLib.o)
 .text.CyXTAL_Start
                0x00000000       0xd0 .\CortexM3\ARM_GCC_541\Debug\P01B_485_Bootloader_Simple.a(CyLib.o)
 .text.CyXTAL_Stop
                0x00000000       0x20 .\CortexM3\ARM_GCC_541\Debug\P01B_485_Bootloader_Simple.a(CyLib.o)
 .text.CyXTAL_EnableErrStatus
                0x00000000       0x20 .\CortexM3\ARM_GCC_541\Debug\P01B_485_Bootloader_Simple.a(CyLib.o)
 .text.CyXTAL_DisableErrStatus
                0x00000000       0x20 .\CortexM3\ARM_GCC_541\Debug\P01B_485_Bootloader_Simple.a(CyLib.o)
 .text.CyXTAL_ReadStatus
                0x00000000       0x24 .\CortexM3\ARM_GCC_541\Debug\P01B_485_Bootloader_Simple.a(CyLib.o)
 .text.CyXTAL_EnableFaultRecovery
                0x00000000       0x20 .\CortexM3\ARM_GCC_541\Debug\P01B_485_Bootloader_Simple.a(CyLib.o)
 .text.CyXTAL_DisableFaultRecovery
                0x00000000       0x20 .\CortexM3\ARM_GCC_541\Debug\P01B_485_Bootloader_Simple.a(CyLib.o)
 .text.CyXTAL_SetStartup
                0x00000000       0x34 .\CortexM3\ARM_GCC_541\Debug\P01B_485_Bootloader_Simple.a(CyLib.o)
 .text.CyXTAL_SetFbVoltage
                0x00000000       0x34 .\CortexM3\ARM_GCC_541\Debug\P01B_485_Bootloader_Simple.a(CyLib.o)
 .text.CyXTAL_SetWdVoltage
                0x00000000       0x38 .\CortexM3\ARM_GCC_541\Debug\P01B_485_Bootloader_Simple.a(CyLib.o)
 .text.CyDelayFreq
                0x00000000       0x7c .\CortexM3\ARM_GCC_541\Debug\P01B_485_Bootloader_Simple.a(CyLib.o)
 .text.CyWdtStart
                0x00000000       0x8c .\CortexM3\ARM_GCC_541\Debug\P01B_485_Bootloader_Simple.a(CyLib.o)
 .text.CyWdtClear
                0x00000000       0x18 .\CortexM3\ARM_GCC_541\Debug\P01B_485_Bootloader_Simple.a(CyLib.o)
 .text.CyVdLvDigitEnable
                0x00000000       0xcc .\CortexM3\ARM_GCC_541\Debug\P01B_485_Bootloader_Simple.a(CyLib.o)
 .text.CyVdLvAnalogEnable
                0x00000000       0xcc .\CortexM3\ARM_GCC_541\Debug\P01B_485_Bootloader_Simple.a(CyLib.o)
 .text.CyVdLvDigitDisable
                0x00000000       0x48 .\CortexM3\ARM_GCC_541\Debug\P01B_485_Bootloader_Simple.a(CyLib.o)
 .text.CyVdLvAnalogDisable
                0x00000000       0x44 .\CortexM3\ARM_GCC_541\Debug\P01B_485_Bootloader_Simple.a(CyLib.o)
 .text.CyVdHvAnalogEnable
                0x00000000       0x7c .\CortexM3\ARM_GCC_541\Debug\P01B_485_Bootloader_Simple.a(CyLib.o)
 .text.CyVdHvAnalogDisable
                0x00000000       0x30 .\CortexM3\ARM_GCC_541\Debug\P01B_485_Bootloader_Simple.a(CyLib.o)
 .text.CyVdStickyStatus
                0x00000000       0x5c .\CortexM3\ARM_GCC_541\Debug\P01B_485_Bootloader_Simple.a(CyLib.o)
 .text.CyVdRealTimeStatus
                0x00000000       0x30 .\CortexM3\ARM_GCC_541\Debug\P01B_485_Bootloader_Simple.a(CyLib.o)
 .text.CyDisableInts
                0x00000000       0x34 .\CortexM3\ARM_GCC_541\Debug\P01B_485_Bootloader_Simple.a(CyLib.o)
 .text.CyEnableInts
                0x00000000       0x2c .\CortexM3\ARM_GCC_541\Debug\P01B_485_Bootloader_Simple.a(CyLib.o)
 .text.CyIntSetSysVector
                0x00000000       0x4c .\CortexM3\ARM_GCC_541\Debug\P01B_485_Bootloader_Simple.a(CyLib.o)
 .text.CyIntGetSysVector
                0x00000000       0x38 .\CortexM3\ARM_GCC_541\Debug\P01B_485_Bootloader_Simple.a(CyLib.o)
 .text.CyIntGetVector
                0x00000000       0x38 .\CortexM3\ARM_GCC_541\Debug\P01B_485_Bootloader_Simple.a(CyLib.o)
 .text.CyIntGetPriority
                0x00000000       0x38 .\CortexM3\ARM_GCC_541\Debug\P01B_485_Bootloader_Simple.a(CyLib.o)
 .text.CyIntGetState
                0x00000000       0x44 .\CortexM3\ARM_GCC_541\Debug\P01B_485_Bootloader_Simple.a(CyLib.o)
 .text.CySysTickStart
                0x00000000       0x24 .\CortexM3\ARM_GCC_541\Debug\P01B_485_Bootloader_Simple.a(CyLib.o)
 .text.CySysTickInit
                0x00000000       0x6c .\CortexM3\ARM_GCC_541\Debug\P01B_485_Bootloader_Simple.a(CyLib.o)
 .text.CySysTickEnable
                0x00000000       0x1c .\CortexM3\ARM_GCC_541\Debug\P01B_485_Bootloader_Simple.a(CyLib.o)
 .text.CySysTickStop
                0x00000000       0x1c .\CortexM3\ARM_GCC_541\Debug\P01B_485_Bootloader_Simple.a(CyLib.o)
 .text.CySysTickEnableInterrupt
                0x00000000       0x1c .\CortexM3\ARM_GCC_541\Debug\P01B_485_Bootloader_Simple.a(CyLib.o)
 .text.CySysTickDisableInterrupt
                0x00000000       0x1c .\CortexM3\ARM_GCC_541\Debug\P01B_485_Bootloader_Simple.a(CyLib.o)
 .text.CySysTickSetReload
                0x00000000       0x20 .\CortexM3\ARM_GCC_541\Debug\P01B_485_Bootloader_Simple.a(CyLib.o)
 .text.CySysTickGetReload
                0x00000000       0x18 .\CortexM3\ARM_GCC_541\Debug\P01B_485_Bootloader_Simple.a(CyLib.o)
 .text.CySysTickGetValue
                0x00000000       0x18 .\CortexM3\ARM_GCC_541\Debug\P01B_485_Bootloader_Simple.a(CyLib.o)
 .text.CySysTickSetClockSource
                0x00000000       0x38 .\CortexM3\ARM_GCC_541\Debug\P01B_485_Bootloader_Simple.a(CyLib.o)
 .text.CySysTickGetClockSource
                0x00000000       0x1c .\CortexM3\ARM_GCC_541\Debug\P01B_485_Bootloader_Simple.a(CyLib.o)
 .text.CySysTickGetCountFlag
                0x00000000       0x1c .\CortexM3\ARM_GCC_541\Debug\P01B_485_Bootloader_Simple.a(CyLib.o)
 .text.CySysTickClear
                0x00000000       0x18 .\CortexM3\ARM_GCC_541\Debug\P01B_485_Bootloader_Simple.a(CyLib.o)
 .text.CySysTickSetCallback
                0x00000000       0x30 .\CortexM3\ARM_GCC_541\Debug\P01B_485_Bootloader_Simple.a(CyLib.o)
 .text.CySysTickGetCallback
                0x00000000       0x20 .\CortexM3\ARM_GCC_541\Debug\P01B_485_Bootloader_Simple.a(CyLib.o)
 .text.CySysTickServiceCallbacks
                0x00000000       0x44 .\CortexM3\ARM_GCC_541\Debug\P01B_485_Bootloader_Simple.a(CyLib.o)
 .text.CyGetUniqueId
                0x00000000       0xc4 .\CortexM3\ARM_GCC_541\Debug\P01B_485_Bootloader_Simple.a(CyLib.o)
 .text          0x00000000        0x0 .\CortexM3\ARM_GCC_541\Debug\P01B_485_Bootloader_Simple.a(cyPm.o)
 .data          0x00000000        0x0 .\CortexM3\ARM_GCC_541\Debug\P01B_485_Bootloader_Simple.a(cyPm.o)
 .bss           0x00000000       0x43 .\CortexM3\ARM_GCC_541\Debug\P01B_485_Bootloader_Simple.a(cyPm.o)
 .rodata        0x00000000        0xf .\CortexM3\ARM_GCC_541\Debug\P01B_485_Bootloader_Simple.a(cyPm.o)
 .text.CyPmSaveClocks
                0x00000000      0x288 .\CortexM3\ARM_GCC_541\Debug\P01B_485_Bootloader_Simple.a(cyPm.o)
 .text.CyPmRestoreClocks
                0x00000000      0x2f0 .\CortexM3\ARM_GCC_541\Debug\P01B_485_Bootloader_Simple.a(cyPm.o)
 .text.CyPmAltAct
                0x00000000       0xbc .\CortexM3\ARM_GCC_541\Debug\P01B_485_Bootloader_Simple.a(cyPm.o)
 .text.CyPmSleep
                0x00000000      0x170 .\CortexM3\ARM_GCC_541\Debug\P01B_485_Bootloader_Simple.a(cyPm.o)
 .text.CyPmHibernate
                0x00000000       0x10 .\CortexM3\ARM_GCC_541\Debug\P01B_485_Bootloader_Simple.a(cyPm.o)
 .text.CyPmHibernateEx
                0x00000000      0x158 .\CortexM3\ARM_GCC_541\Debug\P01B_485_Bootloader_Simple.a(cyPm.o)
 .text.CyPmReadStatus
                0x00000000       0x5c .\CortexM3\ARM_GCC_541\Debug\P01B_485_Bootloader_Simple.a(cyPm.o)
 .text.CyPmHibSaveSet
                0x00000000       0xe8 .\CortexM3\ARM_GCC_541\Debug\P01B_485_Bootloader_Simple.a(cyPm.o)
 .text.CyPmHibRestore
                0x00000000       0x78 .\CortexM3\ARM_GCC_541\Debug\P01B_485_Bootloader_Simple.a(cyPm.o)
 .text.CyPmCtwSetInterval
                0x00000000       0x94 .\CortexM3\ARM_GCC_541\Debug\P01B_485_Bootloader_Simple.a(cyPm.o)
 .text.CyPmOppsSet
                0x00000000       0x44 .\CortexM3\ARM_GCC_541\Debug\P01B_485_Bootloader_Simple.a(cyPm.o)
 .text.CyPmFtwSetInterval
                0x00000000       0x94 .\CortexM3\ARM_GCC_541\Debug\P01B_485_Bootloader_Simple.a(cyPm.o)
 .text.CyPmHibSlpSaveSet
                0x00000000      0x280 .\CortexM3\ARM_GCC_541\Debug\P01B_485_Bootloader_Simple.a(cyPm.o)
 .text.CyPmHibSlpRestore
                0x00000000      0x18c .\CortexM3\ARM_GCC_541\Debug\P01B_485_Bootloader_Simple.a(cyPm.o)
 .text.CyPmHviLviSaveDisable
                0x00000000       0xd8 .\CortexM3\ARM_GCC_541\Debug\P01B_485_Bootloader_Simple.a(cyPm.o)
 .text.CyPmHviLviRestore
                0x00000000       0x58 .\CortexM3\ARM_GCC_541\Debug\P01B_485_Bootloader_Simple.a(cyPm.o)
 .text          0x00000000        0x0 .\CortexM3\ARM_GCC_541\Debug\P01B_485_Bootloader_Simple.a(CySpc.o)
 .data          0x00000000        0x0 .\CortexM3\ARM_GCC_541\Debug\P01B_485_Bootloader_Simple.a(CySpc.o)
 .text.CySpcStop
                0x00000000       0x48 .\CortexM3\ARM_GCC_541\Debug\P01B_485_Bootloader_Simple.a(CySpc.o)
 .text.CySpcLoadMultiByte
                0x00000000       0xd0 .\CortexM3\ARM_GCC_541\Debug\P01B_485_Bootloader_Simple.a(CySpc.o)
 .text.CySpcLoadRow
                0x00000000       0x88 .\CortexM3\ARM_GCC_541\Debug\P01B_485_Bootloader_Simple.a(CySpc.o)
 .text.CySpcEraseSector
                0x00000000       0x70 .\CortexM3\ARM_GCC_541\Debug\P01B_485_Bootloader_Simple.a(CySpc.o)
 .text.CySpcEraseRow
                0x00000000       0x98 .\CortexM3\ARM_GCC_541\Debug\P01B_485_Bootloader_Simple.a(CySpc.o)
 .data          0x00000000        0x0 .\CortexM3\ARM_GCC_541\Debug\P01B_485_Bootloader_Simple.a(CyBootAsmGnu.o)
 .bss           0x00000000        0x0 .\CortexM3\ARM_GCC_541\Debug\P01B_485_Bootloader_Simple.a(CyBootAsmGnu.o)
 .text          0x00000000        0x0 .\CortexM3\ARM_GCC_541\Debug\P01B_485_Bootloader_Simple.a(Upstream_485_BOOT.o)
 .data          0x00000000        0x0 .\CortexM3\ARM_GCC_541\Debug\P01B_485_Bootloader_Simple.a(Upstream_485_BOOT.o)
 .bss           0x00000000        0x0 .\CortexM3\ARM_GCC_541\Debug\P01B_485_Bootloader_Simple.a(Upstream_485_BOOT.o)
 .text.Upstream_485_CyBtldrCommReset
                0x00000000       0x10 .\CortexM3\ARM_GCC_541\Debug\P01B_485_Bootloader_Simple.a(Upstream_485_BOOT.o)
 .text          0x00000000        0x0 .\CortexM3\ARM_GCC_541\Debug\P01B_485_Bootloader_Simple.a(Upstream_485.o)
 .data          0x00000000        0x0 .\CortexM3\ARM_GCC_541\Debug\P01B_485_Bootloader_Simple.a(Upstream_485.o)
 .text.Upstream_485_ReadControlRegister
                0x00000000       0x10 .\CortexM3\ARM_GCC_541\Debug\P01B_485_Bootloader_Simple.a(Upstream_485.o)
 .text.Upstream_485_WriteControlRegister
                0x00000000       0x14 .\CortexM3\ARM_GCC_541\Debug\P01B_485_Bootloader_Simple.a(Upstream_485.o)
 .text.Upstream_485_SetRxInterruptMode
                0x00000000       0x20 .\CortexM3\ARM_GCC_541\Debug\P01B_485_Bootloader_Simple.a(Upstream_485.o)
 .text.Upstream_485_ReadRxStatus
                0x00000000       0x40 .\CortexM3\ARM_GCC_541\Debug\P01B_485_Bootloader_Simple.a(Upstream_485.o)
 .text.Upstream_485_GetChar
                0x00000000       0xb8 .\CortexM3\ARM_GCC_541\Debug\P01B_485_Bootloader_Simple.a(Upstream_485.o)
 .text.Upstream_485_GetByte
                0x00000000       0x44 .\CortexM3\ARM_GCC_541\Debug\P01B_485_Bootloader_Simple.a(Upstream_485.o)
 .text.Upstream_485_SetRxAddressMode
                0x00000000       0x14 .\CortexM3\ARM_GCC_541\Debug\P01B_485_Bootloader_Simple.a(Upstream_485.o)
 .text.Upstream_485_SetRxAddress1
                0x00000000       0x20 .\CortexM3\ARM_GCC_541\Debug\P01B_485_Bootloader_Simple.a(Upstream_485.o)
 .text.Upstream_485_SetRxAddress2
                0x00000000       0x20 .\CortexM3\ARM_GCC_541\Debug\P01B_485_Bootloader_Simple.a(Upstream_485.o)
 .text.Upstream_485_SetTxInterruptMode
                0x00000000       0x20 .\CortexM3\ARM_GCC_541\Debug\P01B_485_Bootloader_Simple.a(Upstream_485.o)
 .text.Upstream_485_WriteTxData
                0x00000000       0x94 .\CortexM3\ARM_GCC_541\Debug\P01B_485_Bootloader_Simple.a(Upstream_485.o)
 .text.Upstream_485_ReadTxStatus
                0x00000000       0x18 .\CortexM3\ARM_GCC_541\Debug\P01B_485_Bootloader_Simple.a(Upstream_485.o)
 .text.Upstream_485_PutString
                0x00000000       0x44 .\CortexM3\ARM_GCC_541\Debug\P01B_485_Bootloader_Simple.a(Upstream_485.o)
 .text.Upstream_485_PutArray
                0x00000000       0x44 .\CortexM3\ARM_GCC_541\Debug\P01B_485_Bootloader_Simple.a(Upstream_485.o)
 .text.Upstream_485_PutCRLF
                0x00000000       0x34 .\CortexM3\ARM_GCC_541\Debug\P01B_485_Bootloader_Simple.a(Upstream_485.o)
 .text.Upstream_485_GetTxBufferSize
                0x00000000       0x74 .\CortexM3\ARM_GCC_541\Debug\P01B_485_Bootloader_Simple.a(Upstream_485.o)
 .text.Upstream_485_SendBreak
                0x00000000       0x9c .\CortexM3\ARM_GCC_541\Debug\P01B_485_Bootloader_Simple.a(Upstream_485.o)
 .text.Upstream_485_SetTxAddressMode
                0x00000000       0x14 .\CortexM3\ARM_GCC_541\Debug\P01B_485_Bootloader_Simple.a(Upstream_485.o)
 .text          0x00000000        0x0 .\CortexM3\ARM_GCC_541\Debug\P01B_485_Bootloader_Simple.a(Upstream_485_INT.o)
 .data          0x00000000        0x0 .\CortexM3\ARM_GCC_541\Debug\P01B_485_Bootloader_Simple.a(Upstream_485_INT.o)
 .bss           0x00000000        0x0 .\CortexM3\ARM_GCC_541\Debug\P01B_485_Bootloader_Simple.a(Upstream_485_INT.o)
 .text          0x00000000        0x0 .\CortexM3\ARM_GCC_541\Debug\P01B_485_Bootloader_Simple.a(Upstream_485_IntClock.o)
 .data          0x00000000        0x0 .\CortexM3\ARM_GCC_541\Debug\P01B_485_Bootloader_Simple.a(Upstream_485_IntClock.o)
 .bss           0x00000000        0x0 .\CortexM3\ARM_GCC_541\Debug\P01B_485_Bootloader_Simple.a(Upstream_485_IntClock.o)
 .text.Upstream_485_IntClock_StopBlock
                0x00000000       0xb0 .\CortexM3\ARM_GCC_541\Debug\P01B_485_Bootloader_Simple.a(Upstream_485_IntClock.o)
 .text.Upstream_485_IntClock_StandbyPower
                0x00000000       0x40 .\CortexM3\ARM_GCC_541\Debug\P01B_485_Bootloader_Simple.a(Upstream_485_IntClock.o)
 .text.Upstream_485_IntClock_SetDividerRegister
                0x00000000      0x164 .\CortexM3\ARM_GCC_541\Debug\P01B_485_Bootloader_Simple.a(Upstream_485_IntClock.o)
 .text.Upstream_485_IntClock_GetDividerRegister
                0x00000000       0x18 .\CortexM3\ARM_GCC_541\Debug\P01B_485_Bootloader_Simple.a(Upstream_485_IntClock.o)
 .text.Upstream_485_IntClock_SetModeRegister
                0x00000000       0x34 .\CortexM3\ARM_GCC_541\Debug\P01B_485_Bootloader_Simple.a(Upstream_485_IntClock.o)
 .text.Upstream_485_IntClock_ClearModeRegister
                0x00000000       0x34 .\CortexM3\ARM_GCC_541\Debug\P01B_485_Bootloader_Simple.a(Upstream_485_IntClock.o)
 .text.Upstream_485_IntClock_GetModeRegister
                0x00000000       0x1c .\CortexM3\ARM_GCC_541\Debug\P01B_485_Bootloader_Simple.a(Upstream_485_IntClock.o)
 .text.Upstream_485_IntClock_SetSourceRegister
                0x00000000       0xc4 .\CortexM3\ARM_GCC_541\Debug\P01B_485_Bootloader_Simple.a(Upstream_485_IntClock.o)
 .text.Upstream_485_IntClock_GetSourceRegister
                0x00000000       0x1c .\CortexM3\ARM_GCC_541\Debug\P01B_485_Bootloader_Simple.a(Upstream_485_IntClock.o)
 .text          0x00000000        0x0 c:/program files (x86)/cypress/psoc creator/4.2/psoc creator/import/gnu/arm/5.4.1/bin/../lib/gcc/arm-none-eabi/5.4.1/../../../../arm-none-eabi/lib/armv7-m\libg_nano.a(lib_a-errno.o)
 .data          0x00000000        0x0 c:/program files (x86)/cypress/psoc creator/4.2/psoc creator/import/gnu/arm/5.4.1/bin/../lib/gcc/arm-none-eabi/5.4.1/../../../../arm-none-eabi/lib/armv7-m\libg_nano.a(lib_a-errno.o)
 .bss           0x00000000        0x0 c:/program files (x86)/cypress/psoc creator/4.2/psoc creator/import/gnu/arm/5.4.1/bin/../lib/gcc/arm-none-eabi/5.4.1/../../../../arm-none-eabi/lib/armv7-m\libg_nano.a(lib_a-errno.o)
 .text          0x00000000        0x0 c:/program files (x86)/cypress/psoc creator/4.2/psoc creator/import/gnu/arm/5.4.1/bin/../lib/gcc/arm-none-eabi/5.4.1/../../../../arm-none-eabi/lib/armv7-m\libg_nano.a(lib_a-exit.o)
 .data          0x00000000        0x0 c:/program files (x86)/cypress/psoc creator/4.2/psoc creator/import/gnu/arm/5.4.1/bin/../lib/gcc/arm-none-eabi/5.4.1/../../../../arm-none-eabi/lib/armv7-m\libg_nano.a(lib_a-exit.o)
 .bss           0x00000000        0x0 c:/program files (x86)/cypress/psoc creator/4.2/psoc creator/import/gnu/arm/5.4.1/bin/../lib/gcc/arm-none-eabi/5.4.1/../../../../arm-none-eabi/lib/armv7-m\libg_nano.a(lib_a-exit.o)
 .text.exit     0x00000000       0x28 c:/program files (x86)/cypress/psoc creator/4.2/psoc creator/import/gnu/arm/5.4.1/bin/../lib/gcc/arm-none-eabi/5.4.1/../../../../arm-none-eabi/lib/armv7-m\libg_nano.a(lib_a-exit.o)
 .text          0x00000000        0x0 c:/program files (x86)/cypress/psoc creator/4.2/psoc creator/import/gnu/arm/5.4.1/bin/../lib/gcc/arm-none-eabi/5.4.1/../../../../arm-none-eabi/lib/armv7-m\libg_nano.a(lib_a-impure.o)
 .data          0x00000000        0x0 c:/program files (x86)/cypress/psoc creator/4.2/psoc creator/import/gnu/arm/5.4.1/bin/../lib/gcc/arm-none-eabi/5.4.1/../../../../arm-none-eabi/lib/armv7-m\libg_nano.a(lib_a-impure.o)
 .bss           0x00000000        0x0 c:/program files (x86)/cypress/psoc creator/4.2/psoc creator/import/gnu/arm/5.4.1/bin/../lib/gcc/arm-none-eabi/5.4.1/../../../../arm-none-eabi/lib/armv7-m\libg_nano.a(lib_a-impure.o)
 .rodata._global_impure_ptr
                0x00000000        0x4 c:/program files (x86)/cypress/psoc creator/4.2/psoc creator/import/gnu/arm/5.4.1/bin/../lib/gcc/arm-none-eabi/5.4.1/../../../../arm-none-eabi/lib/armv7-m\libg_nano.a(lib_a-impure.o)
 .text          0x00000000        0x0 c:/program files (x86)/cypress/psoc creator/4.2/psoc creator/import/gnu/arm/5.4.1/bin/../lib/gcc/arm-none-eabi/5.4.1/../../../../arm-none-eabi/lib/armv7-m\libg_nano.a(lib_a-init.o)
 .data          0x00000000        0x0 c:/program files (x86)/cypress/psoc creator/4.2/psoc creator/import/gnu/arm/5.4.1/bin/../lib/gcc/arm-none-eabi/5.4.1/../../../../arm-none-eabi/lib/armv7-m\libg_nano.a(lib_a-init.o)
 .bss           0x00000000        0x0 c:/program files (x86)/cypress/psoc creator/4.2/psoc creator/import/gnu/arm/5.4.1/bin/../lib/gcc/arm-none-eabi/5.4.1/../../../../arm-none-eabi/lib/armv7-m\libg_nano.a(lib_a-init.o)
 .text          0x00000000        0x0 c:/program files (x86)/cypress/psoc creator/4.2/psoc creator/import/gnu/arm/5.4.1/bin/../lib/gcc/arm-none-eabi/5.4.1/../../../../arm-none-eabi/lib/armv7-m\libg_nano.a(lib_a-memcpy-stub.o)
 .data          0x00000000        0x0 c:/program files (x86)/cypress/psoc creator/4.2/psoc creator/import/gnu/arm/5.4.1/bin/../lib/gcc/arm-none-eabi/5.4.1/../../../../arm-none-eabi/lib/armv7-m\libg_nano.a(lib_a-memcpy-stub.o)
 .bss           0x00000000        0x0 c:/program files (x86)/cypress/psoc creator/4.2/psoc creator/import/gnu/arm/5.4.1/bin/../lib/gcc/arm-none-eabi/5.4.1/../../../../arm-none-eabi/lib/armv7-m\libg_nano.a(lib_a-memcpy-stub.o)
 .text          0x00000000        0x0 c:/program files (x86)/cypress/psoc creator/4.2/psoc creator/import/gnu/arm/5.4.1/bin/../lib/gcc/arm-none-eabi/5.4.1/../../../../arm-none-eabi/lib/armv7-m\libg_nano.a(lib_a-memset.o)
 .data          0x00000000        0x0 c:/program files (x86)/cypress/psoc creator/4.2/psoc creator/import/gnu/arm/5.4.1/bin/../lib/gcc/arm-none-eabi/5.4.1/../../../../arm-none-eabi/lib/armv7-m\libg_nano.a(lib_a-memset.o)
 .bss           0x00000000        0x0 c:/program files (x86)/cypress/psoc creator/4.2/psoc creator/import/gnu/arm/5.4.1/bin/../lib/gcc/arm-none-eabi/5.4.1/../../../../arm-none-eabi/lib/armv7-m\libg_nano.a(lib_a-memset.o)
 .text          0x00000000        0x0 c:/program files (x86)/cypress/psoc creator/4.2/psoc creator/import/gnu/arm/5.4.1/bin/../lib/gcc/arm-none-eabi/5.4.1/armv7-m/crtend.o
 .data          0x00000000        0x0 c:/program files (x86)/cypress/psoc creator/4.2/psoc creator/import/gnu/arm/5.4.1/bin/../lib/gcc/arm-none-eabi/5.4.1/armv7-m/crtend.o
 .bss           0x00000000        0x0 c:/program files (x86)/cypress/psoc creator/4.2/psoc creator/import/gnu/arm/5.4.1/bin/../lib/gcc/arm-none-eabi/5.4.1/armv7-m/crtend.o
 .text          0x00000000        0x0 c:/program files (x86)/cypress/psoc creator/4.2/psoc creator/import/gnu/arm/5.4.1/bin/../lib/gcc/arm-none-eabi/5.4.1/armv7-m/crtn.o
 .data          0x00000000        0x0 c:/program files (x86)/cypress/psoc creator/4.2/psoc creator/import/gnu/arm/5.4.1/bin/../lib/gcc/arm-none-eabi/5.4.1/armv7-m/crtn.o
 .bss           0x00000000        0x0 c:/program files (x86)/cypress/psoc creator/4.2/psoc creator/import/gnu/arm/5.4.1/bin/../lib/gcc/arm-none-eabi/5.4.1/armv7-m/crtn.o

Memory Configuration

Name             Origin             Length             Attributes
rom              0x00000000         0x00040000         xr
ram              0x1fff8000         0x00010000         xrw
*default*        0x00000000         0xffffffff

Linker script and memory map

LOAD c:/program files (x86)/cypress/psoc creator/4.2/psoc creator/import/gnu/arm/5.4.1/bin/../lib/gcc/arm-none-eabi/5.4.1/armv7-m/crti.o
LOAD c:/program files (x86)/cypress/psoc creator/4.2/psoc creator/import/gnu/arm/5.4.1/bin/../lib/gcc/arm-none-eabi/5.4.1/armv7-m/crtbegin.o
LOAD c:/program files (x86)/cypress/psoc creator/4.2/psoc creator/import/gnu/arm/5.4.1/bin/../lib/gcc/arm-none-eabi/5.4.1/../../../../arm-none-eabi/lib/armv7-m/crt0.o
START GROUP
LOAD .\CortexM3\ARM_GCC_541\Debug\main.o
LOAD .\CortexM3\ARM_GCC_541\Debug\cyfitter_cfg.o
LOAD .\CortexM3\ARM_GCC_541\Debug\cymetadata.o
LOAD .\CortexM3\ARM_GCC_541\Debug\Cm3Start.o
LOAD .\CortexM3\ARM_GCC_541\Debug\P01B_485_Bootloader_Simple.a
LOAD C:\Program Files (x86)\Cypress\PSoC Creator\4.2\PSoC Creator\psoc\content\cycomponentlibrary\CyComponentLibrary.cylib\CortexM3\ARM_GCC_541\Debug\CyComponentLibrary.a
END GROUP
START GROUP
LOAD c:/program files (x86)/cypress/psoc creator/4.2/psoc creator/import/gnu/arm/5.4.1/bin/../lib/gcc/arm-none-eabi/5.4.1/armv7-m\libgcc.a
LOAD c:/program files (x86)/cypress/psoc creator/4.2/psoc creator/import/gnu/arm/5.4.1/bin/../lib/gcc/arm-none-eabi/5.4.1/../../../../arm-none-eabi/lib/armv7-m\libg_nano.a
LOAD c:/program files (x86)/cypress/psoc creator/4.2/psoc creator/import/gnu/arm/5.4.1/bin/../lib/gcc/arm-none-eabi/5.4.1/../../../../arm-none-eabi/lib/armv7-m\libc_nano.a
END GROUP
START GROUP
LOAD c:/program files (x86)/cypress/psoc creator/4.2/psoc creator/import/gnu/arm/5.4.1/bin/../lib/gcc/arm-none-eabi/5.4.1/armv7-m\libgcc.a
LOAD c:/program files (x86)/cypress/psoc creator/4.2/psoc creator/import/gnu/arm/5.4.1/bin/../lib/gcc/arm-none-eabi/5.4.1/../../../../arm-none-eabi/lib/armv7-m\libc_nano.a
END GROUP
LOAD c:/program files (x86)/cypress/psoc creator/4.2/psoc creator/import/gnu/arm/5.4.1/bin/../lib/gcc/arm-none-eabi/5.4.1/armv7-m/crtend.o
LOAD c:/program files (x86)/cypress/psoc creator/4.2/psoc creator/import/gnu/arm/5.4.1/bin/../lib/gcc/arm-none-eabi/5.4.1/armv7-m/crtn.o
START GROUP
LOAD c:/program files (x86)/cypress/psoc creator/4.2/psoc creator/import/gnu/arm/5.4.1/bin/../lib/gcc/arm-none-eabi/5.4.1/armv7-m\libgcc.a
LOAD c:/program files (x86)/cypress/psoc creator/4.2/psoc creator/import/gnu/arm/5.4.1/bin/../lib/gcc/arm-none-eabi/5.4.1/../../../../arm-none-eabi/lib/armv7-m\libc.a
LOAD c:/program files (x86)/cypress/psoc creator/4.2/psoc creator/import/gnu/arm/5.4.1/bin/../lib/gcc/arm-none-eabi/5.4.1/../../../../arm-none-eabi/lib/armv7-m\libnosys.a
END GROUP
                0x00000000                CY_APPL_ORIGIN = 0x0
                0x00000100                CY_FLASH_ROW_SIZE = 0x100
                0x00000020                CY_ECC_ROW_SIZE = 0x20
                0x00000000                CY_EE_IN_BTLDR = 0x0
                0x00000000                CY_APPL_LOADABLE = 0x0
                0x00000800                CY_EE_SIZE = 0x800
                0x00000001                CY_APPL_NUM = 0x1
                0x00000001                CY_APPL_MAX = 0x1
                0x00000040                CY_METADATA_SIZE = 0x40
                0x00000000                CY_APPL_LOADABLE = 0x0
                0x00000000                CY_CHECKSUM_EXCLUDE_SIZE = ALIGN (0x0, CY_FLASH_ROW_SIZE)
                [!provide]                PROVIDE (__cy_heap_start, _end)
                0x00000001                PROVIDE (__cy_region_num, ((__cy_regions_end - __cy_regions) / 0x10))
                0x20008000                PROVIDE (__cy_stack, (ORIGIN (ram) + LENGTH (ram)))
                [!provide]                PROVIDE (__cy_heap_end, (__cy_stack - 0x800))

.cybootloader   0x00000000        0x0
 *(.cybootloader)
                0x00000000                appl1_start = CY_APPL_ORIGIN?CY_APPL_ORIGIN:ALIGN (CY_FLASH_ROW_SIZE)
                0x0001ff00                appl2_start = (appl1_start + ALIGN ((((LENGTH (rom) - appl1_start) - (0x2 * CY_FLASH_ROW_SIZE)) / 0x2), CY_FLASH_ROW_SIZE))
                0x00000000                appl_start = (CY_APPL_NUM == 0x1)?appl1_start:appl2_start
                0x00000000                ecc_offset = ((appl_start / CY_FLASH_ROW_SIZE) * CY_ECC_ROW_SIZE)
                0x00000000                ee_offset = (CY_APPL_LOADABLE && ! (CY_EE_IN_BTLDR))?((CY_EE_SIZE / CY_APPL_MAX) * (CY_APPL_NUM - 0x1)):0x0
                0x00000800                ee_size = (CY_APPL_LOADABLE && ! (CY_EE_IN_BTLDR))?(CY_EE_SIZE / CY_APPL_MAX):CY_EE_SIZE
                [!provide]                PROVIDE (CY_ECC_OFFSET, ecc_offset)

.text           0x00000000     0x2390
 CREATE_OBJECT_SYMBOLS
                0x00000000                PROVIDE (__cy_interrupt_vector, RomVectors)
 *(.romvectors)
 .romvectors    0x00000000       0x10 .\CortexM3\ARM_GCC_541\Debug\Cm3Start.o
                0x00000000                RomVectors
                0x00000001                ASSERT ((. != __cy_interrupt_vector), No interrupt vector)
                0x00000001                ASSERT (CY_APPL_ORIGIN?(SIZEOF (.cybootloader) <= CY_APPL_ORIGIN):0x1, Wrong image location)
                0x00000010                PROVIDE (__cy_reset, Reset)
 *(.text.Reset)
 .text.Reset    0x00000010       0x1c .\CortexM3\ARM_GCC_541\Debug\Cm3Start.o
                0x00000010                Reset
                0x00000001                ASSERT ((. != __cy_reset), No reset code)
 *(.dma_init)
                0x00000001                ASSERT ((((appl_start + .) <= 0x10000) || 0x1), DMA Init must be within the first 64k of flash)
 *(.text .text.* .gnu.linkonce.t.*)
 .text          0x0000002c       0x5c c:/program files (x86)/cypress/psoc creator/4.2/psoc creator/import/gnu/arm/5.4.1/bin/../lib/gcc/arm-none-eabi/5.4.1/armv7-m/crtbegin.o
 .text.main     0x00000088       0x10 .\CortexM3\ARM_GCC_541\Debug\main.o
                0x00000088                main
 .text.CYMEMZERO
                0x00000098       0x1c .\CortexM3\ARM_GCC_541\Debug\cyfitter_cfg.o
 .text.CYCONFIGCPY
                0x000000b4       0x20 .\CortexM3\ARM_GCC_541\Debug\cyfitter_cfg.o
 .text.CYCONFIGCPYCODE
                0x000000d4       0x20 .\CortexM3\ARM_GCC_541\Debug\cyfitter_cfg.o
 .text.CyClockStartupError
                0x000000f4        0xc .\CortexM3\ARM_GCC_541\Debug\cyfitter_cfg.o
 .text.cfg_write_bytes32
                0x00000100       0x74 .\CortexM3\ARM_GCC_541\Debug\cyfitter_cfg.o
 .text.ClockSetup
                0x00000174      0x114 .\CortexM3\ARM_GCC_541\Debug\cyfitter_cfg.o
 .text.AnalogSetDefault
                0x00000288       0x44 .\CortexM3\ARM_GCC_541\Debug\cyfitter_cfg.o
 .text.cyfitter_cfg
                0x000002cc      0x194 .\CortexM3\ARM_GCC_541\Debug\cyfitter_cfg.o
                0x000002cc                cyfitter_cfg
 .text.IntDefaultHandler
                0x00000460       0x14 .\CortexM3\ARM_GCC_541\Debug\Cm3Start.o
                0x00000460                IntDefaultHandler
 .text.Start_c  0x00000474       0x98 .\CortexM3\ARM_GCC_541\Debug\Cm3Start.o
                0x00000474                Start_c
 .text.initialize_psoc
                0x0000050c       0x90 .\CortexM3\ARM_GCC_541\Debug\Cm3Start.o
                0x0000050c                initialize_psoc
 .text.Bootloader_CalcPacketChecksum
                0x0000059c       0x40 .\CortexM3\ARM_GCC_541\Debug\P01B_485_Bootloader_Simple.a(Bootloader.o)
 .text.Bootloader_Calc8BitSum
                0x000005dc       0x54 .\CortexM3\ARM_GCC_541\Debug\P01B_485_Bootloader_Simple.a(Bootloader.o)
                0x000005dc                Bootloader_Calc8BitSum
 .text.Bootloader_Start
                0x00000630       0x9c .\CortexM3\ARM_GCC_541\Debug\P01B_485_Bootloader_Simple.a(Bootloader.o)
                0x00000630                Bootloader_Start
 .text.Bootloader_LaunchApplication
                0x000006cc       0x18 .\CortexM3\ARM_GCC_541\Debug\P01B_485_Bootloader_Simple.a(Bootloader.o)
 .text.CyBtldr_CheckLaunch
                0x000006e4       0x4c .\CortexM3\ARM_GCC_541\Debug\P01B_485_Bootloader_Simple.a(Bootloader.o)
                0x000006e4                CyBtldr_CheckLaunch
 .text.Bootloader_LaunchBootloadable
                0x00000730        0x4 .\CortexM3\ARM_GCC_541\Debug\P01B_485_Bootloader_Simple.a(Bootloader.o)
 .text.Bootloader_ValidateBootloadable
                0x00000734       0xec .\CortexM3\ARM_GCC_541\Debug\P01B_485_Bootloader_Simple.a(Bootloader.o)
                0x00000734                Bootloader_ValidateBootloadable
 .text.Bootloader_HostLink
                0x00000820      0x778 .\CortexM3\ARM_GCC_541\Debug\P01B_485_Bootloader_Simple.a(Bootloader.o)
 .text.Bootloader_WritePacket
                0x00000f98       0x90 .\CortexM3\ARM_GCC_541\Debug\P01B_485_Bootloader_Simple.a(Bootloader.o)
 .text.Bootloader_GetMetadata
                0x00001028      0x200 .\CortexM3\ARM_GCC_541\Debug\P01B_485_Bootloader_Simple.a(Bootloader.o)
                0x00001028                Bootloader_GetMetadata
 .text.PWM_Start
                0x00001228       0x24 .\CortexM3\ARM_GCC_541\Debug\P01B_485_Bootloader_Simple.a(PWM.o)
                0x00001228                PWM_Start
 .text.PWM_Init
                0x0000124c       0xbc .\CortexM3\ARM_GCC_541\Debug\P01B_485_Bootloader_Simple.a(PWM.o)
                0x0000124c                PWM_Init
 .text.PWM_Enable
                0x00001308       0x48 .\CortexM3\ARM_GCC_541\Debug\P01B_485_Bootloader_Simple.a(PWM.o)
                0x00001308                PWM_Enable
 .text.PWM_WritePeriod
                0x00001350       0x20 .\CortexM3\ARM_GCC_541\Debug\P01B_485_Bootloader_Simple.a(PWM.o)
                0x00001350                PWM_WritePeriod
 .text.PWM_WriteCompare
                0x00001370       0x20 .\CortexM3\ARM_GCC_541\Debug\P01B_485_Bootloader_Simple.a(PWM.o)
                0x00001370                PWM_WriteCompare
 .text.PWM_SetInterruptMode
                0x00001390       0x20 .\CortexM3\ARM_GCC_541\Debug\P01B_485_Bootloader_Simple.a(PWM.o)
                0x00001390                PWM_SetInterruptMode
 .text.CySetTempInt
                0x000013b0       0x7c .\CortexM3\ARM_GCC_541\Debug\P01B_485_Bootloader_Simple.a(CyFlash.o)
 .text.CyFlashGetSpcAlgorithm
                0x0000142c       0x70 .\CortexM3\ARM_GCC_541\Debug\P01B_485_Bootloader_Simple.a(CyFlash.o)
                0x0000142c                CyFlashGetSpcAlgorithm
 .text.CySetTemp
                0x0000149c       0x24 .\CortexM3\ARM_GCC_541\Debug\P01B_485_Bootloader_Simple.a(CyFlash.o)
                0x0000149c                CySetTemp
 .text.CyWriteRowFull
                0x000014c0      0x154 .\CortexM3\ARM_GCC_541\Debug\P01B_485_Bootloader_Simple.a(CyFlash.o)
                0x000014c0                CyWriteRowFull
 .text.CyEEPROM_Start
                0x00001614       0x8c .\CortexM3\ARM_GCC_541\Debug\P01B_485_Bootloader_Simple.a(CyFlash.o)
                0x00001614                CyEEPROM_Start
 .text.CyHalt   0x000016a0       0x18 .\CortexM3\ARM_GCC_541\Debug\P01B_485_Bootloader_Simple.a(CyLib.o)
                0x000016a0                CyHalt
 .text.CySoftwareReset
                0x000016b8       0x20 .\CortexM3\ARM_GCC_541\Debug\P01B_485_Bootloader_Simple.a(CyLib.o)
                0x000016b8                CySoftwareReset
 .text.CyDelay  0x000016d8       0x44 .\CortexM3\ARM_GCC_541\Debug\P01B_485_Bootloader_Simple.a(CyLib.o)
                0x000016d8                CyDelay
 .text.CyDelayUs
                0x0000171c       0x28 .\CortexM3\ARM_GCC_541\Debug\P01B_485_Bootloader_Simple.a(CyLib.o)
                0x0000171c                CyDelayUs
 .text.CyFlushCache
                0x00001744       0x5c .\CortexM3\ARM_GCC_541\Debug\P01B_485_Bootloader_Simple.a(CyLib.o)
                0x00001744                CyFlushCache
 .text.CyIntSetVector
                0x000017a0       0x50 .\CortexM3\ARM_GCC_541\Debug\P01B_485_Bootloader_Simple.a(CyLib.o)
                0x000017a0                CyIntSetVector
 .text.CyIntSetPriority
                0x000017f0       0x48 .\CortexM3\ARM_GCC_541\Debug\P01B_485_Bootloader_Simple.a(CyLib.o)
                0x000017f0                CyIntSetPriority
 .text.CySpcStart
                0x00001838       0x48 .\CortexM3\ARM_GCC_541\Debug\P01B_485_Bootloader_Simple.a(CySpc.o)
                0x00001838                CySpcStart
 .text.CySpcReadData
                0x00001880       0x54 .\CortexM3\ARM_GCC_541\Debug\P01B_485_Bootloader_Simple.a(CySpc.o)
                0x00001880                CySpcReadData
 .text.CySpcLoadRowFull
                0x000018d4       0xcc .\CortexM3\ARM_GCC_541\Debug\P01B_485_Bootloader_Simple.a(CySpc.o)
                0x000018d4                CySpcLoadRowFull
 .text.CySpcWriteRow
                0x000019a0       0x98 .\CortexM3\ARM_GCC_541\Debug\P01B_485_Bootloader_Simple.a(CySpc.o)
                0x000019a0                CySpcWriteRow
 .text.CySpcGetTemp
                0x00001a38       0x64 .\CortexM3\ARM_GCC_541\Debug\P01B_485_Bootloader_Simple.a(CySpc.o)
                0x00001a38                CySpcGetTemp
 .text.CySpcLock
                0x00001a9c       0x68 .\CortexM3\ARM_GCC_541\Debug\P01B_485_Bootloader_Simple.a(CySpc.o)
                0x00001a9c                CySpcLock
 .text.CySpcUnlock
                0x00001b04       0x50 .\CortexM3\ARM_GCC_541\Debug\P01B_485_Bootloader_Simple.a(CySpc.o)
                0x00001b04                CySpcUnlock
 .text.CySpcGetAlgorithm
                0x00001b54       0x44 .\CortexM3\ARM_GCC_541\Debug\P01B_485_Bootloader_Simple.a(CySpc.o)
                0x00001b54                CySpcGetAlgorithm
 .text          0x00001b98       0x20 .\CortexM3\ARM_GCC_541\Debug\P01B_485_Bootloader_Simple.a(CyBootAsmGnu.o)
                0x00001b98                CyDelayCycles
                0x00001ba8                CyEnterCriticalSection
                0x00001bb0                CyExitCriticalSection
 .text.Upstream_485_CyBtldrCommStart
                0x00001bb8       0x14 .\CortexM3\ARM_GCC_541\Debug\P01B_485_Bootloader_Simple.a(Upstream_485_BOOT.o)
                0x00001bb8                Upstream_485_CyBtldrCommStart
 .text.Upstream_485_CyBtldrCommStop
                0x00001bcc        0xc .\CortexM3\ARM_GCC_541\Debug\P01B_485_Bootloader_Simple.a(Upstream_485_BOOT.o)
                0x00001bcc                Upstream_485_CyBtldrCommStop
 .text.Upstream_485_CyBtldrCommWrite
                0x00001bd8       0x4c .\CortexM3\ARM_GCC_541\Debug\P01B_485_Bootloader_Simple.a(Upstream_485_BOOT.o)
                0x00001bd8                Upstream_485_CyBtldrCommWrite
 .text.Upstream_485_CyBtldrCommRead
                0x00001c24       0xf4 .\CortexM3\ARM_GCC_541\Debug\P01B_485_Bootloader_Simple.a(Upstream_485_BOOT.o)
                0x00001c24                Upstream_485_CyBtldrCommRead
 .text.Upstream_485_Start
                0x00001d18       0x24 .\CortexM3\ARM_GCC_541\Debug\P01B_485_Bootloader_Simple.a(Upstream_485.o)
                0x00001d18                Upstream_485_Start
 .text.Upstream_485_Init
                0x00001d3c       0x6c .\CortexM3\ARM_GCC_541\Debug\P01B_485_Bootloader_Simple.a(Upstream_485.o)
                0x00001d3c                Upstream_485_Init
 .text.Upstream_485_Enable
                0x00001da8       0x78 .\CortexM3\ARM_GCC_541\Debug\P01B_485_Bootloader_Simple.a(Upstream_485.o)
                0x00001da8                Upstream_485_Enable
 .text.Upstream_485_Stop
                0x00001e20       0x70 .\CortexM3\ARM_GCC_541\Debug\P01B_485_Bootloader_Simple.a(Upstream_485.o)
                0x00001e20                Upstream_485_Stop
 .text.Upstream_485_ReadRxData
                0x00001e90       0x90 .\CortexM3\ARM_GCC_541\Debug\P01B_485_Bootloader_Simple.a(Upstream_485.o)
                0x00001e90                Upstream_485_ReadRxData
 .text.Upstream_485_GetRxBufferSize
                0x00001f20       0x90 .\CortexM3\ARM_GCC_541\Debug\P01B_485_Bootloader_Simple.a(Upstream_485.o)
                0x00001f20                Upstream_485_GetRxBufferSize
 .text.Upstream_485_ClearRxBuffer
                0x00001fb0       0x80 .\CortexM3\ARM_GCC_541\Debug\P01B_485_Bootloader_Simple.a(Upstream_485.o)
                0x00001fb0                Upstream_485_ClearRxBuffer
 .text.Upstream_485_PutChar
                0x00002030       0xb8 .\CortexM3\ARM_GCC_541\Debug\P01B_485_Bootloader_Simple.a(Upstream_485.o)
                0x00002030                Upstream_485_PutChar
 .text.Upstream_485_ClearTxBuffer
                0x000020e8       0x6c .\CortexM3\ARM_GCC_541\Debug\P01B_485_Bootloader_Simple.a(Upstream_485.o)
                0x000020e8                Upstream_485_ClearTxBuffer
 .text.Upstream_485_RXISR
                0x00002154       0xdc .\CortexM3\ARM_GCC_541\Debug\P01B_485_Bootloader_Simple.a(Upstream_485_INT.o)
                0x00002154                Upstream_485_RXISR
 .text.Upstream_485_TXISR
                0x00002230       0x70 .\CortexM3\ARM_GCC_541\Debug\P01B_485_Bootloader_Simple.a(Upstream_485_INT.o)
                0x00002230                Upstream_485_TXISR
 .text.Upstream_485_IntClock_Start
                0x000022a0       0x34 .\CortexM3\ARM_GCC_541\Debug\P01B_485_Bootloader_Simple.a(Upstream_485_IntClock.o)
                0x000022a0                Upstream_485_IntClock_Start
 .text.Upstream_485_IntClock_Stop
                0x000022d4       0x34 .\CortexM3\ARM_GCC_541\Debug\P01B_485_Bootloader_Simple.a(Upstream_485_IntClock.o)
                0x000022d4                Upstream_485_IntClock_Stop
 .text.__errno  0x00002308        0xc c:/program files (x86)/cypress/psoc creator/4.2/psoc creator/import/gnu/arm/5.4.1/bin/../lib/gcc/arm-none-eabi/5.4.1/../../../../arm-none-eabi/lib/armv7-m\libg_nano.a(lib_a-errno.o)
                0x00002308                __errno
 .text.__libc_init_array
                0x00002314       0x4c c:/program files (x86)/cypress/psoc creator/4.2/psoc creator/import/gnu/arm/5.4.1/bin/../lib/gcc/arm-none-eabi/5.4.1/../../../../arm-none-eabi/lib/armv7-m\libg_nano.a(lib_a-init.o)
                0x00002314                __libc_init_array
 .text.memcpy   0x00002360       0x16 c:/program files (x86)/cypress/psoc creator/4.2/psoc creator/import/gnu/arm/5.4.1/bin/../lib/gcc/arm-none-eabi/5.4.1/../../../../arm-none-eabi/lib/armv7-m\libg_nano.a(lib_a-memcpy-stub.o)
                0x00002360                memcpy
 .text.memset   0x00002376       0x10 c:/program files (x86)/cypress/psoc creator/4.2/psoc creator/import/gnu/arm/5.4.1/bin/../lib/gcc/arm-none-eabi/5.4.1/../../../../arm-none-eabi/lib/armv7-m\libg_nano.a(lib_a-memset.o)
                0x00002376                memset
 *(.plt)
 *(.gnu.warning)
 *(.glue_7t)
 .glue_7t       0x00002386        0x0 linker stubs
 *(.glue_7)
 .glue_7        0x00002386        0x0 linker stubs
 *(.vfp11_veneer)
 .vfp11_veneer  0x00002386        0x0 linker stubs
 *(.bootloader)
 *fill*         0x00002386        0x2 
 .bootloader    0x00002388        0x8 .\CortexM3\ARM_GCC_541\Debug\P01B_485_Bootloader_Simple.a(Bootloader.o)
                0x00002388                Bootloader_Checksum
                0x0000238c                Bootloader_SizeBytes
 *(.ARM.extab* .gnu.linkonce.armextab.*)
 *(.gcc_except_table)

.v4_bx          0x00002390        0x0
 .v4_bx         0x00002390        0x0 linker stubs

.iplt           0x00002390        0x0
 .iplt          0x00002390        0x0 c:/program files (x86)/cypress/psoc creator/4.2/psoc creator/import/gnu/arm/5.4.1/bin/../lib/gcc/arm-none-eabi/5.4.1/armv7-m/crtbegin.o

.eh_frame_hdr
 *(.eh_frame_hdr)

.eh_frame       0x00002390        0x4
 *(.eh_frame)
 .eh_frame      0x00002390        0x0 c:/program files (x86)/cypress/psoc creator/4.2/psoc creator/import/gnu/arm/5.4.1/bin/../lib/gcc/arm-none-eabi/5.4.1/armv7-m/crtbegin.o
 .eh_frame      0x00002390        0x4 c:/program files (x86)/cypress/psoc creator/4.2/psoc creator/import/gnu/arm/5.4.1/bin/../lib/gcc/arm-none-eabi/5.4.1/armv7-m/crtend.o
                [!provide]                PROVIDE (__exidx_start, .)

.ARM.exidx
 *(.ARM.exidx* .gnu.linkonce.armexidx.*)
                0x00002394                __exidx_end = .

.rodata         0x00002394      0x434
 *(.rodata .rodata.* .gnu.linkonce.r.*)
 .rodata        0x00002394      0x3f0 .\CortexM3\ARM_GCC_541\Debug\cyfitter_cfg.o
 .rodata        0x00002784        0x8 .\CortexM3\ARM_GCC_541\Debug\P01B_485_Bootloader_Simple.a(Bootloader.o)
 .rodata.str1.1
                0x0000278c        0x2 c:/program files (x86)/cypress/psoc creator/4.2/psoc creator/import/gnu/arm/5.4.1/bin/../lib/gcc/arm-none-eabi/5.4.1/../../../../arm-none-eabi/lib/armv7-m\libg_nano.a(lib_a-impure.o)
                0x00002790                . = ALIGN (0x4)
 *fill*         0x0000278e        0x2 
 *(.init)
 .init          0x00002790        0x4 c:/program files (x86)/cypress/psoc creator/4.2/psoc creator/import/gnu/arm/5.4.1/bin/../lib/gcc/arm-none-eabi/5.4.1/armv7-m/crti.o
                0x00002790                _init
 .init          0x00002794        0x8 c:/program files (x86)/cypress/psoc creator/4.2/psoc creator/import/gnu/arm/5.4.1/bin/../lib/gcc/arm-none-eabi/5.4.1/armv7-m/crtn.o
                0x0000279c                . = ALIGN (0x4)
                0x0000279c                __preinit_array_start = .
 *(.preinit_array)
                0x0000279c                __preinit_array_end = .
                0x0000279c                . = ALIGN (0x4)
                0x0000279c                __init_array_start = .
 *(SORT(.init_array.*))
 *(.init_array)
 .init_array    0x0000279c        0x4 c:/program files (x86)/cypress/psoc creator/4.2/psoc creator/import/gnu/arm/5.4.1/bin/../lib/gcc/arm-none-eabi/5.4.1/armv7-m/crtbegin.o
 .init_array    0x000027a0        0x4 .\CortexM3\ARM_GCC_541\Debug\Cm3Start.o
                0x000027a4                __init_array_end = .
                0x000027a4                . = ALIGN (0x4)
 *(.fini)
 .fini          0x000027a4        0x4 c:/program files (x86)/cypress/psoc creator/4.2/psoc creator/import/gnu/arm/5.4.1/bin/../lib/gcc/arm-none-eabi/5.4.1/armv7-m/crti.o
                0x000027a4                _fini
 .fini          0x000027a8        0x8 c:/program files (x86)/cypress/psoc creator/4.2/psoc creator/import/gnu/arm/5.4.1/bin/../lib/gcc/arm-none-eabi/5.4.1/armv7-m/crtn.o
                0x000027b0                . = ALIGN (0x4)
                0x000027b0                __fini_array_start = .
 *(.fini_array)
 .fini_array    0x000027b0        0x4 c:/program files (x86)/cypress/psoc creator/4.2/psoc creator/import/gnu/arm/5.4.1/bin/../lib/gcc/arm-none-eabi/5.4.1/armv7-m/crtbegin.o
 *(SORT(.fini_array.*))
                0x000027b4                __fini_array_end = .
                0x000027b4                . = ALIGN (0x4)
 *crtbegin.o(.ctors)
 *(EXCLUDE_FILE(*crtend.o) .ctors)
 *(SORT(.ctors.*))
 *crtend.o(.ctors)
                0x000027b4                . = ALIGN (0x4)
 *crtbegin.o(.dtors)
 *(EXCLUDE_FILE(*crtend.o) .dtors)
 *(SORT(.dtors.*))
 *crtend.o(.dtors)
                0x000027b4                . = ALIGN (0x4)
                0x000027b4                __cy_regions = .
                0x000027b4        0x4 LONG 0x27c8 __cy_region_init_ram
                0x000027b8        0x4 LONG 0x1fff80c8 __cy_region_start_data
                0x000027bc        0x4 LONG 0x80 __cy_region_init_size_ram
                0x000027c0        0x4 LONG 0x140 __cy_region_zero_size_ram
                0x000027c4                __cy_regions_end = .
                0x000027c8                . = ALIGN (0x8)
 *fill*         0x000027c4        0x4 
                0x000027c8                _etext = .

.cy_checksum_exclude
                0x000027c8        0x0
 *(.cy_checksum_exclude)

.ramvectors     0x1fff8000       0xc0
                0x1fff8000                __cy_region_start_ram = .
 *(.ramvectors)
 .ramvectors    0x1fff8000       0xc0 .\CortexM3\ARM_GCC_541\Debug\Cm3Start.o
                0x1fff8000                CyRamVectors

.noinit         0x1fff80c0        0x5
 *(.noinit)
 .noinit        0x1fff80c0        0x4 .\CortexM3\ARM_GCC_541\Debug\Cm3Start.o
 .noinit        0x1fff80c4        0x1 .\CortexM3\ARM_GCC_541\Debug\P01B_485_Bootloader_Simple.a(CyLib.o)
                0x1fff80c4                CyResetStatus

.data           0x1fff80c8       0x80 load address 0x000027c8
                0x1fff80c8                __cy_region_start_data = .
 *(.jcr)
 .jcr           0x1fff80c8        0x0 c:/program files (x86)/cypress/psoc creator/4.2/psoc creator/import/gnu/arm/5.4.1/bin/../lib/gcc/arm-none-eabi/5.4.1/armv7-m/crtbegin.o
 .jcr           0x1fff80c8        0x4 c:/program files (x86)/cypress/psoc creator/4.2/psoc creator/import/gnu/arm/5.4.1/bin/../lib/gcc/arm-none-eabi/5.4.1/armv7-m/crtend.o
 *(.got.plt)
 *(.got)
 *(.shdata)
 *(.data .data.* .gnu.linkonce.d.*)
 .data          0x1fff80cc        0x8 .\CortexM3\ARM_GCC_541\Debug\P01B_485_Bootloader_Simple.a(Bootloader.o)
                0x1fff80cc                Bootloader_ChecksumAccess
                0x1fff80d0                Bootloader_SizeBytesAccess
 .data          0x1fff80d4       0x10 .\CortexM3\ARM_GCC_541\Debug\P01B_485_Bootloader_Simple.a(CyLib.o)
                0x1fff80d4                cydelay_freq_hz
                0x1fff80d8                cydelay_freq_khz
                0x1fff80dc                cydelay_freq_mhz
                0x1fff80e0                cydelay_32k_ms
 .data.impure_data
                0x1fff80e4       0x60 c:/program files (x86)/cypress/psoc creator/4.2/psoc creator/import/gnu/arm/5.4.1/bin/../lib/gcc/arm-none-eabi/5.4.1/../../../../arm-none-eabi/lib/armv7-m\libg_nano.a(lib_a-impure.o)
 .data._impure_ptr
                0x1fff8144        0x4 c:/program files (x86)/cypress/psoc creator/4.2/psoc creator/import/gnu/arm/5.4.1/bin/../lib/gcc/arm-none-eabi/5.4.1/../../../../arm-none-eabi/lib/armv7-m\libg_nano.a(lib_a-impure.o)
                0x1fff8144                _impure_ptr
                0x1fff8148                . = ALIGN (0x8)
 *(.ram)
                0x1fff8148                _edata = .

.igot.plt       0x1fff8148        0x0 load address 0x00002848
 .igot.plt      0x1fff8148        0x0 c:/program files (x86)/cypress/psoc creator/4.2/psoc creator/import/gnu/arm/5.4.1/bin/../lib/gcc/arm-none-eabi/5.4.1/armv7-m/crtbegin.o

.bss            0x1fff8148      0x140 load address 0x00002848
                0x1fff8148                PROVIDE (__bss_start__, .)
 *(.shbss)
 *(.bss .bss.* .gnu.linkonce.b.*)
 .bss           0x1fff8148       0x1c c:/program files (x86)/cypress/psoc creator/4.2/psoc creator/import/gnu/arm/5.4.1/bin/../lib/gcc/arm-none-eabi/5.4.1/armv7-m/crtbegin.o
 .bss           0x1fff8164        0x4 .\CortexM3\ARM_GCC_541\Debug\P01B_485_Bootloader_Simple.a(Bootloader.o)
 .bss           0x1fff8168        0x1 .\CortexM3\ARM_GCC_541\Debug\P01B_485_Bootloader_Simple.a(PWM.o)
                0x1fff8168                PWM_initVar
 *fill*         0x1fff8169        0x3 
 .bss           0x1fff816c        0x8 .\CortexM3\ARM_GCC_541\Debug\P01B_485_Bootloader_Simple.a(CySpc.o)
                0x1fff816c                SpcLockState
 .bss           0x1fff8174        0x9 .\CortexM3\ARM_GCC_541\Debug\P01B_485_Bootloader_Simple.a(Upstream_485.o)
                0x1fff8174                Upstream_485_initVar
                0x1fff8175                Upstream_485_txBufferRead
                0x1fff8176                Upstream_485_txBufferWrite
                0x1fff8177                Upstream_485_errorStatus
                0x1fff8178                Upstream_485_rxBufferRead
                0x1fff8179                Upstream_485_rxBufferWrite
                0x1fff817a                Upstream_485_rxBufferLoopDetect
                0x1fff817b                Upstream_485_rxBufferOverflow
 *(COMMON)
 *fill*         0x1fff817d        0x3 
 COMMON         0x1fff8180        0x2 .\CortexM3\ARM_GCC_541\Debug\P01B_485_Bootloader_Simple.a(CyFlash.o)
                0x1fff8180                dieTemperature
 *fill*         0x1fff8182        0x2 
 COMMON         0x1fff8184      0x100 .\CortexM3\ARM_GCC_541\Debug\P01B_485_Bootloader_Simple.a(Upstream_485.o)
                0x1fff8184                Upstream_485_txBuffer
                0x1fff8204                Upstream_485_rxBuffer
                0x1fff8288                . = ALIGN (0x8)
 *fill*         0x1fff8284        0x4 
 *(.ram.b)
                0x1fff8288                _end = .
                0x1fff8288                __end = .
                0x1fff8288                PROVIDE (end, .)
                0x1fff8288                PROVIDE (__bss_end__, .)
                0x000027c8                __cy_region_init_ram = LOADADDR (.data)
                0x00000080                __cy_region_init_size_ram = (_edata - ADDR (.data))
                0x00000140                __cy_region_zero_size_ram = (_end - _edata)

.heap           0x1fff8288       0x80 load address 0x00002848
                0x1fff8288                . = _end
                0x1fff8308                . = (. + 0x80)
 *fill*         0x1fff8288       0x80 
                0x1fff8308                __cy_heap_limit = .

.stack          0x20007800      0x800
                0x20007800                __cy_stack_limit = .
                0x20008000                . = (. + 0x800)
 *fill*         0x20007800      0x800 
                0x00000001                ASSERT ((__cy_stack_limit >= __cy_heap_limit), region RAM overflowed with stack)
                0x00000000                cy_checksum_exclude_size = (CY_APPL_LOADABLE == 0x1)?SIZEOF (.cy_checksum_exclude):0x0
                0x00000001                ASSERT ((cy_checksum_exclude_size <= CY_CHECKSUM_EXCLUDE_SIZE), CY_BOOT: Section .cy_checksum_exclude size exceedes specified limit.)

.cyloadermeta   0x0003ffc0       0x40
 *(.cyloadermeta)
 .cyloadermeta  0x0003ffc0       0x40 .\CortexM3\ARM_GCC_541\Debug\cymetadata.o
                0x0003ffc0                cy_meta_loader

.cyloadablemeta
 *(.cyloadablemeta)

.cyconfigecc    0x80000000        0x1
 *(.cyconfigecc)
 .cyconfigecc   0x80000000        0x1 .\CortexM3\ARM_GCC_541\Debug\cymetadata.o
                0x80000000                cy_meta_configecc

.cycustnvl      0x90000000        0x4
 *(.cycustnvl)
 .cycustnvl     0x90000000        0x4 .\CortexM3\ARM_GCC_541\Debug\cymetadata.o
                0x90000000                cy_meta_custnvl

.cywolatch      0x90100000        0x4
 *(.cywolatch)
 .cywolatch     0x90100000        0x4 .\CortexM3\ARM_GCC_541\Debug\cymetadata.o
                0x90100000                cy_meta_wonvl

.cyeeprom       0x90200000        0x0
 *(.cyeeprom)
                0x00000001                ASSERT ((. <= ((0x90200000 + ee_offset) + ee_size)), .cyeeprom data will not fit in EEPROM)

.cyflashprotect
                0x90400000      0x100
 *(.cyflashprotect)
 .cyflashprotect
                0x90400000      0x100 .\CortexM3\ARM_GCC_541\Debug\cymetadata.o
                0x90400000                cy_meta_flashprotect

.cymeta         0x90500000        0xc
 *(.cymeta)
 .cymeta        0x90500000        0xc .\CortexM3\ARM_GCC_541\Debug\cymetadata.o
                0x90500000                cy_metadata

.rel.dyn        0x00002848        0x0 load address 0x9050000c
 .rel.iplt      0x00002848        0x0 c:/program files (x86)/cypress/psoc creator/4.2/psoc creator/import/gnu/arm/5.4.1/bin/../lib/gcc/arm-none-eabi/5.4.1/armv7-m/crtbegin.o

.stab
 *(.stab)

.stabstr
 *(.stabstr)

.debug
 *(.debug)

.line
 *(.line)

.debug_srcinfo
 *(.debug_srcinfo)

.debug_sfnames
 *(.debug_sfnames)

.debug_aranges  0x00000000      0x800
 *(.debug_aranges)
 .debug_aranges
                0x00000000       0x20 .\CortexM3\ARM_GCC_541\Debug\main.o
 .debug_aranges
                0x00000020       0x60 .\CortexM3\ARM_GCC_541\Debug\cyfitter_cfg.o
 .debug_aranges
                0x00000080       0x18 .\CortexM3\ARM_GCC_541\Debug\cymetadata.o
 .debug_aranges
                0x00000098       0x48 .\CortexM3\ARM_GCC_541\Debug\Cm3Start.o
 .debug_aranges
                0x000000e0       0x80 .\CortexM3\ARM_GCC_541\Debug\P01B_485_Bootloader_Simple.a(Bootloader.o)
 .debug_aranges
                0x00000160       0x78 .\CortexM3\ARM_GCC_541\Debug\P01B_485_Bootloader_Simple.a(PWM.o)
 .debug_aranges
                0x000001d8       0x88 .\CortexM3\ARM_GCC_541\Debug\P01B_485_Bootloader_Simple.a(CyFlash.o)
 .debug_aranges
                0x00000260      0x2a0 .\CortexM3\ARM_GCC_541\Debug\P01B_485_Bootloader_Simple.a(CyLib.o)
 .debug_aranges
                0x00000500       0x98 .\CortexM3\ARM_GCC_541\Debug\P01B_485_Bootloader_Simple.a(cyPm.o)
 .debug_aranges
                0x00000598       0x80 .\CortexM3\ARM_GCC_541\Debug\P01B_485_Bootloader_Simple.a(CySpc.o)
 .debug_aranges
                0x00000618       0x20 .\CortexM3\ARM_GCC_541\Debug\P01B_485_Bootloader_Simple.a(CyBootAsmGnu.o)
 .debug_aranges
                0x00000638       0x40 .\CortexM3\ARM_GCC_541\Debug\P01B_485_Bootloader_Simple.a(Upstream_485_BOOT.o)
 .debug_aranges
                0x00000678       0xf0 .\CortexM3\ARM_GCC_541\Debug\P01B_485_Bootloader_Simple.a(Upstream_485.o)
 .debug_aranges
                0x00000768       0x28 .\CortexM3\ARM_GCC_541\Debug\P01B_485_Bootloader_Simple.a(Upstream_485_INT.o)
 .debug_aranges
                0x00000790       0x70 .\CortexM3\ARM_GCC_541\Debug\P01B_485_Bootloader_Simple.a(Upstream_485_IntClock.o)

.debug_pubnames
 *(.debug_pubnames)

.debug_info     0x00000000     0x3db2
 *(.debug_info .gnu.linkonce.wi.*)
 .debug_info    0x00000000       0xcb .\CortexM3\ARM_GCC_541\Debug\main.o
 .debug_info    0x000000cb      0x54d .\CortexM3\ARM_GCC_541\Debug\cyfitter_cfg.o
 .debug_info    0x00000618      0x15a .\CortexM3\ARM_GCC_541\Debug\cymetadata.o
 .debug_info    0x00000772      0x32b .\CortexM3\ARM_GCC_541\Debug\Cm3Start.o
 .debug_info    0x00000a9d      0x7cf .\CortexM3\ARM_GCC_541\Debug\P01B_485_Bootloader_Simple.a(Bootloader.o)
 .debug_info    0x0000126c      0x235 .\CortexM3\ARM_GCC_541\Debug\P01B_485_Bootloader_Simple.a(PWM.o)
 .debug_info    0x000014a1      0x3b9 .\CortexM3\ARM_GCC_541\Debug\P01B_485_Bootloader_Simple.a(CyFlash.o)
 .debug_info    0x0000185a      0xe51 .\CortexM3\ARM_GCC_541\Debug\P01B_485_Bootloader_Simple.a(CyLib.o)
 .debug_info    0x000026ab      0x57a .\CortexM3\ARM_GCC_541\Debug\P01B_485_Bootloader_Simple.a(cyPm.o)
 .debug_info    0x00002c25      0x4c0 .\CortexM3\ARM_GCC_541\Debug\P01B_485_Bootloader_Simple.a(CySpc.o)
 .debug_info    0x000030e5       0xb0 .\CortexM3\ARM_GCC_541\Debug\P01B_485_Bootloader_Simple.a(CyBootAsmGnu.o)
 .debug_info    0x00003195      0x1f5 .\CortexM3\ARM_GCC_541\Debug\P01B_485_Bootloader_Simple.a(Upstream_485_BOOT.o)
 .debug_info    0x0000338a      0x648 .\CortexM3\ARM_GCC_541\Debug\P01B_485_Bootloader_Simple.a(Upstream_485.o)
 .debug_info    0x000039d2      0x183 .\CortexM3\ARM_GCC_541\Debug\P01B_485_Bootloader_Simple.a(Upstream_485_INT.o)
 .debug_info    0x00003b55      0x25d .\CortexM3\ARM_GCC_541\Debug\P01B_485_Bootloader_Simple.a(Upstream_485_IntClock.o)

.debug_abbrev   0x00000000     0x115a
 *(.debug_abbrev)
 .debug_abbrev  0x00000000       0x67 .\CortexM3\ARM_GCC_541\Debug\main.o
 .debug_abbrev  0x00000067      0x1c2 .\CortexM3\ARM_GCC_541\Debug\cyfitter_cfg.o
 .debug_abbrev  0x00000229       0x5d .\CortexM3\ARM_GCC_541\Debug\cymetadata.o
 .debug_abbrev  0x00000286      0x1d6 .\CortexM3\ARM_GCC_541\Debug\Cm3Start.o
 .debug_abbrev  0x0000045c      0x1ee .\CortexM3\ARM_GCC_541\Debug\P01B_485_Bootloader_Simple.a(Bootloader.o)
 .debug_abbrev  0x0000064a      0x116 .\CortexM3\ARM_GCC_541\Debug\P01B_485_Bootloader_Simple.a(PWM.o)
 .debug_abbrev  0x00000760      0x14b .\CortexM3\ARM_GCC_541\Debug\P01B_485_Bootloader_Simple.a(CyFlash.o)
 .debug_abbrev  0x000008ab      0x217 .\CortexM3\ARM_GCC_541\Debug\P01B_485_Bootloader_Simple.a(CyLib.o)
 .debug_abbrev  0x00000ac2      0x161 .\CortexM3\ARM_GCC_541\Debug\P01B_485_Bootloader_Simple.a(cyPm.o)
 .debug_abbrev  0x00000c23      0x16c .\CortexM3\ARM_GCC_541\Debug\P01B_485_Bootloader_Simple.a(CySpc.o)
 .debug_abbrev  0x00000d8f       0x14 .\CortexM3\ARM_GCC_541\Debug\P01B_485_Bootloader_Simple.a(CyBootAsmGnu.o)
 .debug_abbrev  0x00000da3       0x99 .\CortexM3\ARM_GCC_541\Debug\P01B_485_Bootloader_Simple.a(Upstream_485_BOOT.o)
 .debug_abbrev  0x00000e3c      0x15f .\CortexM3\ARM_GCC_541\Debug\P01B_485_Bootloader_Simple.a(Upstream_485.o)
 .debug_abbrev  0x00000f9b       0xa2 .\CortexM3\ARM_GCC_541\Debug\P01B_485_Bootloader_Simple.a(Upstream_485_INT.o)
 .debug_abbrev  0x0000103d      0x11d .\CortexM3\ARM_GCC_541\Debug\P01B_485_Bootloader_Simple.a(Upstream_485_IntClock.o)

.debug_line     0x00000000     0x2508
 *(.debug_line)
 .debug_line    0x00000000      0x160 .\CortexM3\ARM_GCC_541\Debug\main.o
 .debug_line    0x00000160      0x21e .\CortexM3\ARM_GCC_541\Debug\cyfitter_cfg.o
 .debug_line    0x0000037e      0x141 .\CortexM3\ARM_GCC_541\Debug\cymetadata.o
 .debug_line    0x000004bf      0x1dd .\CortexM3\ARM_GCC_541\Debug\Cm3Start.o
 .debug_line    0x0000069c      0x58a .\CortexM3\ARM_GCC_541\Debug\P01B_485_Bootloader_Simple.a(Bootloader.o)
 .debug_line    0x00000c26      0x13e .\CortexM3\ARM_GCC_541\Debug\P01B_485_Bootloader_Simple.a(PWM.o)
 .debug_line    0x00000d64      0x22f .\CortexM3\ARM_GCC_541\Debug\P01B_485_Bootloader_Simple.a(CyFlash.o)
 .debug_line    0x00000f93      0x883 .\CortexM3\ARM_GCC_541\Debug\P01B_485_Bootloader_Simple.a(CyLib.o)
 .debug_line    0x00001816      0x38e .\CortexM3\ARM_GCC_541\Debug\P01B_485_Bootloader_Simple.a(cyPm.o)
 .debug_line    0x00001ba4      0x231 .\CortexM3\ARM_GCC_541\Debug\P01B_485_Bootloader_Simple.a(CySpc.o)
 .debug_line    0x00001dd5       0x66 .\CortexM3\ARM_GCC_541\Debug\P01B_485_Bootloader_Simple.a(CyBootAsmGnu.o)
 .debug_line    0x00001e3b      0x10e .\CortexM3\ARM_GCC_541\Debug\P01B_485_Bootloader_Simple.a(Upstream_485_BOOT.o)
 .debug_line    0x00001f49      0x34e .\CortexM3\ARM_GCC_541\Debug\P01B_485_Bootloader_Simple.a(Upstream_485.o)
 .debug_line    0x00002297       0xbd .\CortexM3\ARM_GCC_541\Debug\P01B_485_Bootloader_Simple.a(Upstream_485_INT.o)
 .debug_line    0x00002354      0x1b4 .\CortexM3\ARM_GCC_541\Debug\P01B_485_Bootloader_Simple.a(Upstream_485_IntClock.o)

.debug_frame    0x00000000     0x2084
 *(.debug_frame)
 .debug_frame   0x00000000       0x2c .\CortexM3\ARM_GCC_541\Debug\main.o
 .debug_frame   0x0000002c      0x16c .\CortexM3\ARM_GCC_541\Debug\cyfitter_cfg.o
 .debug_frame   0x00000198       0xd8 .\CortexM3\ARM_GCC_541\Debug\Cm3Start.o
 .debug_frame   0x00000270      0x1f8 .\CortexM3\ARM_GCC_541\Debug\P01B_485_Bootloader_Simple.a(Bootloader.o)
 .debug_frame   0x00000468      0x1d0 .\CortexM3\ARM_GCC_541\Debug\P01B_485_Bootloader_Simple.a(PWM.o)
 .debug_frame   0x00000638      0x238 .\CortexM3\ARM_GCC_541\Debug\P01B_485_Bootloader_Simple.a(CyFlash.o)
 .debug_frame   0x00000870      0xc0c .\CortexM3\ARM_GCC_541\Debug\P01B_485_Bootloader_Simple.a(CyLib.o)
 .debug_frame   0x0000147c      0x234 .\CortexM3\ARM_GCC_541\Debug\P01B_485_Bootloader_Simple.a(cyPm.o)
 .debug_frame   0x000016b0      0x228 .\CortexM3\ARM_GCC_541\Debug\P01B_485_Bootloader_Simple.a(CySpc.o)
 .debug_frame   0x000018d8       0xb8 .\CortexM3\ARM_GCC_541\Debug\P01B_485_Bootloader_Simple.a(Upstream_485_BOOT.o)
 .debug_frame   0x00001990      0x428 .\CortexM3\ARM_GCC_541\Debug\P01B_485_Bootloader_Simple.a(Upstream_485.o)
 .debug_frame   0x00001db8       0x5c .\CortexM3\ARM_GCC_541\Debug\P01B_485_Bootloader_Simple.a(Upstream_485_INT.o)
 .debug_frame   0x00001e14      0x1b4 .\CortexM3\ARM_GCC_541\Debug\P01B_485_Bootloader_Simple.a(Upstream_485_IntClock.o)
 .debug_frame   0x00001fc8       0x20 c:/program files (x86)/cypress/psoc creator/4.2/psoc creator/import/gnu/arm/5.4.1/bin/../lib/gcc/arm-none-eabi/5.4.1/../../../../arm-none-eabi/lib/armv7-m\libg_nano.a(lib_a-errno.o)
 .debug_frame   0x00001fe8       0x28 c:/program files (x86)/cypress/psoc creator/4.2/psoc creator/import/gnu/arm/5.4.1/bin/../lib/gcc/arm-none-eabi/5.4.1/../../../../arm-none-eabi/lib/armv7-m\libg_nano.a(lib_a-exit.o)
 .debug_frame   0x00002010       0x2c c:/program files (x86)/cypress/psoc creator/4.2/psoc creator/import/gnu/arm/5.4.1/bin/../lib/gcc/arm-none-eabi/5.4.1/../../../../arm-none-eabi/lib/armv7-m\libg_nano.a(lib_a-init.o)
 .debug_frame   0x0000203c       0x28 c:/program files (x86)/cypress/psoc creator/4.2/psoc creator/import/gnu/arm/5.4.1/bin/../lib/gcc/arm-none-eabi/5.4.1/../../../../arm-none-eabi/lib/armv7-m\libg_nano.a(lib_a-memcpy-stub.o)
 .debug_frame   0x00002064       0x20 c:/program files (x86)/cypress/psoc creator/4.2/psoc creator/import/gnu/arm/5.4.1/bin/../lib/gcc/arm-none-eabi/5.4.1/../../../../arm-none-eabi/lib/armv7-m\libg_nano.a(lib_a-memset.o)

.debug_str      0x00000000     0x2085
 *(.debug_str)
 .debug_str     0x00000000      0x17e .\CortexM3\ARM_GCC_541\Debug\main.o
                                0x1c6 (size before relaxing)
 .debug_str     0x0000017e      0x21a .\CortexM3\ARM_GCC_541\Debug\cyfitter_cfg.o
                                0x3d8 (size before relaxing)
 .debug_str     0x00000398       0x8e .\CortexM3\ARM_GCC_541\Debug\cymetadata.o
                                0x213 (size before relaxing)
 .debug_str     0x00000426      0x123 .\CortexM3\ARM_GCC_541\Debug\Cm3Start.o
                                0x2f7 (size before relaxing)
 .debug_str     0x00000549      0x437 .\CortexM3\ARM_GCC_541\Debug\P01B_485_Bootloader_Simple.a(Bootloader.o)
                                0x62d (size before relaxing)
 .debug_str     0x00000980      0x117 .\CortexM3\ARM_GCC_541\Debug\P01B_485_Bootloader_Simple.a(PWM.o)
                                0x2d1 (size before relaxing)
 .debug_str     0x00000a97      0x153 .\CortexM3\ARM_GCC_541\Debug\P01B_485_Bootloader_Simple.a(CyFlash.o)
                                0x327 (size before relaxing)
 .debug_str     0x00000bea      0x7ef .\CortexM3\ARM_GCC_541\Debug\P01B_485_Bootloader_Simple.a(CyLib.o)
                                0xa0a (size before relaxing)
 .debug_str     0x000013d9      0x371 .\CortexM3\ARM_GCC_541\Debug\P01B_485_Bootloader_Simple.a(cyPm.o)
                                0x563 (size before relaxing)
 .debug_str     0x0000174a      0x12d .\CortexM3\ARM_GCC_541\Debug\P01B_485_Bootloader_Simple.a(CySpc.o)
                                0x321 (size before relaxing)
 .debug_str     0x00001877       0xf9 .\CortexM3\ARM_GCC_541\Debug\P01B_485_Bootloader_Simple.a(Upstream_485_BOOT.o)
                                0x2c4 (size before relaxing)
 .debug_str     0x00001970      0x495 .\CortexM3\ARM_GCC_541\Debug\P01B_485_Bootloader_Simple.a(Upstream_485.o)
                                0x674 (size before relaxing)
 .debug_str     0x00001e05       0x76 .\CortexM3\ARM_GCC_541\Debug\P01B_485_Bootloader_Simple.a(Upstream_485_INT.o)
                                0x309 (size before relaxing)
 .debug_str     0x00001e7b      0x20a .\CortexM3\ARM_GCC_541\Debug\P01B_485_Bootloader_Simple.a(Upstream_485_IntClock.o)
                                0x3b6 (size before relaxing)

.debug_loc
 *(.debug_loc)

.debug_macinfo
 *(.debug_macinfo)

.debug_ranges   0x00000000      0x758
 *(.debug_ranges)
 .debug_ranges  0x00000000       0x10 .\CortexM3\ARM_GCC_541\Debug\main.o
 .debug_ranges  0x00000010       0x50 .\CortexM3\ARM_GCC_541\Debug\cyfitter_cfg.o
 .debug_ranges  0x00000060       0x38 .\CortexM3\ARM_GCC_541\Debug\Cm3Start.o
 .debug_ranges  0x00000098       0xd0 .\CortexM3\ARM_GCC_541\Debug\P01B_485_Bootloader_Simple.a(Bootloader.o)
 .debug_ranges  0x00000168       0x68 .\CortexM3\ARM_GCC_541\Debug\P01B_485_Bootloader_Simple.a(PWM.o)
 .debug_ranges  0x000001d0       0x78 .\CortexM3\ARM_GCC_541\Debug\P01B_485_Bootloader_Simple.a(CyFlash.o)
 .debug_ranges  0x00000248      0x290 .\CortexM3\ARM_GCC_541\Debug\P01B_485_Bootloader_Simple.a(CyLib.o)
 .debug_ranges  0x000004d8       0x88 .\CortexM3\ARM_GCC_541\Debug\P01B_485_Bootloader_Simple.a(cyPm.o)
 .debug_ranges  0x00000560       0x70 .\CortexM3\ARM_GCC_541\Debug\P01B_485_Bootloader_Simple.a(CySpc.o)
 .debug_ranges  0x000005d0       0x30 .\CortexM3\ARM_GCC_541\Debug\P01B_485_Bootloader_Simple.a(Upstream_485_BOOT.o)
 .debug_ranges  0x00000600       0xe0 .\CortexM3\ARM_GCC_541\Debug\P01B_485_Bootloader_Simple.a(Upstream_485.o)
 .debug_ranges  0x000006e0       0x18 .\CortexM3\ARM_GCC_541\Debug\P01B_485_Bootloader_Simple.a(Upstream_485_INT.o)
 .debug_ranges  0x000006f8       0x60 .\CortexM3\ARM_GCC_541\Debug\P01B_485_Bootloader_Simple.a(Upstream_485_IntClock.o)

.comment        0x00000000       0x6e
 .comment       0x00000000       0x6e .\CortexM3\ARM_GCC_541\Debug\main.o
                                 0x6f (size before relaxing)
 .comment       0x0000006e       0x6f .\CortexM3\ARM_GCC_541\Debug\cyfitter_cfg.o
 .comment       0x0000006e       0x6f .\CortexM3\ARM_GCC_541\Debug\cymetadata.o
 .comment       0x0000006e       0x6f .\CortexM3\ARM_GCC_541\Debug\Cm3Start.o
 .comment       0x0000006e       0x6f .\CortexM3\ARM_GCC_541\Debug\P01B_485_Bootloader_Simple.a(Bootloader.o)
 .comment       0x0000006e       0x6f .\CortexM3\ARM_GCC_541\Debug\P01B_485_Bootloader_Simple.a(PWM.o)
 .comment       0x0000006e       0x6f .\CortexM3\ARM_GCC_541\Debug\P01B_485_Bootloader_Simple.a(CyFlash.o)
 .comment       0x0000006e       0x6f .\CortexM3\ARM_GCC_541\Debug\P01B_485_Bootloader_Simple.a(CyLib.o)
 .comment       0x0000006e       0x6f .\CortexM3\ARM_GCC_541\Debug\P01B_485_Bootloader_Simple.a(cyPm.o)
 .comment       0x0000006e       0x6f .\CortexM3\ARM_GCC_541\Debug\P01B_485_Bootloader_Simple.a(CySpc.o)
 .comment       0x0000006e       0x6f .\CortexM3\ARM_GCC_541\Debug\P01B_485_Bootloader_Simple.a(Upstream_485_BOOT.o)
 .comment       0x0000006e       0x6f .\CortexM3\ARM_GCC_541\Debug\P01B_485_Bootloader_Simple.a(Upstream_485.o)
 .comment       0x0000006e       0x6f .\CortexM3\ARM_GCC_541\Debug\P01B_485_Bootloader_Simple.a(Upstream_485_INT.o)
 .comment       0x0000006e       0x6f .\CortexM3\ARM_GCC_541\Debug\P01B_485_Bootloader_Simple.a(Upstream_485_IntClock.o)

.debug_weaknames
 *(.debug_weaknames)

.debug_funcnames
 *(.debug_funcnames)

.debug_typenames
 *(.debug_typenames)

.debug_varnames
 *(.debug_varnames)

.note.gnu.arm.ident
 *(.note.gnu.arm.ident)

.ARM.attributes
                0x00000000       0x29
 *(.ARM.attributes)
 .ARM.attributes
                0x00000000       0x1d c:/program files (x86)/cypress/psoc creator/4.2/psoc creator/import/gnu/arm/5.4.1/bin/../lib/gcc/arm-none-eabi/5.4.1/armv7-m/crti.o
 .ARM.attributes
                0x0000001d       0x2d c:/program files (x86)/cypress/psoc creator/4.2/psoc creator/import/gnu/arm/5.4.1/bin/../lib/gcc/arm-none-eabi/5.4.1/armv7-m/crtbegin.o
 .ARM.attributes
                0x0000004a       0x1b c:/program files (x86)/cypress/psoc creator/4.2/psoc creator/import/gnu/arm/5.4.1/bin/../lib/gcc/arm-none-eabi/5.4.1/../../../../arm-none-eabi/lib/armv7-m/crt0.o
 .ARM.attributes
                0x00000065       0x33 .\CortexM3\ARM_GCC_541\Debug\main.o
 .ARM.attributes
                0x00000098       0x33 .\CortexM3\ARM_GCC_541\Debug\cyfitter_cfg.o
 .ARM.attributes
                0x000000cb       0x33 .\CortexM3\ARM_GCC_541\Debug\cymetadata.o
 .ARM.attributes
                0x000000fe       0x33 .\CortexM3\ARM_GCC_541\Debug\Cm3Start.o
 .ARM.attributes
                0x00000131       0x33 .\CortexM3\ARM_GCC_541\Debug\P01B_485_Bootloader_Simple.a(Bootloader.o)
 .ARM.attributes
                0x00000164       0x33 .\CortexM3\ARM_GCC_541\Debug\P01B_485_Bootloader_Simple.a(PWM.o)
 .ARM.attributes
                0x00000197       0x33 .\CortexM3\ARM_GCC_541\Debug\P01B_485_Bootloader_Simple.a(CyFlash.o)
 .ARM.attributes
                0x000001ca       0x33 .\CortexM3\ARM_GCC_541\Debug\P01B_485_Bootloader_Simple.a(CyLib.o)
 .ARM.attributes
                0x000001fd       0x33 .\CortexM3\ARM_GCC_541\Debug\P01B_485_Bootloader_Simple.a(cyPm.o)
 .ARM.attributes
                0x00000230       0x33 .\CortexM3\ARM_GCC_541\Debug\P01B_485_Bootloader_Simple.a(CySpc.o)
 .ARM.attributes
                0x00000263       0x21 .\CortexM3\ARM_GCC_541\Debug\P01B_485_Bootloader_Simple.a(CyBootAsmGnu.o)
 .ARM.attributes
                0x00000284       0x33 .\CortexM3\ARM_GCC_541\Debug\P01B_485_Bootloader_Simple.a(Upstream_485_BOOT.o)
 .ARM.attributes
                0x000002b7       0x33 .\CortexM3\ARM_GCC_541\Debug\P01B_485_Bootloader_Simple.a(Upstream_485.o)
 .ARM.attributes
                0x000002ea       0x33 .\CortexM3\ARM_GCC_541\Debug\P01B_485_Bootloader_Simple.a(Upstream_485_INT.o)
 .ARM.attributes
                0x0000031d       0x33 .\CortexM3\ARM_GCC_541\Debug\P01B_485_Bootloader_Simple.a(Upstream_485_IntClock.o)
 .ARM.attributes
                0x00000350       0x2d c:/program files (x86)/cypress/psoc creator/4.2/psoc creator/import/gnu/arm/5.4.1/bin/../lib/gcc/arm-none-eabi/5.4.1/../../../../arm-none-eabi/lib/armv7-m\libg_nano.a(lib_a-errno.o)
 .ARM.attributes
                0x0000037d       0x2d c:/program files (x86)/cypress/psoc creator/4.2/psoc creator/import/gnu/arm/5.4.1/bin/../lib/gcc/arm-none-eabi/5.4.1/../../../../arm-none-eabi/lib/armv7-m\libg_nano.a(lib_a-exit.o)
 .ARM.attributes
                0x000003aa       0x2d c:/program files (x86)/cypress/psoc creator/4.2/psoc creator/import/gnu/arm/5.4.1/bin/../lib/gcc/arm-none-eabi/5.4.1/../../../../arm-none-eabi/lib/armv7-m\libg_nano.a(lib_a-impure.o)
 .ARM.attributes
                0x000003d7       0x2d c:/program files (x86)/cypress/psoc creator/4.2/psoc creator/import/gnu/arm/5.4.1/bin/../lib/gcc/arm-none-eabi/5.4.1/../../../../arm-none-eabi/lib/armv7-m\libg_nano.a(lib_a-init.o)
 .ARM.attributes
                0x00000404       0x2d c:/program files (x86)/cypress/psoc creator/4.2/psoc creator/import/gnu/arm/5.4.1/bin/../lib/gcc/arm-none-eabi/5.4.1/../../../../arm-none-eabi/lib/armv7-m\libg_nano.a(lib_a-memcpy-stub.o)
 .ARM.attributes
                0x00000431       0x2d c:/program files (x86)/cypress/psoc creator/4.2/psoc creator/import/gnu/arm/5.4.1/bin/../lib/gcc/arm-none-eabi/5.4.1/../../../../arm-none-eabi/lib/armv7-m\libg_nano.a(lib_a-memset.o)
 .ARM.attributes
                0x0000045e       0x2d c:/program files (x86)/cypress/psoc creator/4.2/psoc creator/import/gnu/arm/5.4.1/bin/../lib/gcc/arm-none-eabi/5.4.1/armv7-m/crtend.o
 .ARM.attributes
                0x0000048b       0x1d c:/program files (x86)/cypress/psoc creator/4.2/psoc creator/import/gnu/arm/5.4.1/bin/../lib/gcc/arm-none-eabi/5.4.1/armv7-m/crtn.o

/DISCARD/
 *(.note.GNU-stack)
OUTPUT(C:\Users\Henry Kou\Documents\PSoC Creator\Eigenboard_bootloading\P01B_485_Bootloader_Simple.cydsn\CortexM3\ARM_GCC_541\Debug\P01B_485_Bootloader_Simple.elf elf32-littlearm)
