ARM GAS  C:\Users\HENRYK~1\AppData\Local\Temp\cc9uJZTd.s 			page 1


   1              		.syntax unified
   2              		.cpu cortex-m3
   3              		.fpu softvfp
   4              		.eabi_attribute 20, 1
   5              		.eabi_attribute 21, 1
   6              		.eabi_attribute 23, 3
   7              		.eabi_attribute 24, 1
   8              		.eabi_attribute 25, 1
   9              		.eabi_attribute 26, 1
  10              		.eabi_attribute 30, 6
  11              		.eabi_attribute 34, 1
  12              		.eabi_attribute 18, 4
  13              		.thumb
  14              		.syntax unified
  15              		.file	"communication_api.c"
  16              		.text
  17              	.Ltext0:
  18              		.cfi_sections	.debug_frame
  19              		.section	.text.OpenConnection,"ax",%progbits
  20              		.align	2
  21              		.global	OpenConnection
  22              		.thumb
  23              		.thumb_func
  24              		.type	OpenConnection, %function
  25              	OpenConnection:
  26              	.LFB64:
  27              		.file 1 "communication_api.c"
   1:communication_api.c **** /*******************************************************************************
   2:communication_api.c **** * File Name: communication_api.c  
   3:communication_api.c **** * Version 1.0
   4:communication_api.c **** *
   5:communication_api.c **** * Description:
   6:communication_api.c **** * This file is created by the author . This contains definitions of APIs 
   7:communication_api.c **** * used in structure 'CyBtldr_CommunicationsData' defined in cybtldr_api.h ,
   8:communication_api.c **** * using SPI commuincations component 
   9:communication_api.c **** ********************************************************************************/
  10:communication_api.c **** 
  11:communication_api.c **** #include "communication_api.h"
  12:communication_api.c **** #include <device.h>
  13:communication_api.c **** 
  14:communication_api.c **** /*******************************************************************************
  15:communication_api.c **** * Function Name: OpenConnection
  16:communication_api.c **** ********************************************************************************
  17:communication_api.c **** *
  18:communication_api.c **** * Summary:
  19:communication_api.c **** *  Initializes the communications component : In this case UART
  20:communication_api.c **** *
  21:communication_api.c **** * Parameters:  
  22:communication_api.c **** *  void
  23:communication_api.c **** *
  24:communication_api.c **** * Return: 
  25:communication_api.c **** *  Returns a flag to indicate whether the operation was successful or not
  26:communication_api.c **** *
  27:communication_api.c **** *
  28:communication_api.c **** *******************************************************************************/
  29:communication_api.c **** int OpenConnection(void)
  30:communication_api.c **** {
ARM GAS  C:\Users\HENRYK~1\AppData\Local\Temp\cc9uJZTd.s 			page 2


  28              		.loc 1 30 0
  29              		.cfi_startproc
  30              		@ args = 0, pretend = 0, frame = 0
  31              		@ frame_needed = 1, uses_anonymous_args = 0
  32 0000 80B5     		push	{r7, lr}
  33              		.cfi_def_cfa_offset 8
  34              		.cfi_offset 7, -8
  35              		.cfi_offset 14, -4
  36 0002 00AF     		add	r7, sp, #0
  37              		.cfi_def_cfa_register 7
  31:communication_api.c **** 	UART_Start();
  38              		.loc 1 31 0
  39 0004 FFF7FEFF 		bl	UART_Start
  32:communication_api.c **** 	return(CYRET_SUCCESS);
  40              		.loc 1 32 0
  41 0008 0023     		movs	r3, #0
  33:communication_api.c **** }
  42              		.loc 1 33 0
  43 000a 1846     		mov	r0, r3
  44 000c 80BD     		pop	{r7, pc}
  45              		.cfi_endproc
  46              	.LFE64:
  47              		.size	OpenConnection, .-OpenConnection
  48 000e 00BF     		.section	.text.CloseConnection,"ax",%progbits
  49              		.align	2
  50              		.global	CloseConnection
  51              		.thumb
  52              		.thumb_func
  53              		.type	CloseConnection, %function
  54              	CloseConnection:
  55              	.LFB65:
  34:communication_api.c **** 
  35:communication_api.c **** 
  36:communication_api.c **** /*******************************************************************************
  37:communication_api.c **** * Function Name: CloseConnection
  38:communication_api.c **** ********************************************************************************
  39:communication_api.c **** *
  40:communication_api.c **** * Summary:
  41:communication_api.c **** *  Clears the status and stops the communications component (UART).
  42:communication_api.c **** *
  43:communication_api.c **** * Parameters:  
  44:communication_api.c **** *  void
  45:communication_api.c **** *
  46:communication_api.c **** * Return: 
  47:communication_api.c **** *  Returns a flag to indicate whether the operation was successful or not
  48:communication_api.c **** *
  49:communication_api.c **** *
  50:communication_api.c **** *******************************************************************************/
  51:communication_api.c **** int CloseConnection(void)
  52:communication_api.c **** {
  56              		.loc 1 52 0
  57              		.cfi_startproc
  58              		@ args = 0, pretend = 0, frame = 0
  59              		@ frame_needed = 1, uses_anonymous_args = 0
  60 0000 80B5     		push	{r7, lr}
  61              		.cfi_def_cfa_offset 8
  62              		.cfi_offset 7, -8
ARM GAS  C:\Users\HENRYK~1\AppData\Local\Temp\cc9uJZTd.s 			page 3


  63              		.cfi_offset 14, -4
  64 0002 00AF     		add	r7, sp, #0
  65              		.cfi_def_cfa_register 7
  53:communication_api.c **** 	UART_Stop();
  66              		.loc 1 53 0
  67 0004 FFF7FEFF 		bl	UART_Stop
  54:communication_api.c **** 	return(CYRET_SUCCESS);
  68              		.loc 1 54 0
  69 0008 0023     		movs	r3, #0
  55:communication_api.c **** }
  70              		.loc 1 55 0
  71 000a 1846     		mov	r0, r3
  72 000c 80BD     		pop	{r7, pc}
  73              		.cfi_endproc
  74              	.LFE65:
  75              		.size	CloseConnection, .-CloseConnection
  76 000e 00BF     		.section	.text.WriteData,"ax",%progbits
  77              		.align	2
  78              		.global	WriteData
  79              		.thumb
  80              		.thumb_func
  81              		.type	WriteData, %function
  82              	WriteData:
  83              	.LFB66:
  56:communication_api.c **** 
  57:communication_api.c **** /*******************************************************************************
  58:communication_api.c **** * Function Name: WriteData
  59:communication_api.c **** ********************************************************************************
  60:communication_api.c **** *
  61:communication_api.c **** * Summary:
  62:communication_api.c **** *  Writes the specified number of bytes using the communications component (UART)
  63:communication_api.c **** *
  64:communication_api.c **** * Parameters:  
  65:communication_api.c **** *  wrData - Pointer to write data buffer
  66:communication_api.c **** *  byteCnt - No. of bytes to be written 
  67:communication_api.c **** *
  68:communication_api.c **** * Return: 
  69:communication_api.c **** *  Returns a flag to indicate whether the operation was successful or not
  70:communication_api.c **** *
  71:communication_api.c **** *
  72:communication_api.c **** *******************************************************************************/
  73:communication_api.c **** int WriteData(uint8* wrData, int byteCnt)
  74:communication_api.c **** {
  84              		.loc 1 74 0
  85              		.cfi_startproc
  86              		@ args = 0, pretend = 0, frame = 16
  87              		@ frame_needed = 1, uses_anonymous_args = 0
  88 0000 80B5     		push	{r7, lr}
  89              		.cfi_def_cfa_offset 8
  90              		.cfi_offset 7, -8
  91              		.cfi_offset 14, -4
  92 0002 84B0     		sub	sp, sp, #16
  93              		.cfi_def_cfa_offset 24
  94 0004 00AF     		add	r7, sp, #0
  95              		.cfi_def_cfa_register 7
  96 0006 7860     		str	r0, [r7, #4]
  97 0008 3960     		str	r1, [r7]
ARM GAS  C:\Users\HENRYK~1\AppData\Local\Temp\cc9uJZTd.s 			page 4


  75:communication_api.c **** 	uint16 timeOut =1;
  98              		.loc 1 75 0
  99 000a 0123     		movs	r3, #1
 100 000c FB81     		strh	r3, [r7, #14]	@ movhi
  76:communication_api.c **** 		
  77:communication_api.c **** 	/* Clears TX and RX FIFOs and the status registers */
  78:communication_api.c **** 	UART_ClearRxBuffer();
 101              		.loc 1 78 0
 102 000e FFF7FEFF 		bl	UART_ClearRxBuffer
  79:communication_api.c **** 	UART_ClearTxBuffer();
 103              		.loc 1 79 0
 104 0012 FFF7FEFF 		bl	UART_ClearTxBuffer
  80:communication_api.c **** 	
  81:communication_api.c **** 	/* Send the data*/   
  82:communication_api.c **** 	UART_PutArray(wrData, byteCnt);
 105              		.loc 1 82 0
 106 0016 3B68     		ldr	r3, [r7]
 107 0018 DBB2     		uxtb	r3, r3
 108 001a 1946     		mov	r1, r3
 109 001c 7868     		ldr	r0, [r7, #4]
 110 001e FFF7FEFF 		bl	UART_PutArray
  83:communication_api.c **** 	
  84:communication_api.c ****  	/* Wait till send operation is complete or timeout  */
  85:communication_api.c **** 	while(!(UART_ReadTxStatus() & UART_TX_STS_COMPLETE))
 111              		.loc 1 85 0
 112 0022 08E0     		b	.L6
 113              	.L8:
  86:communication_api.c **** 	{
  87:communication_api.c **** 		timeOut++;
 114              		.loc 1 87 0
 115 0024 FB89     		ldrh	r3, [r7, #14]
 116 0026 0133     		adds	r3, r3, #1
 117 0028 FB81     		strh	r3, [r7, #14]	@ movhi
  88:communication_api.c **** 		/* Check for timeout and if so exit with communication error code*/
  89:communication_api.c **** 		if(timeOut == 0)
 118              		.loc 1 89 0
 119 002a FB89     		ldrh	r3, [r7, #14]
 120 002c 002B     		cmp	r3, #0
 121 002e 02D1     		bne	.L6
  90:communication_api.c **** 		{
  91:communication_api.c **** 			return(CYRET_ERR_COMM_MASK);
 122              		.loc 1 91 0
 123 0030 4FF40053 		mov	r3, #8192
 124 0034 07E0     		b	.L7
 125              	.L6:
  85:communication_api.c **** 	{
 126              		.loc 1 85 0
 127 0036 FFF7FEFF 		bl	UART_ReadTxStatus
 128 003a 0346     		mov	r3, r0
 129 003c 03F00103 		and	r3, r3, #1
 130 0040 002B     		cmp	r3, #0
 131 0042 EFD0     		beq	.L8
  92:communication_api.c **** 		}	
  93:communication_api.c **** 	}
  94:communication_api.c **** 				
  95:communication_api.c **** 	return(CYRET_SUCCESS);
 132              		.loc 1 95 0
ARM GAS  C:\Users\HENRYK~1\AppData\Local\Temp\cc9uJZTd.s 			page 5


 133 0044 0023     		movs	r3, #0
 134              	.L7:
  96:communication_api.c **** }
 135              		.loc 1 96 0
 136 0046 1846     		mov	r0, r3
 137 0048 1037     		adds	r7, r7, #16
 138              		.cfi_def_cfa_offset 8
 139 004a BD46     		mov	sp, r7
 140              		.cfi_def_cfa_register 13
 141              		@ sp needed
 142 004c 80BD     		pop	{r7, pc}
 143              		.cfi_endproc
 144              	.LFE66:
 145              		.size	WriteData, .-WriteData
 146 004e 00BF     		.section	.text.ReadData,"ax",%progbits
 147              		.align	2
 148              		.global	ReadData
 149              		.thumb
 150              		.thumb_func
 151              		.type	ReadData, %function
 152              	ReadData:
 153              	.LFB67:
  97:communication_api.c **** 
  98:communication_api.c **** 
  99:communication_api.c **** /*******************************************************************************
 100:communication_api.c **** * Function Name: ReadData
 101:communication_api.c **** ********************************************************************************
 102:communication_api.c **** *
 103:communication_api.c **** * Summary:
 104:communication_api.c **** *  Reads the specified number of bytes usign the communications component (UART)
 105:communication_api.c **** *
 106:communication_api.c **** * Parameters:  
 107:communication_api.c **** *  rdData - Pointer to read data buffer
 108:communication_api.c **** *  byteCnt - No. of bytes to be read 
 109:communication_api.c **** *
 110:communication_api.c **** * Return: 
 111:communication_api.c **** *  Returns a flag to indicate whether the operation was successful or not
 112:communication_api.c **** *
 113:communication_api.c **** *
 114:communication_api.c **** *******************************************************************************/
 115:communication_api.c **** int ReadData(uint8* rdData, int byteCnt)
 116:communication_api.c **** {
 154              		.loc 1 116 0
 155              		.cfi_startproc
 156              		@ args = 0, pretend = 0, frame = 16
 157              		@ frame_needed = 1, uses_anonymous_args = 0
 158 0000 90B5     		push	{r4, r7, lr}
 159              		.cfi_def_cfa_offset 12
 160              		.cfi_offset 4, -12
 161              		.cfi_offset 7, -8
 162              		.cfi_offset 14, -4
 163 0002 85B0     		sub	sp, sp, #20
 164              		.cfi_def_cfa_offset 32
 165 0004 00AF     		add	r7, sp, #0
 166              		.cfi_def_cfa_register 7
 167 0006 7860     		str	r0, [r7, #4]
 168 0008 3960     		str	r1, [r7]
ARM GAS  C:\Users\HENRYK~1\AppData\Local\Temp\cc9uJZTd.s 			page 6


 117:communication_api.c **** 	uint16 timeOut =1;
 169              		.loc 1 117 0
 170 000a 0123     		movs	r3, #1
 171 000c FB81     		strh	r3, [r7, #14]	@ movhi
 118:communication_api.c **** 	uint8 dataIndexCntr = 0;
 172              		.loc 1 118 0
 173 000e 0023     		movs	r3, #0
 174 0010 7B73     		strb	r3, [r7, #13]
 119:communication_api.c ****     
 120:communication_api.c **** 	
 121:communication_api.c **** 	/* Clears TX and RX FIFOs and the status registers */	
 122:communication_api.c **** 	UART_ClearRxBuffer();
 175              		.loc 1 122 0
 176 0012 FFF7FEFF 		bl	UART_ClearRxBuffer
 123:communication_api.c **** 	UART_ClearTxBuffer();
 177              		.loc 1 123 0
 178 0016 FFF7FEFF 		bl	UART_ClearTxBuffer
 124:communication_api.c **** 	
 125:communication_api.c **** 	/* Wait until timeout  */
 126:communication_api.c **** 	while(UART_GetRxBufferSize() == 0u)
 179              		.loc 1 126 0
 180 001a 08E0     		b	.L10
 181              	.L12:
 127:communication_api.c **** 	{
 128:communication_api.c **** 		timeOut++;
 182              		.loc 1 128 0
 183 001c FB89     		ldrh	r3, [r7, #14]
 184 001e 0133     		adds	r3, r3, #1
 185 0020 FB81     		strh	r3, [r7, #14]	@ movhi
 129:communication_api.c **** 		/* Check for timeout and if so exit with communication error code*/
 130:communication_api.c **** 		if(timeOut == 0)
 186              		.loc 1 130 0
 187 0022 FB89     		ldrh	r3, [r7, #14]
 188 0024 002B     		cmp	r3, #0
 189 0026 02D1     		bne	.L10
 131:communication_api.c **** 		{			
 132:communication_api.c **** 			return(CYRET_ERR_COMM_MASK);
 190              		.loc 1 132 0
 191 0028 4FF40053 		mov	r3, #8192
 192 002c 1BE0     		b	.L11
 193              	.L10:
 126:communication_api.c **** 	{
 194              		.loc 1 126 0
 195 002e FFF7FEFF 		bl	UART_GetRxBufferSize
 196 0032 0346     		mov	r3, r0
 197 0034 002B     		cmp	r3, #0
 198 0036 F1D0     		beq	.L12
 133:communication_api.c **** 		}	
 134:communication_api.c **** 	}
 135:communication_api.c **** 	
 136:communication_api.c ****     
 137:communication_api.c **** 	/* Read the data bytes */	
 138:communication_api.c **** 	while (byteCnt>0)
 199              		.loc 1 138 0
 200 0038 11E0     		b	.L13
 201              	.L14:
 139:communication_api.c **** 	{
ARM GAS  C:\Users\HENRYK~1\AppData\Local\Temp\cc9uJZTd.s 			page 7


 140:communication_api.c **** 		if(UART_GetRxBufferSize() > 0u)
 202              		.loc 1 140 0
 203 003a FFF7FEFF 		bl	UART_GetRxBufferSize
 204 003e 0346     		mov	r3, r0
 205 0040 002B     		cmp	r3, #0
 206 0042 0CD0     		beq	.L13
 141:communication_api.c **** 		{
 142:communication_api.c **** 		rdData[dataIndexCntr]=UART_GetChar();
 207              		.loc 1 142 0
 208 0044 7B7B     		ldrb	r3, [r7, #13]	@ zero_extendqisi2
 209 0046 7A68     		ldr	r2, [r7, #4]
 210 0048 D418     		adds	r4, r2, r3
 211 004a FFF7FEFF 		bl	UART_GetChar
 212 004e 0346     		mov	r3, r0
 213 0050 2370     		strb	r3, [r4]
 143:communication_api.c **** 		dataIndexCntr++;
 214              		.loc 1 143 0
 215 0052 7B7B     		ldrb	r3, [r7, #13]	@ zero_extendqisi2
 216 0054 0133     		adds	r3, r3, #1
 217 0056 7B73     		strb	r3, [r7, #13]
 144:communication_api.c **** 		byteCnt--;
 218              		.loc 1 144 0
 219 0058 3B68     		ldr	r3, [r7]
 220 005a 013B     		subs	r3, r3, #1
 221 005c 3B60     		str	r3, [r7]
 222              	.L13:
 138:communication_api.c **** 	{
 223              		.loc 1 138 0
 224 005e 3B68     		ldr	r3, [r7]
 225 0060 002B     		cmp	r3, #0
 226 0062 EADC     		bgt	.L14
 145:communication_api.c **** 		}
 146:communication_api.c **** 	}
 147:communication_api.c **** 	
 148:communication_api.c **** 	return(CYRET_SUCCESS);
 227              		.loc 1 148 0
 228 0064 0023     		movs	r3, #0
 229              	.L11:
 149:communication_api.c **** }
 230              		.loc 1 149 0
 231 0066 1846     		mov	r0, r3
 232 0068 1437     		adds	r7, r7, #20
 233              		.cfi_def_cfa_offset 12
 234 006a BD46     		mov	sp, r7
 235              		.cfi_def_cfa_register 13
 236              		@ sp needed
 237 006c 90BD     		pop	{r4, r7, pc}
 238              		.cfi_endproc
 239              	.LFE67:
 240              		.size	ReadData, .-ReadData
 241 006e 00BF     		.text
 242              	.Letext0:
 243              		.file 2 "c:\\program files (x86)\\cypress\\psoc creator\\4.2\\psoc creator\\import\\gnu\\arm\\5.4.
 244              		.file 3 "c:\\program files (x86)\\cypress\\psoc creator\\4.2\\psoc creator\\import\\gnu\\arm\\5.4.
 245              		.file 4 "Generated_Source\\PSoC5/cytypes.h"
 246              		.file 5 "Generated_Source\\PSoC5/core_cm3.h"
 247              		.section	.debug_info,"",%progbits
ARM GAS  C:\Users\HENRYK~1\AppData\Local\Temp\cc9uJZTd.s 			page 8


 248              	.Ldebug_info0:
 249 0000 90010000 		.4byte	0x190
 250 0004 0400     		.2byte	0x4
 251 0006 00000000 		.4byte	.Ldebug_abbrev0
 252 000a 04       		.byte	0x4
 253 000b 01       		.uleb128 0x1
 254 000c 09000000 		.4byte	.LASF27
 255 0010 0C       		.byte	0xc
 256 0011 84010000 		.4byte	.LASF28
 257 0015 C7010000 		.4byte	.LASF29
 258 0019 00000000 		.4byte	.Ldebug_ranges0+0
 259 001d 00000000 		.4byte	0
 260 0021 00000000 		.4byte	.Ldebug_line0
 261 0025 02       		.uleb128 0x2
 262 0026 01       		.byte	0x1
 263 0027 06       		.byte	0x6
 264 0028 B3010000 		.4byte	.LASF0
 265 002c 02       		.uleb128 0x2
 266 002d 01       		.byte	0x1
 267 002e 08       		.byte	0x8
 268 002f C4000000 		.4byte	.LASF1
 269 0033 02       		.uleb128 0x2
 270 0034 02       		.byte	0x2
 271 0035 05       		.byte	0x5
 272 0036 7A010000 		.4byte	.LASF2
 273 003a 02       		.uleb128 0x2
 274 003b 02       		.byte	0x2
 275 003c 07       		.byte	0x7
 276 003d E4000000 		.4byte	.LASF3
 277 0041 03       		.uleb128 0x3
 278 0042 A5000000 		.4byte	.LASF9
 279 0046 02       		.byte	0x2
 280 0047 3F       		.byte	0x3f
 281 0048 4C000000 		.4byte	0x4c
 282 004c 02       		.uleb128 0x2
 283 004d 04       		.byte	0x4
 284 004e 05       		.byte	0x5
 285 004f 9E010000 		.4byte	.LASF4
 286 0053 02       		.uleb128 0x2
 287 0054 04       		.byte	0x4
 288 0055 07       		.byte	0x7
 289 0056 D2000000 		.4byte	.LASF5
 290 005a 02       		.uleb128 0x2
 291 005b 08       		.byte	0x8
 292 005c 05       		.byte	0x5
 293 005d 67010000 		.4byte	.LASF6
 294 0061 02       		.uleb128 0x2
 295 0062 08       		.byte	0x8
 296 0063 07       		.byte	0x7
 297 0064 37010000 		.4byte	.LASF7
 298 0068 04       		.uleb128 0x4
 299 0069 04       		.byte	0x4
 300 006a 05       		.byte	0x5
 301 006b 696E7400 		.ascii	"int\000"
 302 006f 02       		.uleb128 0x2
 303 0070 04       		.byte	0x4
 304 0071 07       		.byte	0x7
ARM GAS  C:\Users\HENRYK~1\AppData\Local\Temp\cc9uJZTd.s 			page 9


 305 0072 23010000 		.4byte	.LASF8
 306 0076 03       		.uleb128 0x3
 307 0077 56010000 		.4byte	.LASF10
 308 007b 03       		.byte	0x3
 309 007c 2C       		.byte	0x2c
 310 007d 41000000 		.4byte	0x41
 311 0081 05       		.uleb128 0x5
 312 0082 98010000 		.4byte	.LASF11
 313 0086 04       		.byte	0x4
 314 0087 E401     		.2byte	0x1e4
 315 0089 2C000000 		.4byte	0x2c
 316 008d 05       		.uleb128 0x5
 317 008e 0B010000 		.4byte	.LASF12
 318 0092 04       		.byte	0x4
 319 0093 E501     		.2byte	0x1e5
 320 0095 3A000000 		.4byte	0x3a
 321 0099 02       		.uleb128 0x2
 322 009a 04       		.byte	0x4
 323 009b 04       		.byte	0x4
 324 009c BE000000 		.4byte	.LASF13
 325 00a0 02       		.uleb128 0x2
 326 00a1 08       		.byte	0x8
 327 00a2 04       		.byte	0x4
 328 00a3 04010000 		.4byte	.LASF14
 329 00a7 02       		.uleb128 0x2
 330 00a8 01       		.byte	0x1
 331 00a9 08       		.byte	0x8
 332 00aa 75010000 		.4byte	.LASF15
 333 00ae 02       		.uleb128 0x2
 334 00af 08       		.byte	0x8
 335 00b0 04       		.byte	0x4
 336 00b1 A7010000 		.4byte	.LASF16
 337 00b5 02       		.uleb128 0x2
 338 00b6 04       		.byte	0x4
 339 00b7 07       		.byte	0x7
 340 00b8 5E010000 		.4byte	.LASF17
 341 00bc 06       		.uleb128 0x6
 342 00bd AF000000 		.4byte	.LASF18
 343 00c1 01       		.byte	0x1
 344 00c2 1D       		.byte	0x1d
 345 00c3 68000000 		.4byte	0x68
 346 00c7 00000000 		.4byte	.LFB64
 347 00cb 0E000000 		.4byte	.LFE64-.LFB64
 348 00cf 01       		.uleb128 0x1
 349 00d0 9C       		.byte	0x9c
 350 00d1 06       		.uleb128 0x6
 351 00d2 28020000 		.4byte	.LASF19
 352 00d6 01       		.byte	0x1
 353 00d7 33       		.byte	0x33
 354 00d8 68000000 		.4byte	0x68
 355 00dc 00000000 		.4byte	.LFB65
 356 00e0 0E000000 		.4byte	.LFE65-.LFB65
 357 00e4 01       		.uleb128 0x1
 358 00e5 9C       		.byte	0x9c
 359 00e6 07       		.uleb128 0x7
 360 00e7 12010000 		.4byte	.LASF22
 361 00eb 01       		.byte	0x1
ARM GAS  C:\Users\HENRYK~1\AppData\Local\Temp\cc9uJZTd.s 			page 10


 362 00ec 49       		.byte	0x49
 363 00ed 68000000 		.4byte	0x68
 364 00f1 00000000 		.4byte	.LFB66
 365 00f5 4E000000 		.4byte	.LFE66-.LFB66
 366 00f9 01       		.uleb128 0x1
 367 00fa 9C       		.byte	0x9c
 368 00fb 2A010000 		.4byte	0x12a
 369 00ff 08       		.uleb128 0x8
 370 0100 30010000 		.4byte	.LASF20
 371 0104 01       		.byte	0x1
 372 0105 49       		.byte	0x49
 373 0106 2A010000 		.4byte	0x12a
 374 010a 02       		.uleb128 0x2
 375 010b 91       		.byte	0x91
 376 010c 6C       		.sleb128 -20
 377 010d 08       		.uleb128 0x8
 378 010e BF010000 		.4byte	.LASF21
 379 0112 01       		.byte	0x1
 380 0113 49       		.byte	0x49
 381 0114 68000000 		.4byte	0x68
 382 0118 02       		.uleb128 0x2
 383 0119 91       		.byte	0x91
 384 011a 68       		.sleb128 -24
 385 011b 09       		.uleb128 0x9
 386 011c 4E010000 		.4byte	.LASF25
 387 0120 01       		.byte	0x1
 388 0121 4B       		.byte	0x4b
 389 0122 8D000000 		.4byte	0x8d
 390 0126 02       		.uleb128 0x2
 391 0127 91       		.byte	0x91
 392 0128 76       		.sleb128 -10
 393 0129 00       		.byte	0
 394 012a 0A       		.uleb128 0xa
 395 012b 04       		.byte	0x4
 396 012c 81000000 		.4byte	0x81
 397 0130 07       		.uleb128 0x7
 398 0131 00000000 		.4byte	.LASF23
 399 0135 01       		.byte	0x1
 400 0136 73       		.byte	0x73
 401 0137 68000000 		.4byte	0x68
 402 013b 00000000 		.4byte	.LFB67
 403 013f 6E000000 		.4byte	.LFE67-.LFB67
 404 0143 01       		.uleb128 0x1
 405 0144 9C       		.byte	0x9c
 406 0145 82010000 		.4byte	0x182
 407 0149 08       		.uleb128 0x8
 408 014a 1C010000 		.4byte	.LASF24
 409 014e 01       		.byte	0x1
 410 014f 73       		.byte	0x73
 411 0150 2A010000 		.4byte	0x12a
 412 0154 02       		.uleb128 0x2
 413 0155 91       		.byte	0x91
 414 0156 64       		.sleb128 -28
 415 0157 08       		.uleb128 0x8
 416 0158 BF010000 		.4byte	.LASF21
 417 015c 01       		.byte	0x1
 418 015d 73       		.byte	0x73
ARM GAS  C:\Users\HENRYK~1\AppData\Local\Temp\cc9uJZTd.s 			page 11


 419 015e 68000000 		.4byte	0x68
 420 0162 02       		.uleb128 0x2
 421 0163 91       		.byte	0x91
 422 0164 60       		.sleb128 -32
 423 0165 09       		.uleb128 0x9
 424 0166 4E010000 		.4byte	.LASF25
 425 016a 01       		.byte	0x1
 426 016b 75       		.byte	0x75
 427 016c 8D000000 		.4byte	0x8d
 428 0170 02       		.uleb128 0x2
 429 0171 91       		.byte	0x91
 430 0172 6E       		.sleb128 -18
 431 0173 09       		.uleb128 0x9
 432 0174 97000000 		.4byte	.LASF26
 433 0178 01       		.byte	0x1
 434 0179 76       		.byte	0x76
 435 017a 81000000 		.4byte	0x81
 436 017e 02       		.uleb128 0x2
 437 017f 91       		.byte	0x91
 438 0180 6D       		.sleb128 -19
 439 0181 00       		.byte	0
 440 0182 0B       		.uleb128 0xb
 441 0183 F7000000 		.4byte	.LASF30
 442 0187 05       		.byte	0x5
 443 0188 1207     		.2byte	0x712
 444 018a 8E010000 		.4byte	0x18e
 445 018e 0C       		.uleb128 0xc
 446 018f 76000000 		.4byte	0x76
 447 0193 00       		.byte	0
 448              		.section	.debug_abbrev,"",%progbits
 449              	.Ldebug_abbrev0:
 450 0000 01       		.uleb128 0x1
 451 0001 11       		.uleb128 0x11
 452 0002 01       		.byte	0x1
 453 0003 25       		.uleb128 0x25
 454 0004 0E       		.uleb128 0xe
 455 0005 13       		.uleb128 0x13
 456 0006 0B       		.uleb128 0xb
 457 0007 03       		.uleb128 0x3
 458 0008 0E       		.uleb128 0xe
 459 0009 1B       		.uleb128 0x1b
 460 000a 0E       		.uleb128 0xe
 461 000b 55       		.uleb128 0x55
 462 000c 17       		.uleb128 0x17
 463 000d 11       		.uleb128 0x11
 464 000e 01       		.uleb128 0x1
 465 000f 10       		.uleb128 0x10
 466 0010 17       		.uleb128 0x17
 467 0011 00       		.byte	0
 468 0012 00       		.byte	0
 469 0013 02       		.uleb128 0x2
 470 0014 24       		.uleb128 0x24
 471 0015 00       		.byte	0
 472 0016 0B       		.uleb128 0xb
 473 0017 0B       		.uleb128 0xb
 474 0018 3E       		.uleb128 0x3e
 475 0019 0B       		.uleb128 0xb
ARM GAS  C:\Users\HENRYK~1\AppData\Local\Temp\cc9uJZTd.s 			page 12


 476 001a 03       		.uleb128 0x3
 477 001b 0E       		.uleb128 0xe
 478 001c 00       		.byte	0
 479 001d 00       		.byte	0
 480 001e 03       		.uleb128 0x3
 481 001f 16       		.uleb128 0x16
 482 0020 00       		.byte	0
 483 0021 03       		.uleb128 0x3
 484 0022 0E       		.uleb128 0xe
 485 0023 3A       		.uleb128 0x3a
 486 0024 0B       		.uleb128 0xb
 487 0025 3B       		.uleb128 0x3b
 488 0026 0B       		.uleb128 0xb
 489 0027 49       		.uleb128 0x49
 490 0028 13       		.uleb128 0x13
 491 0029 00       		.byte	0
 492 002a 00       		.byte	0
 493 002b 04       		.uleb128 0x4
 494 002c 24       		.uleb128 0x24
 495 002d 00       		.byte	0
 496 002e 0B       		.uleb128 0xb
 497 002f 0B       		.uleb128 0xb
 498 0030 3E       		.uleb128 0x3e
 499 0031 0B       		.uleb128 0xb
 500 0032 03       		.uleb128 0x3
 501 0033 08       		.uleb128 0x8
 502 0034 00       		.byte	0
 503 0035 00       		.byte	0
 504 0036 05       		.uleb128 0x5
 505 0037 16       		.uleb128 0x16
 506 0038 00       		.byte	0
 507 0039 03       		.uleb128 0x3
 508 003a 0E       		.uleb128 0xe
 509 003b 3A       		.uleb128 0x3a
 510 003c 0B       		.uleb128 0xb
 511 003d 3B       		.uleb128 0x3b
 512 003e 05       		.uleb128 0x5
 513 003f 49       		.uleb128 0x49
 514 0040 13       		.uleb128 0x13
 515 0041 00       		.byte	0
 516 0042 00       		.byte	0
 517 0043 06       		.uleb128 0x6
 518 0044 2E       		.uleb128 0x2e
 519 0045 00       		.byte	0
 520 0046 3F       		.uleb128 0x3f
 521 0047 19       		.uleb128 0x19
 522 0048 03       		.uleb128 0x3
 523 0049 0E       		.uleb128 0xe
 524 004a 3A       		.uleb128 0x3a
 525 004b 0B       		.uleb128 0xb
 526 004c 3B       		.uleb128 0x3b
 527 004d 0B       		.uleb128 0xb
 528 004e 27       		.uleb128 0x27
 529 004f 19       		.uleb128 0x19
 530 0050 49       		.uleb128 0x49
 531 0051 13       		.uleb128 0x13
 532 0052 11       		.uleb128 0x11
ARM GAS  C:\Users\HENRYK~1\AppData\Local\Temp\cc9uJZTd.s 			page 13


 533 0053 01       		.uleb128 0x1
 534 0054 12       		.uleb128 0x12
 535 0055 06       		.uleb128 0x6
 536 0056 40       		.uleb128 0x40
 537 0057 18       		.uleb128 0x18
 538 0058 9642     		.uleb128 0x2116
 539 005a 19       		.uleb128 0x19
 540 005b 00       		.byte	0
 541 005c 00       		.byte	0
 542 005d 07       		.uleb128 0x7
 543 005e 2E       		.uleb128 0x2e
 544 005f 01       		.byte	0x1
 545 0060 3F       		.uleb128 0x3f
 546 0061 19       		.uleb128 0x19
 547 0062 03       		.uleb128 0x3
 548 0063 0E       		.uleb128 0xe
 549 0064 3A       		.uleb128 0x3a
 550 0065 0B       		.uleb128 0xb
 551 0066 3B       		.uleb128 0x3b
 552 0067 0B       		.uleb128 0xb
 553 0068 27       		.uleb128 0x27
 554 0069 19       		.uleb128 0x19
 555 006a 49       		.uleb128 0x49
 556 006b 13       		.uleb128 0x13
 557 006c 11       		.uleb128 0x11
 558 006d 01       		.uleb128 0x1
 559 006e 12       		.uleb128 0x12
 560 006f 06       		.uleb128 0x6
 561 0070 40       		.uleb128 0x40
 562 0071 18       		.uleb128 0x18
 563 0072 9642     		.uleb128 0x2116
 564 0074 19       		.uleb128 0x19
 565 0075 01       		.uleb128 0x1
 566 0076 13       		.uleb128 0x13
 567 0077 00       		.byte	0
 568 0078 00       		.byte	0
 569 0079 08       		.uleb128 0x8
 570 007a 05       		.uleb128 0x5
 571 007b 00       		.byte	0
 572 007c 03       		.uleb128 0x3
 573 007d 0E       		.uleb128 0xe
 574 007e 3A       		.uleb128 0x3a
 575 007f 0B       		.uleb128 0xb
 576 0080 3B       		.uleb128 0x3b
 577 0081 0B       		.uleb128 0xb
 578 0082 49       		.uleb128 0x49
 579 0083 13       		.uleb128 0x13
 580 0084 02       		.uleb128 0x2
 581 0085 18       		.uleb128 0x18
 582 0086 00       		.byte	0
 583 0087 00       		.byte	0
 584 0088 09       		.uleb128 0x9
 585 0089 34       		.uleb128 0x34
 586 008a 00       		.byte	0
 587 008b 03       		.uleb128 0x3
 588 008c 0E       		.uleb128 0xe
 589 008d 3A       		.uleb128 0x3a
ARM GAS  C:\Users\HENRYK~1\AppData\Local\Temp\cc9uJZTd.s 			page 14


 590 008e 0B       		.uleb128 0xb
 591 008f 3B       		.uleb128 0x3b
 592 0090 0B       		.uleb128 0xb
 593 0091 49       		.uleb128 0x49
 594 0092 13       		.uleb128 0x13
 595 0093 02       		.uleb128 0x2
 596 0094 18       		.uleb128 0x18
 597 0095 00       		.byte	0
 598 0096 00       		.byte	0
 599 0097 0A       		.uleb128 0xa
 600 0098 0F       		.uleb128 0xf
 601 0099 00       		.byte	0
 602 009a 0B       		.uleb128 0xb
 603 009b 0B       		.uleb128 0xb
 604 009c 49       		.uleb128 0x49
 605 009d 13       		.uleb128 0x13
 606 009e 00       		.byte	0
 607 009f 00       		.byte	0
 608 00a0 0B       		.uleb128 0xb
 609 00a1 34       		.uleb128 0x34
 610 00a2 00       		.byte	0
 611 00a3 03       		.uleb128 0x3
 612 00a4 0E       		.uleb128 0xe
 613 00a5 3A       		.uleb128 0x3a
 614 00a6 0B       		.uleb128 0xb
 615 00a7 3B       		.uleb128 0x3b
 616 00a8 05       		.uleb128 0x5
 617 00a9 49       		.uleb128 0x49
 618 00aa 13       		.uleb128 0x13
 619 00ab 3F       		.uleb128 0x3f
 620 00ac 19       		.uleb128 0x19
 621 00ad 3C       		.uleb128 0x3c
 622 00ae 19       		.uleb128 0x19
 623 00af 00       		.byte	0
 624 00b0 00       		.byte	0
 625 00b1 0C       		.uleb128 0xc
 626 00b2 35       		.uleb128 0x35
 627 00b3 00       		.byte	0
 628 00b4 49       		.uleb128 0x49
 629 00b5 13       		.uleb128 0x13
 630 00b6 00       		.byte	0
 631 00b7 00       		.byte	0
 632 00b8 00       		.byte	0
 633              		.section	.debug_aranges,"",%progbits
 634 0000 34000000 		.4byte	0x34
 635 0004 0200     		.2byte	0x2
 636 0006 00000000 		.4byte	.Ldebug_info0
 637 000a 04       		.byte	0x4
 638 000b 00       		.byte	0
 639 000c 0000     		.2byte	0
 640 000e 0000     		.2byte	0
 641 0010 00000000 		.4byte	.LFB64
 642 0014 0E000000 		.4byte	.LFE64-.LFB64
 643 0018 00000000 		.4byte	.LFB65
 644 001c 0E000000 		.4byte	.LFE65-.LFB65
 645 0020 00000000 		.4byte	.LFB66
 646 0024 4E000000 		.4byte	.LFE66-.LFB66
ARM GAS  C:\Users\HENRYK~1\AppData\Local\Temp\cc9uJZTd.s 			page 15


 647 0028 00000000 		.4byte	.LFB67
 648 002c 6E000000 		.4byte	.LFE67-.LFB67
 649 0030 00000000 		.4byte	0
 650 0034 00000000 		.4byte	0
 651              		.section	.debug_ranges,"",%progbits
 652              	.Ldebug_ranges0:
 653 0000 00000000 		.4byte	.LFB64
 654 0004 0E000000 		.4byte	.LFE64
 655 0008 00000000 		.4byte	.LFB65
 656 000c 0E000000 		.4byte	.LFE65
 657 0010 00000000 		.4byte	.LFB66
 658 0014 4E000000 		.4byte	.LFE66
 659 0018 00000000 		.4byte	.LFB67
 660 001c 6E000000 		.4byte	.LFE67
 661 0020 00000000 		.4byte	0
 662 0024 00000000 		.4byte	0
 663              		.section	.debug_line,"",%progbits
 664              	.Ldebug_line0:
 665 0000 CB010000 		.section	.debug_str,"MS",%progbits,1
 665      02005901 
 665      00000201 
 665      FB0E0D00 
 665      01010101 
 666              	.LASF23:
 667 0000 52656164 		.ascii	"ReadData\000"
 667      44617461 
 667      00
 668              	.LASF27:
 669 0009 474E5520 		.ascii	"GNU C11 5.4.1 20160609 (release) [ARM/embedded-5-br"
 669      43313120 
 669      352E342E 
 669      31203230 
 669      31363036 
 670 003c 616E6368 		.ascii	"anch revision 237715] -mcpu=cortex-m3 -mthumb -g -O"
 670      20726576 
 670      6973696F 
 670      6E203233 
 670      37373135 
 671 006f 30202D66 		.ascii	"0 -ffunction-sections -ffat-lto-objects\000"
 671      66756E63 
 671      74696F6E 
 671      2D736563 
 671      74696F6E 
 672              	.LASF26:
 673 0097 64617461 		.ascii	"dataIndexCntr\000"
 673      496E6465 
 673      78436E74 
 673      7200
 674              	.LASF9:
 675 00a5 5F5F696E 		.ascii	"__int32_t\000"
 675      7433325F 
 675      7400
 676              	.LASF18:
 677 00af 4F70656E 		.ascii	"OpenConnection\000"
 677      436F6E6E 
 677      65637469 
 677      6F6E00
ARM GAS  C:\Users\HENRYK~1\AppData\Local\Temp\cc9uJZTd.s 			page 16


 678              	.LASF13:
 679 00be 666C6F61 		.ascii	"float\000"
 679      7400
 680              	.LASF1:
 681 00c4 756E7369 		.ascii	"unsigned char\000"
 681      676E6564 
 681      20636861 
 681      7200
 682              	.LASF5:
 683 00d2 6C6F6E67 		.ascii	"long unsigned int\000"
 683      20756E73 
 683      69676E65 
 683      6420696E 
 683      7400
 684              	.LASF3:
 685 00e4 73686F72 		.ascii	"short unsigned int\000"
 685      7420756E 
 685      7369676E 
 685      65642069 
 685      6E7400
 686              	.LASF30:
 687 00f7 49544D5F 		.ascii	"ITM_RxBuffer\000"
 687      52784275 
 687      66666572 
 687      00
 688              	.LASF14:
 689 0104 646F7562 		.ascii	"double\000"
 689      6C6500
 690              	.LASF12:
 691 010b 75696E74 		.ascii	"uint16\000"
 691      313600
 692              	.LASF22:
 693 0112 57726974 		.ascii	"WriteData\000"
 693      65446174 
 693      6100
 694              	.LASF24:
 695 011c 72644461 		.ascii	"rdData\000"
 695      746100
 696              	.LASF8:
 697 0123 756E7369 		.ascii	"unsigned int\000"
 697      676E6564 
 697      20696E74 
 697      00
 698              	.LASF20:
 699 0130 77724461 		.ascii	"wrData\000"
 699      746100
 700              	.LASF7:
 701 0137 6C6F6E67 		.ascii	"long long unsigned int\000"
 701      206C6F6E 
 701      6720756E 
 701      7369676E 
 701      65642069 
 702              	.LASF25:
 703 014e 74696D65 		.ascii	"timeOut\000"
 703      4F757400 
 704              	.LASF10:
 705 0156 696E7433 		.ascii	"int32_t\000"
ARM GAS  C:\Users\HENRYK~1\AppData\Local\Temp\cc9uJZTd.s 			page 17


 705      325F7400 
 706              	.LASF17:
 707 015e 73697A65 		.ascii	"sizetype\000"
 707      74797065 
 707      00
 708              	.LASF6:
 709 0167 6C6F6E67 		.ascii	"long long int\000"
 709      206C6F6E 
 709      6720696E 
 709      7400
 710              	.LASF15:
 711 0175 63686172 		.ascii	"char\000"
 711      00
 712              	.LASF2:
 713 017a 73686F72 		.ascii	"short int\000"
 713      7420696E 
 713      7400
 714              	.LASF28:
 715 0184 636F6D6D 		.ascii	"communication_api.c\000"
 715      756E6963 
 715      6174696F 
 715      6E5F6170 
 715      692E6300 
 716              	.LASF11:
 717 0198 75696E74 		.ascii	"uint8\000"
 717      3800
 718              	.LASF4:
 719 019e 6C6F6E67 		.ascii	"long int\000"
 719      20696E74 
 719      00
 720              	.LASF16:
 721 01a7 6C6F6E67 		.ascii	"long double\000"
 721      20646F75 
 721      626C6500 
 722              	.LASF0:
 723 01b3 7369676E 		.ascii	"signed char\000"
 723      65642063 
 723      68617200 
 724              	.LASF21:
 725 01bf 62797465 		.ascii	"byteCnt\000"
 725      436E7400 
 726              	.LASF29:
 727 01c7 433A5C55 		.ascii	"C:\\Users\\Henry Kou\\Documents\\PSoC Creator\\Eige"
 727      73657273 
 727      5C48656E 
 727      7279204B 
 727      6F755C44 
 728 01f5 6E626F61 		.ascii	"nboard_bootloading\\P01A_485_Boot_Host_Simple.cydsn"
 728      72645F62 
 728      6F6F746C 
 728      6F616469 
 728      6E675C50 
 729 0227 00       		.ascii	"\000"
 730              	.LASF19:
 731 0228 436C6F73 		.ascii	"CloseConnection\000"
 731      65436F6E 
 731      6E656374 
ARM GAS  C:\Users\HENRYK~1\AppData\Local\Temp\cc9uJZTd.s 			page 18


 731      696F6E00 
 732              		.ident	"GCC: (GNU Tools for ARM Embedded Processors) 5.4.1 20160609 (release) [ARM/embedded-5-bran
