Archive member included to satisfy reference by file (symbol)

.\CortexM3\ARM_GCC_541\Debug\P01A_485_Boot_Host_Simple.a(LED_B.o)
                              .\CortexM3\ARM_GCC_541\Debug\main.o (LED_B_Write)
.\CortexM3\ARM_GCC_541\Debug\P01A_485_Boot_Host_Simple.a(UART.o)
                              .\CortexM3\ARM_GCC_541\Debug\communication_api.o (UART_Start)
.\CortexM3\ARM_GCC_541\Debug\P01A_485_Boot_Host_Simple.a(UART_INT.o)
                              .\CortexM3\ARM_GCC_541\Debug\P01A_485_Boot_Host_Simple.a(UART.o) (UART_RXISR)
.\CortexM3\ARM_GCC_541\Debug\P01A_485_Boot_Host_Simple.a(LED_G.o)
                              .\CortexM3\ARM_GCC_541\Debug\main.o (LED_G_Write)
.\CortexM3\ARM_GCC_541\Debug\P01A_485_Boot_Host_Simple.a(LED_R.o)
                              .\CortexM3\ARM_GCC_541\Debug\main.o (LED_R_Write)
.\CortexM3\ARM_GCC_541\Debug\P01A_485_Boot_Host_Simple.a(UART_IntClock.o)
                              .\CortexM3\ARM_GCC_541\Debug\P01A_485_Boot_Host_Simple.a(UART.o) (UART_IntClock_Start)
.\CortexM3\ARM_GCC_541\Debug\P01A_485_Boot_Host_Simple.a(CyLib.o)
                              .\CortexM3\ARM_GCC_541\Debug\Cm3Start.o (CyResetStatus)
.\CortexM3\ARM_GCC_541\Debug\P01A_485_Boot_Host_Simple.a(cyPm.o)
                              .\CortexM3\ARM_GCC_541\Debug\P01A_485_Boot_Host_Simple.a(CyLib.o) (CyPmReadStatus)
.\CortexM3\ARM_GCC_541\Debug\P01A_485_Boot_Host_Simple.a(CyBootAsmGnu.o)
                              .\CortexM3\ARM_GCC_541\Debug\cyfitter_cfg.o (CyDelayCycles)
.\CortexM3\ARM_GCC_541\Debug\P01A_485_Boot_Host_Simple.a(CyFlash.o)
                              .\CortexM3\ARM_GCC_541\Debug\P01A_485_Boot_Host_Simple.a(cyPm.o) (CyFlash_SetWaitCycles)
.\CortexM3\ARM_GCC_541\Debug\P01A_485_Boot_Host_Simple.a(CySpc.o)
                              .\CortexM3\ARM_GCC_541\Debug\P01A_485_Boot_Host_Simple.a(CyFlash.o) (CySpcStart)
c:/program files (x86)/cypress/psoc creator/4.2/psoc creator/import/gnu/arm/5.4.1/bin/../lib/gcc/arm-none-eabi/5.4.1/../../../../arm-none-eabi/lib/armv7-m\libg_nano.a(lib_a-errno.o)
                              .\CortexM3\ARM_GCC_541\Debug\Cm3Start.o (__errno)
c:/program files (x86)/cypress/psoc creator/4.2/psoc creator/import/gnu/arm/5.4.1/bin/../lib/gcc/arm-none-eabi/5.4.1/../../../../arm-none-eabi/lib/armv7-m\libg_nano.a(lib_a-exit.o)
                              c:/program files (x86)/cypress/psoc creator/4.2/psoc creator/import/gnu/arm/5.4.1/bin/../lib/gcc/arm-none-eabi/5.4.1/../../../../arm-none-eabi/lib/armv7-m/crt0.o (exit)
c:/program files (x86)/cypress/psoc creator/4.2/psoc creator/import/gnu/arm/5.4.1/bin/../lib/gcc/arm-none-eabi/5.4.1/../../../../arm-none-eabi/lib/armv7-m\libg_nano.a(lib_a-fclose.o)
                              .\CortexM3\ARM_GCC_541\Debug\cybtldr_parse.o (fclose)
c:/program files (x86)/cypress/psoc creator/4.2/psoc creator/import/gnu/arm/5.4.1/bin/../lib/gcc/arm-none-eabi/5.4.1/../../../../arm-none-eabi/lib/armv7-m\libg_nano.a(lib_a-fflush.o)
                              c:/program files (x86)/cypress/psoc creator/4.2/psoc creator/import/gnu/arm/5.4.1/bin/../lib/gcc/arm-none-eabi/5.4.1/../../../../arm-none-eabi/lib/armv7-m\libg_nano.a(lib_a-fclose.o) (__sflush_r)
c:/program files (x86)/cypress/psoc creator/4.2/psoc creator/import/gnu/arm/5.4.1/bin/../lib/gcc/arm-none-eabi/5.4.1/../../../../arm-none-eabi/lib/armv7-m\libg_nano.a(lib_a-fgets.o)
                              .\CortexM3\ARM_GCC_541\Debug\cybtldr_parse.o (fgets)
c:/program files (x86)/cypress/psoc creator/4.2/psoc creator/import/gnu/arm/5.4.1/bin/../lib/gcc/arm-none-eabi/5.4.1/../../../../arm-none-eabi/lib/armv7-m\libg_nano.a(lib_a-findfp.o)
                              c:/program files (x86)/cypress/psoc creator/4.2/psoc creator/import/gnu/arm/5.4.1/bin/../lib/gcc/arm-none-eabi/5.4.1/../../../../arm-none-eabi/lib/armv7-m\libg_nano.a(lib_a-fclose.o) (__sinit)
c:/program files (x86)/cypress/psoc creator/4.2/psoc creator/import/gnu/arm/5.4.1/bin/../lib/gcc/arm-none-eabi/5.4.1/../../../../arm-none-eabi/lib/armv7-m\libg_nano.a(lib_a-fopen.o)
                              .\CortexM3\ARM_GCC_541\Debug\cybtldr_parse.o (fopen)
c:/program files (x86)/cypress/psoc creator/4.2/psoc creator/import/gnu/arm/5.4.1/bin/../lib/gcc/arm-none-eabi/5.4.1/../../../../arm-none-eabi/lib/armv7-m\libg_nano.a(lib_a-fseek.o)
                              c:/program files (x86)/cypress/psoc creator/4.2/psoc creator/import/gnu/arm/5.4.1/bin/../lib/gcc/arm-none-eabi/5.4.1/../../../../arm-none-eabi/lib/armv7-m\libg_nano.a(lib_a-fopen.o) (_fseek_r)
c:/program files (x86)/cypress/psoc creator/4.2/psoc creator/import/gnu/arm/5.4.1/bin/../lib/gcc/arm-none-eabi/5.4.1/../../../../arm-none-eabi/lib/armv7-m\libg_nano.a(lib_a-fseeko.o)
                              c:/program files (x86)/cypress/psoc creator/4.2/psoc creator/import/gnu/arm/5.4.1/bin/../lib/gcc/arm-none-eabi/5.4.1/../../../../arm-none-eabi/lib/armv7-m\libg_nano.a(lib_a-fseek.o) (_fseeko_r)
[...]
Memory Configuration

Name             Origin             Length             Attributes
rom              0x00000000         0x00040000         xr
ram              0x1fff8000         0x00010000         xrw
*default*        0x00000000         0xffffffff

Linker script and memory map

LOAD c:/program files (x86)/cypress/psoc creator/4.2/psoc creator/import/gnu/arm/5.4.1/bin/../lib/gcc/arm-none-eabi/5.4.1/armv7-m/crti.o
LOAD c:/program files (x86)/cypress/psoc creator/4.2/psoc creator/import/gnu/arm/5.4.1/bin/../lib/gcc/arm-none-eabi/5.4.1/armv7-m/crtbegin.o
LOAD c:/program files (x86)/cypress/psoc creator/4.2/psoc creator/import/gnu/arm/5.4.1/bin/../lib/gcc/arm-none-eabi/5.4.1/../../../../arm-none-eabi/lib/armv7-m/crt0.o
START GROUP
LOAD .\CortexM3\ARM_GCC_541\Debug\main.o
LOAD .\CortexM3\ARM_GCC_541\Debug\communication_api.o
LOAD .\CortexM3\ARM_GCC_541\Debug\cybtldr_api.o
LOAD .\CortexM3\ARM_GCC_541\Debug\cybtldr_command.o
LOAD .\CortexM3\ARM_GCC_541\Debug\cybtldr_parse.o
LOAD .\CortexM3\ARM_GCC_541\Debug\cyfitter_cfg.o
LOAD .\CortexM3\ARM_GCC_541\Debug\cymetadata.o
LOAD .\CortexM3\ARM_GCC_541\Debug\Cm3Start.o
LOAD .\CortexM3\ARM_GCC_541\Debug\P01A_485_Boot_Host_Simple.a
LOAD C:\Program Files (x86)\Cypress\PSoC Creator\4.2\PSoC Creator\psoc\content\cycomponentlibrary\CyComponentLibrary.cylib\CortexM3\ARM_GCC_541\Debug\CyComponentLibrary.a
END GROUP
START GROUP
LOAD c:/program files (x86)/cypress/psoc creator/4.2/psoc creator/import/gnu/arm/5.4.1/bin/../lib/gcc/arm-none-eabi/5.4.1/armv7-m\libgcc.a
LOAD c:/program files (x86)/cypress/psoc creator/4.2/psoc creator/import/gnu/arm/5.4.1/bin/../lib/gcc/arm-none-eabi/5.4.1/../../../../arm-none-eabi/lib/armv7-m\libg_nano.a
LOAD c:/program files (x86)/cypress/psoc creator/4.2/psoc creator/import/gnu/arm/5.4.1/bin/../lib/gcc/arm-none-eabi/5.4.1/../../../../arm-none-eabi/lib/armv7-m\libc_nano.a
END GROUP
START GROUP
LOAD c:/program files (x86)/cypress/psoc creator/4.2/psoc creator/import/gnu/arm/5.4.1/bin/../lib/gcc/arm-none-eabi/5.4.1/armv7-m\libgcc.a
LOAD c:/program files (x86)/cypress/psoc creator/4.2/psoc creator/import/gnu/arm/5.4.1/bin/../lib/gcc/arm-none-eabi/5.4.1/../../../../arm-none-eabi/lib/armv7-m\libc_nano.a
END GROUP
LOAD c:/program files (x86)/cypress/psoc creator/4.2/psoc creator/import/gnu/arm/5.4.1/bin/../lib/gcc/arm-none-eabi/5.4.1/armv7-m/crtend.o
LOAD c:/program files (x86)/cypress/psoc creator/4.2/psoc creator/import/gnu/arm/5.4.1/bin/../lib/gcc/arm-none-eabi/5.4.1/armv7-m/crtn.o
START GROUP
LOAD c:/program files (x86)/cypress/psoc creator/4.2/psoc creator/import/gnu/arm/5.4.1/bin/../lib/gcc/arm-none-eabi/5.4.1/armv7-m\libgcc.a
LOAD c:/program files (x86)/cypress/psoc creator/4.2/psoc creator/import/gnu/arm/5.4.1/bin/../lib/gcc/arm-none-eabi/5.4.1/../../../../arm-none-eabi/lib/armv7-m\libc.a
LOAD c:/program files (x86)/cypress/psoc creator/4.2/psoc creator/import/gnu/arm/5.4.1/bin/../lib/gcc/arm-none-eabi/5.4.1/../../../../arm-none-eabi/lib/armv7-m\libnosys.a
END GROUP
                0x00000000                CY_APPL_ORIGIN = 0x0
                0x00000100                CY_FLASH_ROW_SIZE = 0x100
                0x00000020                CY_ECC_ROW_SIZE = 0x20
                0x00000000                CY_EE_IN_BTLDR = 0x0
                0x00000000                CY_APPL_LOADABLE = 0x0
                0x00000800                CY_EE_SIZE = 0x800
                0x00000001                CY_APPL_NUM = 0x1
                0x00000001                CY_APPL_MAX = 0x1
                0x00000040                CY_METADATA_SIZE = 0x40
                0x00000000                CY_APPL_LOADABLE = 0x0
                0x00000000                CY_CHECKSUM_EXCLUDE_SIZE = ALIGN (0x0, CY_FLASH_ROW_SIZE)
                [!provide]                PROVIDE (__cy_heap_start, _end)
                0x00000001                PROVIDE (__cy_region_num, ((__cy_regions_end - __cy_regions) / 0x10))
                0x20008000                PROVIDE (__cy_stack, (ORIGIN (ram) + LENGTH (ram)))
                [!provide]                PROVIDE (__cy_heap_end, (__cy_stack - 0x4000))

.cybootloader   0x00000000        0x0
 *(.cybootloader)
                0x00000000                appl1_start = CY_APPL_ORIGIN?CY_APPL_ORIGIN:ALIGN (CY_FLASH_ROW_SIZE)
                0x0001ff00                appl2_start = (appl1_start + ALIGN ((((LENGTH (rom) - appl1_start) - (0x2 * CY_FLASH_ROW_SIZE)) / 0x2), CY_FLASH_ROW_SIZE))
                0x00000000                appl_start = (CY_APPL_NUM == 0x1)?appl1_start:appl2_start
                0x00000000                ecc_offset = ((appl_start / CY_FLASH_ROW_SIZE) * CY_ECC_ROW_SIZE)
                0x00000000                ee_offset = (CY_APPL_LOADABLE && ! (CY_EE_IN_BTLDR))?((CY_EE_SIZE / CY_APPL_MAX) * (CY_APPL_NUM - 0x1)):0x0
                0x00000800                ee_size = (CY_APPL_LOADABLE && ! (CY_EE_IN_BTLDR))?(CY_EE_SIZE / CY_APPL_MAX):CY_EE_SIZE
                [!provide]                PROVIDE (CY_ECC_OFFSET, ecc_offset)

.text           0x00000000     0x2276
 CREATE_OBJECT_SYMBOLS
                0x00000000                PROVIDE (__cy_interrupt_vector, RomVectors)
 *(.romvectors)
 .romvectors    0x00000000       0x10 .\CortexM3\ARM_GCC_541\Debug\Cm3Start.o
                0x00000000                RomVectors
                0x00000001                ASSERT ((. != __cy_interrupt_vector), No interrupt vector)
                0x00000001                ASSERT (CY_APPL_ORIGIN?(SIZEOF (.cybootloader) <= CY_APPL_ORIGIN):0x1, Wrong image location)
                0x00000010                PROVIDE (__cy_reset, Reset)
 *(.text.Reset)
 .text.Reset    0x00000010       0x18 .\CortexM3\ARM_GCC_541\Debug\Cm3Start.o
                0x00000010                Reset
                0x00000001                ASSERT ((. != __cy_reset), No reset code)
 *(.dma_init)
                0x00000001                ASSERT ((((appl_start + .) <= 0x10000) || 0x1), DMA Init must be within the first 64k of flash)
 *(.text .text.* .gnu.linkonce.t.*)
 .text          0x00000028       0x5c c:/program files (x86)/cypress/psoc creator/4.2/psoc creator/import/gnu/arm/5.4.1/bin/../lib/gcc/arm-none-eabi/5.4.1/armv7-m/crtbegin.o
 .text.main     0x00000084       0x84 .\CortexM3\ARM_GCC_541\Debug\main.o
                0x00000084                main
 .text.BootloadStringImage
                0x00000108      0x1a8 .\CortexM3\ARM_GCC_541\Debug\main.o
                0x00000108                BootloadStringImage
 .text.OpenConnection
                0x000002b0       0x10 .\CortexM3\ARM_GCC_541\Debug\communication_api.o
                0x000002b0                OpenConnection
 .text.CloseConnection
                0x000002c0       0x10 .\CortexM3\ARM_GCC_541\Debug\communication_api.o
                0x000002c0                CloseConnection
 .text.WriteData
                0x000002d0       0x50 .\CortexM3\ARM_GCC_541\Debug\communication_api.o
                0x000002d0                WriteData
 .text.ReadData
                0x00000320       0x70 .\CortexM3\ARM_GCC_541\Debug\communication_api.o
                0x00000320                ReadData
 .text.CyBtldr_TransferData
                0x00000390       0x4c .\CortexM3\ARM_GCC_541\Debug\cybtldr_api.o
                0x00000390                CyBtldr_TransferData
 .text.CyBtldr_ValidateRow
                0x000003dc      0x160 .\CortexM3\ARM_GCC_541\Debug\cybtldr_api.o
                0x000003dc                CyBtldr_ValidateRow
 .text.CyBtldr_StartBootloadOperation
                0x0000053c      0x184 .\CortexM3\ARM_GCC_541\Debug\cybtldr_api.o
                0x0000053c                CyBtldr_StartBootloadOperation
 .text.CyBtldr_EndBootloadOperation
                0x000006c0       0x7c .\CortexM3\ARM_GCC_541\Debug\cybtldr_api.o
                0x000006c0                CyBtldr_EndBootloadOperation
 .text.CyBtldr_ProgramRow
                0x0000073c      0x1f4 .\CortexM3\ARM_GCC_541\Debug\cybtldr_api.o
                0x0000073c                CyBtldr_ProgramRow
 .text.CyBtldr_VerifyRow
                0x00000930      0x114 .\CortexM3\ARM_GCC_541\Debug\cybtldr_api.o
                0x00000930                CyBtldr_VerifyRow
 .text.CyBtldr_ComputeChecksum
                0x00000a44       0xd4 .\CortexM3\ARM_GCC_541\Debug\cybtldr_command.o
                0x00000a44                CyBtldr_ComputeChecksum
 .text.CyBtldr_SetCheckSumType
                0x00000b18       0x20 .\CortexM3\ARM_GCC_541\Debug\cybtldr_command.o
                0x00000b18                CyBtldr_SetCheckSumType
 .text.CyBtldr_ParseDefaultCmdResult
                0x00000b38       0x7c .\CortexM3\ARM_GCC_541\Debug\cybtldr_command.o
                0x00000b38                CyBtldr_ParseDefaultCmdResult
 .text.CyBtldr_CreateEnterBootLoaderCmd
                0x00000bb4       0x74 .\CortexM3\ARM_GCC_541\Debug\cybtldr_command.o
                0x00000bb4                CyBtldr_CreateEnterBootLoaderCmd
 .text.CyBtldr_ParseEnterBootLoaderCmdResult
                0x00000c28       0xe8 .\CortexM3\ARM_GCC_541\Debug\cybtldr_command.o
                0x00000c28                CyBtldr_ParseEnterBootLoaderCmdResult
 .text.CyBtldr_CreateExitBootLoaderCmd
                0x00000d10       0x88 .\CortexM3\ARM_GCC_541\Debug\cybtldr_command.o
                0x00000d10                CyBtldr_CreateExitBootLoaderCmd
 .text.CyBtldr_CreateProgramRowCmd
                0x00000d98       0xf0 .\CortexM3\ARM_GCC_541\Debug\cybtldr_command.o
                0x00000d98                CyBtldr_CreateProgramRowCmd
 .text.CyBtldr_ParseProgramRowCmdResult
                0x00000e88       0x20 .\CortexM3\ARM_GCC_541\Debug\cybtldr_command.o
                0x00000e88                CyBtldr_ParseProgramRowCmdResult
 .text.CyBtldr_CreateVerifyRowCmd
                0x00000ea8       0xac .\CortexM3\ARM_GCC_541\Debug\cybtldr_command.o
                0x00000ea8                CyBtldr_CreateVerifyRowCmd
 .text.CyBtldr_ParseVerifyRowCmdResult
                0x00000f54       0xa0 .\CortexM3\ARM_GCC_541\Debug\cybtldr_command.o
                0x00000f54                CyBtldr_ParseVerifyRowCmdResult
 .text.CyBtldr_CreateGetFlashSizeCmd
                0x00000ff4       0x94 .\CortexM3\ARM_GCC_541\Debug\cybtldr_command.o
                0x00000ff4                CyBtldr_CreateGetFlashSizeCmd
 .text.CyBtldr_ParseGetFlashSizeCmdResult
                0x00001088       0xd0 .\CortexM3\ARM_GCC_541\Debug\cybtldr_command.o
                0x00001088                CyBtldr_ParseGetFlashSizeCmdResult
 .text.CyBtldr_CreateSendDataCmd
                0x00001158       0xbc .\CortexM3\ARM_GCC_541\Debug\cybtldr_command.o
                0x00001158                CyBtldr_CreateSendDataCmd
 .text.CyBtldr_ParseSendDataCmdResult
                0x00001214       0x20 .\CortexM3\ARM_GCC_541\Debug\cybtldr_command.o
                0x00001214                CyBtldr_ParseSendDataCmdResult
 .text.CyBtldr_FromHex
                0x00001234       0x54 .\CortexM3\ARM_GCC_541\Debug\cybtldr_parse.o
                0x00001234                CyBtldr_FromHex
 .text.CyBtldr_FromAscii
                0x00001288       0x84 .\CortexM3\ARM_GCC_541\Debug\cybtldr_parse.o
                0x00001288                CyBtldr_FromAscii
 .text.CyBtldr_ParseHeader
                0x0000130c       0xc8 .\CortexM3\ARM_GCC_541\Debug\cybtldr_parse.o
                0x0000130c                CyBtldr_ParseHeader
 .text.CyBtldr_ParseRowData
                0x000013d4      0x144 .\CortexM3\ARM_GCC_541\Debug\cybtldr_parse.o
                0x000013d4                CyBtldr_ParseRowData
 .text.CYMEMZERO
                0x00001518       0x1c .\CortexM3\ARM_GCC_541\Debug\cyfitter_cfg.o
 .text.CYCONFIGCPY
                0x00001534       0x20 .\CortexM3\ARM_GCC_541\Debug\cyfitter_cfg.o
 .text.CYCONFIGCPYCODE
                0x00001554       0x20 .\CortexM3\ARM_GCC_541\Debug\cyfitter_cfg.o
 .text.CyClockStartupError
                0x00001574        0xc .\CortexM3\ARM_GCC_541\Debug\cyfitter_cfg.o
 .text.cfg_write_bytes32
                0x00001580       0x74 .\CortexM3\ARM_GCC_541\Debug\cyfitter_cfg.o
 .text.ClockSetup
                0x000015f4      0x100 .\CortexM3\ARM_GCC_541\Debug\cyfitter_cfg.o
 .text.AnalogSetDefault
                0x000016f4       0x44 .\CortexM3\ARM_GCC_541\Debug\cyfitter_cfg.o
 .text.cyfitter_cfg
                0x00001738      0x138 .\CortexM3\ARM_GCC_541\Debug\cyfitter_cfg.o
                0x00001738                cyfitter_cfg
 .text.IntDefaultHandler
                0x00001870       0x14 .\CortexM3\ARM_GCC_541\Debug\Cm3Start.o
                0x00001870                IntDefaultHandler
 .text.Start_c  0x00001884       0x98 .\CortexM3\ARM_GCC_541\Debug\Cm3Start.o
                0x00001884                Start_c
 .text.initialize_psoc
                0x0000191c       0x90 .\CortexM3\ARM_GCC_541\Debug\Cm3Start.o
                0x0000191c                initialize_psoc
 .text.LED_B_Write
                0x000019ac       0x3c .\CortexM3\ARM_GCC_541\Debug\P01A_485_Boot_Host_Simple.a(LED_B.o)
                0x000019ac                LED_B_Write
 .text.UART_Start
                0x000019e8       0x24 .\CortexM3\ARM_GCC_541\Debug\P01A_485_Boot_Host_Simple.a(UART.o)
                0x000019e8                UART_Start
 .text.UART_Init
                0x00001a0c       0x6c .\CortexM3\ARM_GCC_541\Debug\P01A_485_Boot_Host_Simple.a(UART.o)
                0x00001a0c                UART_Init
 .text.UART_Enable
                0x00001a78       0x78 .\CortexM3\ARM_GCC_541\Debug\P01A_485_Boot_Host_Simple.a(UART.o)
                0x00001a78                UART_Enable
 .text.UART_Stop
                0x00001af0       0x70 .\CortexM3\ARM_GCC_541\Debug\P01A_485_Boot_Host_Simple.a(UART.o)
                0x00001af0                UART_Stop
 .text.UART_GetChar
                0x00001b60       0xb8 .\CortexM3\ARM_GCC_541\Debug\P01A_485_Boot_Host_Simple.a(UART.o)
                0x00001b60                UART_GetChar
 .text.UART_GetRxBufferSize
                0x00001c18       0x90 .\CortexM3\ARM_GCC_541\Debug\P01A_485_Boot_Host_Simple.a(UART.o)
                0x00001c18                UART_GetRxBufferSize
 .text.UART_ClearRxBuffer
                0x00001ca8       0x80 .\CortexM3\ARM_GCC_541\Debug\P01A_485_Boot_Host_Simple.a(UART.o)
                0x00001ca8                UART_ClearRxBuffer
 .text.UART_ReadTxStatus
                0x00001d28       0x18 .\CortexM3\ARM_GCC_541\Debug\P01A_485_Boot_Host_Simple.a(UART.o)
                0x00001d28                UART_ReadTxStatus
 .text.UART_PutChar
                0x00001d40       0xb8 .\CortexM3\ARM_GCC_541\Debug\P01A_485_Boot_Host_Simple.a(UART.o)
                0x00001d40                UART_PutChar
 .text.UART_PutArray
                0x00001df8       0x44 .\CortexM3\ARM_GCC_541\Debug\P01A_485_Boot_Host_Simple.a(UART.o)
                0x00001df8                UART_PutArray
 .text.UART_ClearTxBuffer
                0x00001e3c       0x6c .\CortexM3\ARM_GCC_541\Debug\P01A_485_Boot_Host_Simple.a(UART.o)
                0x00001e3c                UART_ClearTxBuffer
 .text.UART_RXISR
                0x00001ea8       0xdc .\CortexM3\ARM_GCC_541\Debug\P01A_485_Boot_Host_Simple.a(UART_INT.o)
                0x00001ea8                UART_RXISR
 .text.UART_TXISR
                0x00001f84       0x70 .\CortexM3\ARM_GCC_541\Debug\P01A_485_Boot_Host_Simple.a(UART_INT.o)
                0x00001f84                UART_TXISR
 .text.LED_G_Write
                0x00001ff4       0x3c .\CortexM3\ARM_GCC_541\Debug\P01A_485_Boot_Host_Simple.a(LED_G.o)
                0x00001ff4                LED_G_Write
 .text.LED_R_Write
                0x00002030       0x3c .\CortexM3\ARM_GCC_541\Debug\P01A_485_Boot_Host_Simple.a(LED_R.o)
                0x00002030                LED_R_Write
 .text.UART_IntClock_Start
                0x0000206c       0x34 .\CortexM3\ARM_GCC_541\Debug\P01A_485_Boot_Host_Simple.a(UART_IntClock.o)
                0x0000206c                UART_IntClock_Start
 .text.UART_IntClock_Stop
                0x000020a0       0x34 .\CortexM3\ARM_GCC_541\Debug\P01A_485_Boot_Host_Simple.a(UART_IntClock.o)
                0x000020a0                UART_IntClock_Stop
 .text.CyHalt   0x000020d4       0x18 .\CortexM3\ARM_GCC_541\Debug\P01A_485_Boot_Host_Simple.a(CyLib.o)
                0x000020d4                CyHalt
 .text.CyDelay  0x000020ec       0x44 .\CortexM3\ARM_GCC_541\Debug\P01A_485_Boot_Host_Simple.a(CyLib.o)
                0x000020ec                CyDelay
 .text.CyIntSetVector
                0x00002130       0x50 .\CortexM3\ARM_GCC_541\Debug\P01A_485_Boot_Host_Simple.a(CyLib.o)
                0x00002130                CyIntSetVector
 .text.CyIntSetPriority
                0x00002180       0x48 .\CortexM3\ARM_GCC_541\Debug\P01A_485_Boot_Host_Simple.a(CyLib.o)
                0x00002180                CyIntSetPriority
 .text          0x000021c8       0x20 .\CortexM3\ARM_GCC_541\Debug\P01A_485_Boot_Host_Simple.a(CyBootAsmGnu.o)
                0x000021c8                CyDelayCycles
                0x000021d8                CyEnterCriticalSection
                0x000021e0                CyExitCriticalSection
 .text.__errno  0x000021e8        0xc c:/program files (x86)/cypress/psoc creator/4.2/psoc creator/import/gnu/arm/5.4.1/bin/../lib/gcc/arm-none-eabi/5.4.1/../../../../arm-none-eabi/lib/armv7-m\libg_nano.a(lib_a-errno.o)
                0x000021e8                __errno
 .text.__libc_init_array
                0x000021f4       0x4c c:/program files (x86)/cypress/psoc creator/4.2/psoc creator/import/gnu/arm/5.4.1/bin/../lib/gcc/arm-none-eabi/5.4.1/../../../../arm-none-eabi/lib/armv7-m\libg_nano.a(lib_a-init.o)
                0x000021f4                __libc_init_array
 .text.memcpy   0x00002240       0x16 c:/program files (x86)/cypress/psoc creator/4.2/psoc creator/import/gnu/arm/5.4.1/bin/../lib/gcc/arm-none-eabi/5.4.1/../../../../arm-none-eabi/lib/armv7-m\libg_nano.a(lib_a-memcpy-stub.o)
                0x00002240                memcpy
 .text.memset   0x00002256       0x10 c:/program files (x86)/cypress/psoc creator/4.2/psoc creator/import/gnu/arm/5.4.1/bin/../lib/gcc/arm-none-eabi/5.4.1/../../../../arm-none-eabi/lib/armv7-m\libg_nano.a(lib_a-memset.o)
                0x00002256                memset
 .text          0x00002266       0x10 c:/program files (x86)/cypress/psoc creator/4.2/psoc creator/import/gnu/arm/5.4.1/bin/../lib/gcc/arm-none-eabi/5.4.1/../../../../arm-none-eabi/lib/armv7-m\libg_nano.a(lib_a-strlen.o)
                0x00002266                strlen
 *(.plt)
 *(.gnu.warning)
 *(.glue_7t)
 .glue_7t       0x00002276        0x0 linker stubs
 *(.glue_7)
 .glue_7        0x00002276        0x0 linker stubs
 *(.vfp11_veneer)
 .vfp11_veneer  0x00002276        0x0 linker stubs
 *(.bootloader)
 *(.ARM.extab* .gnu.linkonce.armextab.*)
 *(.gcc_except_table)

.v4_bx          0x00002278        0x0
 .v4_bx         0x00002278        0x0 linker stubs

.iplt           0x00002278        0x0
 .iplt          0x00002278        0x0 c:/program files (x86)/cypress/psoc creator/4.2/psoc creator/import/gnu/arm/5.4.1/bin/../lib/gcc/arm-none-eabi/5.4.1/armv7-m/crtbegin.o

.eh_frame_hdr
 *(.eh_frame_hdr)

.eh_frame       0x00002278        0x4
 *(.eh_frame)
 .eh_frame      0x00002278        0x0 c:/program files (x86)/cypress/psoc creator/4.2/psoc creator/import/gnu/arm/5.4.1/bin/../lib/gcc/arm-none-eabi/5.4.1/armv7-m/crtbegin.o
 .eh_frame      0x00002278        0x4 c:/program files (x86)/cypress/psoc creator/4.2/psoc creator/import/gnu/arm/5.4.1/bin/../lib/gcc/arm-none-eabi/5.4.1/armv7-m/crtend.o
                [!provide]                PROVIDE (__exidx_start, .)

.ARM.exidx
 *(.ARM.exidx* .gnu.linkonce.armexidx.*)
                0x0000227c                __exidx_end = .

.rodata         0x0000227c     0x1734
 *(.rodata .rodata.* .gnu.linkonce.r.*)
 .rodata        0x0000227c     0x128e .\CortexM3\ARM_GCC_541\Debug\main.o
 *fill*         0x0000350a        0x2 
 .rodata        0x0000350c      0x408 .\CortexM3\ARM_GCC_541\Debug\cyfitter_cfg.o
 .rodata.__sf_fake_stdin
                0x00003914       0x20 c:/program files (x86)/cypress/psoc creator/4.2/psoc creator/import/gnu/arm/5.4.1/bin/../lib/gcc/arm-none-eabi/5.4.1/../../../../arm-none-eabi/lib/armv7-m\libg_nano.a(lib_a-findfp.o)
                0x00003914                __sf_fake_stdin
 .rodata.__sf_fake_stdout
                0x00003934       0x20 c:/program files (x86)/cypress/psoc creator/4.2/psoc creator/import/gnu/arm/5.4.1/bin/../lib/gcc/arm-none-eabi/5.4.1/../../../../arm-none-eabi/lib/armv7-m\libg_nano.a(lib_a-findfp.o)
                0x00003934                __sf_fake_stdout
 .rodata.__sf_fake_stderr
                0x00003954       0x20 c:/program files (x86)/cypress/psoc creator/4.2/psoc creator/import/gnu/arm/5.4.1/bin/../lib/gcc/arm-none-eabi/5.4.1/../../../../arm-none-eabi/lib/armv7-m\libg_nano.a(lib_a-findfp.o)
                0x00003954                __sf_fake_stderr
 .rodata.str1.1
                0x00003974        0x2 c:/program files (x86)/cypress/psoc creator/4.2/psoc creator/import/gnu/arm/5.4.1/bin/../lib/gcc/arm-none-eabi/5.4.1/../../../../arm-none-eabi/lib/armv7-m\libg_nano.a(lib_a-impure.o)
                0x00003978                . = ALIGN (0x4)
 *fill*         0x00003976        0x2 
 *(.init)
 .init          0x00003978        0x4 c:/program files (x86)/cypress/psoc creator/4.2/psoc creator/import/gnu/arm/5.4.1/bin/../lib/gcc/arm-none-eabi/5.4.1/armv7-m/crti.o
                0x00003978                _init
 .init          0x0000397c        0x8 c:/program files (x86)/cypress/psoc creator/4.2/psoc creator/import/gnu/arm/5.4.1/bin/../lib/gcc/arm-none-eabi/5.4.1/armv7-m/crtn.o
                0x00003984                . = ALIGN (0x4)
                0x00003984                __preinit_array_start = .
 *(.preinit_array)
                0x00003984                __preinit_array_end = .
                0x00003984                . = ALIGN (0x4)
                0x00003984                __init_array_start = .
 *(SORT(.init_array.*))
 *(.init_array)
 .init_array    0x00003984        0x4 c:/program files (x86)/cypress/psoc creator/4.2/psoc creator/import/gnu/arm/5.4.1/bin/../lib/gcc/arm-none-eabi/5.4.1/armv7-m/crtbegin.o
 .init_array    0x00003988        0x4 .\CortexM3\ARM_GCC_541\Debug\Cm3Start.o
                0x0000398c                __init_array_end = .
                0x0000398c                . = ALIGN (0x4)
 *(.fini)
 .fini          0x0000398c        0x4 c:/program files (x86)/cypress/psoc creator/4.2/psoc creator/import/gnu/arm/5.4.1/bin/../lib/gcc/arm-none-eabi/5.4.1/armv7-m/crti.o
                0x0000398c                _fini
 .fini          0x00003990        0x8 c:/program files (x86)/cypress/psoc creator/4.2/psoc creator/import/gnu/arm/5.4.1/bin/../lib/gcc/arm-none-eabi/5.4.1/armv7-m/crtn.o
                0x00003998                . = ALIGN (0x4)
                0x00003998                __fini_array_start = .
 *(.fini_array)
 .fini_array    0x00003998        0x4 c:/program files (x86)/cypress/psoc creator/4.2/psoc creator/import/gnu/arm/5.4.1/bin/../lib/gcc/arm-none-eabi/5.4.1/armv7-m/crtbegin.o
 *(SORT(.fini_array.*))
                0x0000399c                __fini_array_end = .
                0x0000399c                . = ALIGN (0x4)
 *crtbegin.o(.ctors)
 *(EXCLUDE_FILE(*crtend.o) .ctors)
 *(SORT(.ctors.*))
 *crtend.o(.ctors)
                0x0000399c                . = ALIGN (0x4)
 *crtbegin.o(.dtors)
 *(EXCLUDE_FILE(*crtend.o) .dtors)
 *(SORT(.dtors.*))
 *crtend.o(.dtors)
                0x0000399c                . = ALIGN (0x4)
                0x0000399c                __cy_regions = .
                0x0000399c        0x4 LONG 0x39b0 __cy_region_init_ram
                0x000039a0        0x4 LONG 0x1fff80c8 __cy_region_start_data
                0x000039a4        0x4 LONG 0xa0 __cy_region_init_size_ram
                0x000039a8        0x4 LONG 0x240 __cy_region_zero_size_ram
                0x000039ac                __cy_regions_end = .
                0x000039b0                . = ALIGN (0x8)
 *fill*         0x000039ac        0x4 
                0x000039b0                _etext = .

.cy_checksum_exclude
                0x000039b0        0x0
 *(.cy_checksum_exclude)

.ramvectors     0x1fff8000       0xc0
                0x1fff8000                __cy_region_start_ram = .
 *(.ramvectors)
 .ramvectors    0x1fff8000       0xc0 .\CortexM3\ARM_GCC_541\Debug\Cm3Start.o
                0x1fff8000                CyRamVectors

.noinit         0x1fff80c0        0x5
 *(.noinit)
 .noinit        0x1fff80c0        0x4 .\CortexM3\ARM_GCC_541\Debug\Cm3Start.o
 .noinit        0x1fff80c4        0x1 .\CortexM3\ARM_GCC_541\Debug\P01A_485_Boot_Host_Simple.a(CyLib.o)
                0x1fff80c4                CyResetStatus

.data           0x1fff80c8       0xa0 load address 0x000039b0
                0x1fff80c8                __cy_region_start_data = .
 *(.jcr)
 .jcr           0x1fff80c8        0x0 c:/program files (x86)/cypress/psoc creator/4.2/psoc creator/import/gnu/arm/5.4.1/bin/../lib/gcc/arm-none-eabi/5.4.1/armv7-m/crtbegin.o
 .jcr           0x1fff80c8        0x4 c:/program files (x86)/cypress/psoc creator/4.2/psoc creator/import/gnu/arm/5.4.1/bin/../lib/gcc/arm-none-eabi/5.4.1/armv7-m/crtend.o
 *(.got.plt)
 *(.got)
 *(.shdata)
 *(.data .data.* .gnu.linkonce.d.*)
 .data          0x1fff80cc       0x28 .\CortexM3\ARM_GCC_541\Debug\main.o
                0x1fff80cc                blinkStringImage
                0x1fff80f0                LINE_CNT
 .data          0x1fff80f4       0x10 .\CortexM3\ARM_GCC_541\Debug\P01A_485_Boot_Host_Simple.a(CyLib.o)
                0x1fff80f4                cydelay_freq_hz
                0x1fff80f8                cydelay_freq_khz
                0x1fff80fc                cydelay_freq_mhz
                0x1fff8100                cydelay_32k_ms
 .data.impure_data
                0x1fff8104       0x60 c:/program files (x86)/cypress/psoc creator/4.2/psoc creator/import/gnu/arm/5.4.1/bin/../lib/gcc/arm-none-eabi/5.4.1/../../../../arm-none-eabi/lib/armv7-m\libg_nano.a(lib_a-impure.o)
 .data._impure_ptr
                0x1fff8164        0x4 c:/program files (x86)/cypress/psoc creator/4.2/psoc creator/import/gnu/arm/5.4.1/bin/../lib/gcc/arm-none-eabi/5.4.1/../../../../arm-none-eabi/lib/armv7-m\libg_nano.a(lib_a-impure.o)
                0x1fff8164                _impure_ptr
                0x1fff8168                . = ALIGN (0x8)
 *(.ram)
                0x1fff8168                _edata = .

.igot.plt       0x1fff8168        0x0 load address 0x00003a50
 .igot.plt      0x1fff8168        0x0 c:/program files (x86)/cypress/psoc creator/4.2/psoc creator/import/gnu/arm/5.4.1/bin/../lib/gcc/arm-none-eabi/5.4.1/armv7-m/crtbegin.o

.bss            0x1fff8168      0x240 load address 0x00003a50
                0x1fff8168                PROVIDE (__bss_start__, .)
 *(.shbss)
 *(.bss .bss.* .gnu.linkonce.b.*)
 .bss           0x1fff8168       0x1c c:/program files (x86)/cypress/psoc creator/4.2/psoc creator/import/gnu/arm/5.4.1/bin/../lib/gcc/arm-none-eabi/5.4.1/armv7-m/crtbegin.o
 .bss           0x1fff8184        0x4 .\CortexM3\ARM_GCC_541\Debug\cybtldr_api.o
 .bss           0x1fff8188        0x1 .\CortexM3\ARM_GCC_541\Debug\cybtldr_command.o
                0x1fff8188                CyBtldr_Checksum
 .bss           0x1fff8189        0x9 .\CortexM3\ARM_GCC_541\Debug\P01A_485_Boot_Host_Simple.a(UART.o)
                0x1fff8189                UART_initVar
                0x1fff818a                UART_txBufferRead
                0x1fff818b                UART_txBufferWrite
                0x1fff818c                UART_errorStatus
                0x1fff818d                UART_rxBufferRead
                0x1fff818e                UART_rxBufferWrite
                0x1fff818f                UART_rxBufferLoopDetect
                0x1fff8190                UART_rxBufferOverflow
 *(COMMON)
 *fill*         0x1fff8192        0x2 
 COMMON         0x1fff8194       0x14 .\CortexM3\ARM_GCC_541\Debug\main.o
                0x1fff8194                comm1
 COMMON         0x1fff81a8      0x100 .\CortexM3\ARM_GCC_541\Debug\cybtldr_api.o
                0x1fff81a8                g_validRows
 COMMON         0x1fff82a8      0x100 .\CortexM3\ARM_GCC_541\Debug\P01A_485_Boot_Host_Simple.a(UART.o)
                0x1fff82a8                UART_rxBuffer
                0x1fff8328                UART_txBuffer
                0x1fff83a8                . = ALIGN (0x8)
 *(.ram.b)
                0x1fff83a8                _end = .
                0x1fff83a8                __end = .
                0x1fff83a8                PROVIDE (end, .)
                0x1fff83a8                PROVIDE (__bss_end__, .)
                0x000039b0                __cy_region_init_ram = LOADADDR (.data)
                0x000000a0                __cy_region_init_size_ram = (_edata - ADDR (.data))
                0x00000240                __cy_region_zero_size_ram = (_end - _edata)

.heap           0x1fff83a8     0x1000 load address 0x00003a50
                0x1fff83a8                . = _end
                0x1fff93a8                . = (. + 0x1000)
 *fill*         0x1fff83a8     0x1000 
                0x1fff93a8                __cy_heap_limit = .

.stack          0x20004000     0x4000
                0x20004000                __cy_stack_limit = .
                0x20008000                . = (. + 0x4000)
 *fill*         0x20004000     0x4000 
                0x00000001                ASSERT ((__cy_stack_limit >= __cy_heap_limit), region RAM overflowed with stack)
                0x00000000                cy_checksum_exclude_size = (CY_APPL_LOADABLE == 0x1)?SIZEOF (.cy_checksum_exclude):0x0
                0x00000001                ASSERT ((cy_checksum_exclude_size <= CY_CHECKSUM_EXCLUDE_SIZE), CY_BOOT: Section .cy_checksum_exclude size exceedes specified limit.)

.cyloadermeta
 *(.cyloadermeta)

.cyloadablemeta
 *(.cyloadablemeta)

.cyconfigecc    0x80000000        0x1
 *(.cyconfigecc)
 .cyconfigecc   0x80000000        0x1 .\CortexM3\ARM_GCC_541\Debug\cymetadata.o
                0x80000000                cy_meta_configecc

.cycustnvl      0x90000000        0x4
 *(.cycustnvl)
 .cycustnvl     0x90000000        0x4 .\CortexM3\ARM_GCC_541\Debug\cymetadata.o
                0x90000000                cy_meta_custnvl

.cywolatch      0x90100000        0x4
 *(.cywolatch)
 .cywolatch     0x90100000        0x4 .\CortexM3\ARM_GCC_541\Debug\cymetadata.o
                0x90100000                cy_meta_wonvl

.cyeeprom       0x90200000        0x0
 *(.cyeeprom)
                0x00000001                ASSERT ((. <= ((0x90200000 + ee_offset) + ee_size)), .cyeeprom data will not fit in EEPROM)

.cyflashprotect
                0x90400000      0x100
 *(.cyflashprotect)
 .cyflashprotect
                0x90400000      0x100 .\CortexM3\ARM_GCC_541\Debug\cymetadata.o
                0x90400000                cy_meta_flashprotect

.cymeta         0x90500000        0xc
 *(.cymeta)
 .cymeta        0x90500000        0xc .\CortexM3\ARM_GCC_541\Debug\cymetadata.o
                0x90500000                cy_metadata

.rel.dyn        0x00003a50        0x0 load address 0x9050000c
 .rel.iplt      0x00003a50        0x0 c:/program files (x86)/cypress/psoc creator/4.2/psoc creator/import/gnu/arm/5.4.1/bin/../lib/gcc/arm-none-eabi/5.4.1/armv7-m/crtbegin.o

.stab           0x00000000       0xb4
 *(.stab)
 .stab          0x00000000       0x24 c:/program files (x86)/cypress/psoc creator/4.2/psoc creator/import/gnu/arm/5.4.1/bin/../lib/gcc/arm-none-eabi/5.4.1/../../../../arm-none-eabi/lib/armv7-m\libnosys.a(close.o)
 .stab          0x00000024       0x18 c:/program files (x86)/cypress/psoc creator/4.2/psoc creator/import/gnu/arm/5.4.1/bin/../lib/gcc/arm-none-eabi/5.4.1/../../../../arm-none-eabi/lib/armv7-m\libnosys.a(fstat.o)
                                 0x24 (size before relaxing)
 .stab          0x0000003c       0x18 c:/program files (x86)/cypress/psoc creator/4.2/psoc creator/import/gnu/arm/5.4.1/bin/../lib/gcc/arm-none-eabi/5.4.1/../../../../arm-none-eabi/lib/armv7-m\libnosys.a(isatty.o)
                                 0x24 (size before relaxing)
 .stab          0x00000054       0x18 c:/program files (x86)/cypress/psoc creator/4.2/psoc creator/import/gnu/arm/5.4.1/bin/../lib/gcc/arm-none-eabi/5.4.1/../../../../arm-none-eabi/lib/armv7-m\libnosys.a(lseek.o)
                                 0x24 (size before relaxing)
 .stab          0x0000006c       0x18 c:/program files (x86)/cypress/psoc creator/4.2/psoc creator/import/gnu/arm/5.4.1/bin/../lib/gcc/arm-none-eabi/5.4.1/../../../../arm-none-eabi/lib/armv7-m\libnosys.a(open.o)
                                 0x24 (size before relaxing)
 .stab          0x00000084       0x18 c:/program files (x86)/cypress/psoc creator/4.2/psoc creator/import/gnu/arm/5.4.1/bin/../lib/gcc/arm-none-eabi/5.4.1/../../../../arm-none-eabi/lib/armv7-m\libnosys.a(read.o)
                                 0x24 (size before relaxing)
 .stab          0x0000009c       0x18 c:/program files (x86)/cypress/psoc creator/4.2/psoc creator/import/gnu/arm/5.4.1/bin/../lib/gcc/arm-none-eabi/5.4.1/../../../../arm-none-eabi/lib/armv7-m\libnosys.a(write.o)
                                 0x24 (size before relaxing)

.stabstr        0x00000000      0x181
 *(.stabstr)
 .stabstr       0x00000000      0x181 c:/program files (x86)/cypress/psoc creator/4.2/psoc creator/import/gnu/arm/5.4.1/bin/../lib/gcc/arm-none-eabi/5.4.1/../../../../arm-none-eabi/lib/armv7-m\libnosys.a(close.o)

.debug
 *(.debug)

.line
 *(.line)

.debug_srcinfo
 *(.debug_srcinfo)

.debug_sfnames
 *(.debug_sfnames)

.debug_aranges  0x00000000      0x940
 *(.debug_aranges)
 .debug_aranges
                0x00000000       0x28 .\CortexM3\ARM_GCC_541\Debug\main.o
 .debug_aranges
                0x00000028       0x38 .\CortexM3\ARM_GCC_541\Debug\communication_api.o
 .debug_aranges
                0x00000060       0x68 .\CortexM3\ARM_GCC_541\Debug\cybtldr_api.o
 .debug_aranges
                0x000000c8       0xd0 .\CortexM3\ARM_GCC_541\Debug\cybtldr_command.o
 .debug_aranges
                0x00000198       0x50 .\CortexM3\ARM_GCC_541\Debug\cybtldr_parse.o
 .debug_aranges
                0x000001e8       0x60 .\CortexM3\ARM_GCC_541\Debug\cyfitter_cfg.o
 .debug_aranges
                0x00000248       0x18 .\CortexM3\ARM_GCC_541\Debug\cymetadata.o
 .debug_aranges
                0x00000260       0x48 .\CortexM3\ARM_GCC_541\Debug\Cm3Start.o
 .debug_aranges
                0x000002a8       0x38 .\CortexM3\ARM_GCC_541\Debug\P01A_485_Boot_Host_Simple.a(LED_B.o)
 .debug_aranges
                0x000002e0       0xf0 .\CortexM3\ARM_GCC_541\Debug\P01A_485_Boot_Host_Simple.a(UART.o)
 .debug_aranges
                0x000003d0       0x28 .\CortexM3\ARM_GCC_541\Debug\P01A_485_Boot_Host_Simple.a(UART_INT.o)
 .debug_aranges
                0x000003f8       0x38 .\CortexM3\ARM_GCC_541\Debug\P01A_485_Boot_Host_Simple.a(LED_G.o)
 .debug_aranges
                0x00000430       0x38 .\CortexM3\ARM_GCC_541\Debug\P01A_485_Boot_Host_Simple.a(LED_R.o)
 .debug_aranges
                0x00000468       0x70 .\CortexM3\ARM_GCC_541\Debug\P01A_485_Boot_Host_Simple.a(UART_IntClock.o)
 .debug_aranges
                0x000004d8      0x2a0 .\CortexM3\ARM_GCC_541\Debug\P01A_485_Boot_Host_Simple.a(CyLib.o)
 .debug_aranges
                0x00000778       0x98 .\CortexM3\ARM_GCC_541\Debug\P01A_485_Boot_Host_Simple.a(cyPm.o)
 .debug_aranges
                0x00000810       0x20 .\CortexM3\ARM_GCC_541\Debug\P01A_485_Boot_Host_Simple.a(CyBootAsmGnu.o)
 .debug_aranges
                0x00000830       0x90 .\CortexM3\ARM_GCC_541\Debug\P01A_485_Boot_Host_Simple.a(CyFlash.o)
 .debug_aranges
                0x000008c0       0x80 .\CortexM3\ARM_GCC_541\Debug\P01A_485_Boot_Host_Simple.a(CySpc.o)

.debug_pubnames
 *(.debug_pubnames)

.debug_info     0x00000000     0x561e
 *(.debug_info .gnu.linkonce.wi.*)
 .debug_info    0x00000000      0x30d .\CortexM3\ARM_GCC_541\Debug\main.o
 .debug_info    0x0000030d      0x194 .\CortexM3\ARM_GCC_541\Debug\communication_api.o
 .debug_info    0x000004a1      0x771 .\CortexM3\ARM_GCC_541\Debug\cybtldr_api.o
 .debug_info    0x00000c12      0xb19 .\CortexM3\ARM_GCC_541\Debug\cybtldr_command.o
 .debug_info    0x0000172b      0xb71 .\CortexM3\ARM_GCC_541\Debug\cybtldr_parse.o
 .debug_info    0x0000229c      0x457 .\CortexM3\ARM_GCC_541\Debug\cyfitter_cfg.o
 .debug_info    0x000026f3      0x134 .\CortexM3\ARM_GCC_541\Debug\cymetadata.o
 .debug_info    0x00002827      0x32b .\CortexM3\ARM_GCC_541\Debug\Cm3Start.o
 .debug_info    0x00002b52      0x11e .\CortexM3\ARM_GCC_541\Debug\P01A_485_Boot_Host_Simple.a(LED_B.o)
 .debug_info    0x00002c70      0x648 .\CortexM3\ARM_GCC_541\Debug\P01A_485_Boot_Host_Simple.a(UART.o)
 .debug_info    0x000032b8      0x183 .\CortexM3\ARM_GCC_541\Debug\P01A_485_Boot_Host_Simple.a(UART_INT.o)
 .debug_info    0x0000343b      0x11e .\CortexM3\ARM_GCC_541\Debug\P01A_485_Boot_Host_Simple.a(LED_G.o)
 .debug_info    0x00003559      0x11e .\CortexM3\ARM_GCC_541\Debug\P01A_485_Boot_Host_Simple.a(LED_R.o)
 .debug_info    0x00003677      0x25d .\CortexM3\ARM_GCC_541\Debug\P01A_485_Boot_Host_Simple.a(UART_IntClock.o)
 .debug_info    0x000038d4      0xe51 .\CortexM3\ARM_GCC_541\Debug\P01A_485_Boot_Host_Simple.a(CyLib.o)
 .debug_info    0x00004725      0x57a .\CortexM3\ARM_GCC_541\Debug\P01A_485_Boot_Host_Simple.a(cyPm.o)
 .debug_info    0x00004c9f       0xaf .\CortexM3\ARM_GCC_541\Debug\P01A_485_Boot_Host_Simple.a(CyBootAsmGnu.o)
 .debug_info    0x00004d4e      0x410 .\CortexM3\ARM_GCC_541\Debug\P01A_485_Boot_Host_Simple.a(CyFlash.o)
 .debug_info    0x0000515e      0x4c0 .\CortexM3\ARM_GCC_541\Debug\P01A_485_Boot_Host_Simple.a(CySpc.o)

.debug_abbrev   0x00000000     0x15a1
 *(.debug_abbrev)
 .debug_abbrev  0x00000000      0x159 .\CortexM3\ARM_GCC_541\Debug\main.o
 .debug_abbrev  0x00000159       0xb9 .\CortexM3\ARM_GCC_541\Debug\communication_api.o
 .debug_abbrev  0x00000212      0x14b .\CortexM3\ARM_GCC_541\Debug\cybtldr_api.o
 .debug_abbrev  0x0000035d      0x186 .\CortexM3\ARM_GCC_541\Debug\cybtldr_command.o
 .debug_abbrev  0x000004e3      0x1d2 .\CortexM3\ARM_GCC_541\Debug\cybtldr_parse.o
 .debug_abbrev  0x000006b5      0x1a8 .\CortexM3\ARM_GCC_541\Debug\cyfitter_cfg.o
 .debug_abbrev  0x0000085d       0x5d .\CortexM3\ARM_GCC_541\Debug\cymetadata.o
 .debug_abbrev  0x000008ba      0x1d6 .\CortexM3\ARM_GCC_541\Debug\Cm3Start.o
 .debug_abbrev  0x00000a90       0x90 .\CortexM3\ARM_GCC_541\Debug\P01A_485_Boot_Host_Simple.a(LED_B.o)
 .debug_abbrev  0x00000b20      0x15f .\CortexM3\ARM_GCC_541\Debug\P01A_485_Boot_Host_Simple.a(UART.o)
 .debug_abbrev  0x00000c7f       0xa2 .\CortexM3\ARM_GCC_541\Debug\P01A_485_Boot_Host_Simple.a(UART_INT.o)
 .debug_abbrev  0x00000d21       0x90 .\CortexM3\ARM_GCC_541\Debug\P01A_485_Boot_Host_Simple.a(LED_G.o)
 .debug_abbrev  0x00000db1       0x90 .\CortexM3\ARM_GCC_541\Debug\P01A_485_Boot_Host_Simple.a(LED_R.o)
 .debug_abbrev  0x00000e41      0x11d .\CortexM3\ARM_GCC_541\Debug\P01A_485_Boot_Host_Simple.a(UART_IntClock.o)
 .debug_abbrev  0x00000f5e      0x217 .\CortexM3\ARM_GCC_541\Debug\P01A_485_Boot_Host_Simple.a(CyLib.o)
 .debug_abbrev  0x00001175      0x161 .\CortexM3\ARM_GCC_541\Debug\P01A_485_Boot_Host_Simple.a(cyPm.o)
 .debug_abbrev  0x000012d6       0x14 .\CortexM3\ARM_GCC_541\Debug\P01A_485_Boot_Host_Simple.a(CyBootAsmGnu.o)
 .debug_abbrev  0x000012ea      0x14b .\CortexM3\ARM_GCC_541\Debug\P01A_485_Boot_Host_Simple.a(CyFlash.o)
 .debug_abbrev  0x00001435      0x16c .\CortexM3\ARM_GCC_541\Debug\P01A_485_Boot_Host_Simple.a(CySpc.o)

.debug_line     0x00000000     0x290a
 *(.debug_line)
 .debug_line    0x00000000      0x1eb .\CortexM3\ARM_GCC_541\Debug\main.o
 .debug_line    0x000001eb      0x1cf .\CortexM3\ARM_GCC_541\Debug\communication_api.o
 .debug_line    0x000003ba      0x1c7 .\CortexM3\ARM_GCC_541\Debug\cybtldr_api.o
 .debug_line    0x00000581      0x35a .\CortexM3\ARM_GCC_541\Debug\cybtldr_command.o
 .debug_line    0x000008db      0x2b9 .\CortexM3\ARM_GCC_541\Debug\cybtldr_parse.o
 .debug_line    0x00000b94      0x1f1 .\CortexM3\ARM_GCC_541\Debug\cyfitter_cfg.o
 .debug_line    0x00000d85      0x141 .\CortexM3\ARM_GCC_541\Debug\cymetadata.o
 .debug_line    0x00000ec6      0x1dc .\CortexM3\ARM_GCC_541\Debug\Cm3Start.o
 .debug_line    0x000010a2       0x95 .\CortexM3\ARM_GCC_541\Debug\P01A_485_Boot_Host_Simple.a(LED_B.o)
 .debug_line    0x00001137      0x346 .\CortexM3\ARM_GCC_541\Debug\P01A_485_Boot_Host_Simple.a(UART.o)
 .debug_line    0x0000147d       0xad .\CortexM3\ARM_GCC_541\Debug\P01A_485_Boot_Host_Simple.a(UART_INT.o)
 .debug_line    0x0000152a       0x95 .\CortexM3\ARM_GCC_541\Debug\P01A_485_Boot_Host_Simple.a(LED_G.o)
 .debug_line    0x000015bf       0x95 .\CortexM3\ARM_GCC_541\Debug\P01A_485_Boot_Host_Simple.a(LED_R.o)
 .debug_line    0x00001654      0x1ac .\CortexM3\ARM_GCC_541\Debug\P01A_485_Boot_Host_Simple.a(UART_IntClock.o)
 .debug_line    0x00001800      0x883 .\CortexM3\ARM_GCC_541\Debug\P01A_485_Boot_Host_Simple.a(CyLib.o)
 .debug_line    0x00002083      0x38e .\CortexM3\ARM_GCC_541\Debug\P01A_485_Boot_Host_Simple.a(cyPm.o)
 .debug_line    0x00002411       0x66 .\CortexM3\ARM_GCC_541\Debug\P01A_485_Boot_Host_Simple.a(CyBootAsmGnu.o)
 .debug_line    0x00002477      0x242 .\CortexM3\ARM_GCC_541\Debug\P01A_485_Boot_Host_Simple.a(CyFlash.o)
 .debug_line    0x000026b9      0x251 .\CortexM3\ARM_GCC_541\Debug\P01A_485_Boot_Host_Simple.a(CySpc.o)

.debug_frame    0x00000000     0x2d30
 *(.debug_frame)
 .debug_frame   0x00000000       0x5c .\CortexM3\ARM_GCC_541\Debug\main.o
 .debug_frame   0x0000005c       0x98 .\CortexM3\ARM_GCC_541\Debug\communication_api.o
 .debug_frame   0x000000f4      0x1bc .\CortexM3\ARM_GCC_541\Debug\cybtldr_api.o
 .debug_frame   0x000002b0      0x3a8 .\CortexM3\ARM_GCC_541\Debug\cybtldr_command.o
 .debug_frame   0x00000658      0x134 .\CortexM3\ARM_GCC_541\Debug\cybtldr_parse.o
 .debug_frame   0x0000078c      0x16c .\CortexM3\ARM_GCC_541\Debug\cyfitter_cfg.o
 .debug_frame   0x000008f8       0xd8 .\CortexM3\ARM_GCC_541\Debug\Cm3Start.o
 .debug_frame   0x000009d0       0xa8 .\CortexM3\ARM_GCC_541\Debug\P01A_485_Boot_Host_Simple.a(LED_B.o)
 .debug_frame   0x00000a78      0x428 .\CortexM3\ARM_GCC_541\Debug\P01A_485_Boot_Host_Simple.a(UART.o)
 .debug_frame   0x00000ea0       0x5c .\CortexM3\ARM_GCC_541\Debug\P01A_485_Boot_Host_Simple.a(UART_INT.o)
 .debug_frame   0x00000efc       0xa8 .\CortexM3\ARM_GCC_541\Debug\P01A_485_Boot_Host_Simple.a(LED_G.o)
 .debug_frame   0x00000fa4       0xa8 .\CortexM3\ARM_GCC_541\Debug\P01A_485_Boot_Host_Simple.a(LED_R.o)
 .debug_frame   0x0000104c      0x1b4 .\CortexM3\ARM_GCC_541\Debug\P01A_485_Boot_Host_Simple.a(UART_IntClock.o)
 .debug_frame   0x00001200      0xc0c .\CortexM3\ARM_GCC_541\Debug\P01A_485_Boot_Host_Simple.a(CyLib.o)
 .debug_frame   0x00001e0c      0x234 .\CortexM3\ARM_GCC_541\Debug\P01A_485_Boot_Host_Simple.a(cyPm.o)
 .debug_frame   0x00002040      0x260 .\CortexM3\ARM_GCC_541\Debug\P01A_485_Boot_Host_Simple.a(CyFlash.o)
 .debug_frame   0x000022a0      0x228 .\CortexM3\ARM_GCC_541\Debug\P01A_485_Boot_Host_Simple.a(CySpc.o)
 .debug_frame   0x000024c8       0x20 c:/program files (x86)/cypress/psoc creator/4.2/psoc creator/import/gnu/arm/5.4.1/bin/../lib/gcc/arm-none-eabi/5.4.1/../../../../arm-none-eabi/lib/armv7-m\libg_nano.a(lib_a-errno.o)
 .debug_frame   0x000024e8       0x28 c:/program files (x86)/cypress/psoc creator/4.2/psoc creator/import/gnu/arm/5.4.1/bin/../lib/gcc/arm-none-eabi/5.4.1/../../../../arm-none-eabi/lib/armv7-m\libg_nano.a(lib_a-exit.o)
 .debug_frame   0x00002510       0x3c c:/program files (x86)/cypress/psoc creator/4.2/psoc creator/import/gnu/arm/5.4.1/bin/../lib/gcc/arm-none-eabi/5.4.1/../../../../arm-none-eabi/lib/armv7-m\libg_nano.a(lib_a-fclose.o)
 .debug_frame   0x0000254c       0x68 c:/program files (x86)/cypress/psoc creator/4.2/psoc creator/import/gnu/arm/5.4.1/bin/../lib/gcc/arm-none-eabi/5.4.1/../../../../arm-none-eabi/lib/armv7-m\libg_nano.a(lib_a-fflush.o)
 .debug_frame   0x000025b4       0x44 c:/program files (x86)/cypress/psoc creator/4.2/psoc creator/import/gnu/arm/5.4.1/bin/../lib/gcc/arm-none-eabi/5.4.1/../../../../arm-none-eabi/lib/armv7-m\libg_nano.a(lib_a-fgets.o)
 .debug_frame   0x000025f8      0x11c c:/program files (x86)/cypress/psoc creator/4.2/psoc creator/import/gnu/arm/5.4.1/bin/../lib/gcc/arm-none-eabi/5.4.1/../../../../arm-none-eabi/lib/armv7-m\libg_nano.a(lib_a-findfp.o)
 .debug_frame   0x00002714       0x40 c:/program files (x86)/cypress/psoc creator/4.2/psoc creator/import/gnu/arm/5.4.1/bin/../lib/gcc/arm-none-eabi/5.4.1/../../../../arm-none-eabi/lib/armv7-m\libg_nano.a(lib_a-fopen.o)
 .debug_frame   0x00002754       0x30 c:/program files (x86)/cypress/psoc creator/4.2/psoc creator/import/gnu/arm/5.4.1/bin/../lib/gcc/arm-none-eabi/5.4.1/../../../../arm-none-eabi/lib/armv7-m\libg_nano.a(lib_a-fseek.o)
 .debug_frame   0x00002784       0x44 c:/program files (x86)/cypress/psoc creator/4.2/psoc creator/import/gnu/arm/5.4.1/bin/../lib/gcc/arm-none-eabi/5.4.1/../../../../arm-none-eabi/lib/armv7-m\libg_nano.a(lib_a-fseeko.o)
 .debug_frame   0x000027c8       0x54 c:/program files (x86)/cypress/psoc creator/4.2/psoc creator/import/gnu/arm/5.4.1/bin/../lib/gcc/arm-none-eabi/5.4.1/../../../../arm-none-eabi/lib/armv7-m\libg_nano.a(lib_a-fwalk.o)
 .debug_frame   0x0000281c       0x2c c:/program files (x86)/cypress/psoc creator/4.2/psoc creator/import/gnu/arm/5.4.1/bin/../lib/gcc/arm-none-eabi/5.4.1/../../../../arm-none-eabi/lib/armv7-m\libg_nano.a(lib_a-init.o)
 .debug_frame   0x00002848       0x54 c:/program files (x86)/cypress/psoc creator/4.2/psoc creator/import/gnu/arm/5.4.1/bin/../lib/gcc/arm-none-eabi/5.4.1/../../../../arm-none-eabi/lib/armv7-m\libg_nano.a(lib_a-makebuf.o)
 .debug_frame   0x0000289c       0x28 c:/program files (x86)/cypress/psoc creator/4.2/psoc creator/import/gnu/arm/5.4.1/bin/../lib/gcc/arm-none-eabi/5.4.1/../../../../arm-none-eabi/lib/armv7-m\libg_nano.a(lib_a-memchr-stub.o)
 .debug_frame   0x000028c4       0x28 c:/program files (x86)/cypress/psoc creator/4.2/psoc creator/import/gnu/arm/5.4.1/bin/../lib/gcc/arm-none-eabi/5.4.1/../../../../arm-none-eabi/lib/armv7-m\libg_nano.a(lib_a-memcpy-stub.o)
 .debug_frame   0x000028ec       0x20 c:/program files (x86)/cypress/psoc creator/4.2/psoc creator/import/gnu/arm/5.4.1/bin/../lib/gcc/arm-none-eabi/5.4.1/../../../../arm-none-eabi/lib/armv7-m\libg_nano.a(lib_a-memset.o)
 .debug_frame   0x0000290c       0x38 c:/program files (x86)/cypress/psoc creator/4.2/psoc creator/import/gnu/arm/5.4.1/bin/../lib/gcc/arm-none-eabi/5.4.1/../../../../arm-none-eabi/lib/armv7-m\libg_nano.a(lib_a-nano-freer.o)
 .debug_frame   0x00002944       0x2c c:/program files (x86)/cypress/psoc creator/4.2/psoc creator/import/gnu/arm/5.4.1/bin/../lib/gcc/arm-none-eabi/5.4.1/../../../../arm-none-eabi/lib/armv7-m\libg_nano.a(lib_a-nano-mallocr.o)
 .debug_frame   0x00002970       0x2c c:/program files (x86)/cypress/psoc creator/4.2/psoc creator/import/gnu/arm/5.4.1/bin/../lib/gcc/arm-none-eabi/5.4.1/../../../../arm-none-eabi/lib/armv7-m\libg_nano.a(lib_a-openr.o)
 .debug_frame   0x0000299c       0x5c c:/program files (x86)/cypress/psoc creator/4.2/psoc creator/import/gnu/arm/5.4.1/bin/../lib/gcc/arm-none-eabi/5.4.1/../../../../arm-none-eabi/lib/armv7-m\libg_nano.a(lib_a-reent.o)
 .debug_frame   0x000029f8       0x40 c:/program files (x86)/cypress/psoc creator/4.2/psoc creator/import/gnu/arm/5.4.1/bin/../lib/gcc/arm-none-eabi/5.4.1/../../../../arm-none-eabi/lib/armv7-m\libg_nano.a(lib_a-refill.o)
 .debug_frame   0x00002a38       0x2c c:/program files (x86)/cypress/psoc creator/4.2/psoc creator/import/gnu/arm/5.4.1/bin/../lib/gcc/arm-none-eabi/5.4.1/../../../../arm-none-eabi/lib/armv7-m\libg_nano.a(lib_a-sbrkr.o)
 .debug_frame   0x00002a64       0x88 c:/program files (x86)/cypress/psoc creator/4.2/psoc creator/import/gnu/arm/5.4.1/bin/../lib/gcc/arm-none-eabi/5.4.1/../../../../arm-none-eabi/lib/armv7-m\libg_nano.a(lib_a-stdio.o)
 .debug_frame   0x00002aec       0x2c c:/program files (x86)/cypress/psoc creator/4.2/psoc creator/import/gnu/arm/5.4.1/bin/../lib/gcc/arm-none-eabi/5.4.1/../../../../arm-none-eabi/lib/armv7-m\libg_nano.a(lib_a-writer.o)
 .debug_frame   0x00002b18       0x2c c:/program files (x86)/cypress/psoc creator/4.2/psoc creator/import/gnu/arm/5.4.1/bin/../lib/gcc/arm-none-eabi/5.4.1/../../../../arm-none-eabi/lib/armv7-m\libg_nano.a(lib_a-closer.o)
 .debug_frame   0x00002b44       0x2c c:/program files (x86)/cypress/psoc creator/4.2/psoc creator/import/gnu/arm/5.4.1/bin/../lib/gcc/arm-none-eabi/5.4.1/../../../../arm-none-eabi/lib/armv7-m\libg_nano.a(lib_a-flags.o)
 .debug_frame   0x00002b70       0x2c c:/program files (x86)/cypress/psoc creator/4.2/psoc creator/import/gnu/arm/5.4.1/bin/../lib/gcc/arm-none-eabi/5.4.1/../../../../arm-none-eabi/lib/armv7-m\libg_nano.a(lib_a-fstatr.o)
 .debug_frame   0x00002b9c       0x2c c:/program files (x86)/cypress/psoc creator/4.2/psoc creator/import/gnu/arm/5.4.1/bin/../lib/gcc/arm-none-eabi/5.4.1/../../../../arm-none-eabi/lib/armv7-m\libg_nano.a(lib_a-isattyr.o)
 .debug_frame   0x00002bc8       0x2c c:/program files (x86)/cypress/psoc creator/4.2/psoc creator/import/gnu/arm/5.4.1/bin/../lib/gcc/arm-none-eabi/5.4.1/../../../../arm-none-eabi/lib/armv7-m\libg_nano.a(lib_a-lseekr.o)
 .debug_frame   0x00002bf4       0x30 c:/program files (x86)/cypress/psoc creator/4.2/psoc creator/import/gnu/arm/5.4.1/bin/../lib/gcc/arm-none-eabi/5.4.1/../../../../arm-none-eabi/lib/armv7-m\libg_nano.a(lib_a-mlock.o)
 .debug_frame   0x00002c24       0x2c c:/program files (x86)/cypress/psoc creator/4.2/psoc creator/import/gnu/arm/5.4.1/bin/../lib/gcc/arm-none-eabi/5.4.1/../../../../arm-none-eabi/lib/armv7-m\libg_nano.a(lib_a-readr.o)
 .debug_frame   0x00002c50       0x20 c:/program files (x86)/cypress/psoc creator/4.2/psoc creator/import/gnu/arm/5.4.1/bin/../lib/gcc/arm-none-eabi/5.4.1/../../../../arm-none-eabi/lib/armv7-m\libnosys.a(close.o)
 .debug_frame   0x00002c70       0x20 c:/program files (x86)/cypress/psoc creator/4.2/psoc creator/import/gnu/arm/5.4.1/bin/../lib/gcc/arm-none-eabi/5.4.1/../../../../arm-none-eabi/lib/armv7-m\libnosys.a(fstat.o)
 .debug_frame   0x00002c90       0x20 c:/program files (x86)/cypress/psoc creator/4.2/psoc creator/import/gnu/arm/5.4.1/bin/../lib/gcc/arm-none-eabi/5.4.1/../../../../arm-none-eabi/lib/armv7-m\libnosys.a(isatty.o)
 .debug_frame   0x00002cb0       0x20 c:/program files (x86)/cypress/psoc creator/4.2/psoc creator/import/gnu/arm/5.4.1/bin/../lib/gcc/arm-none-eabi/5.4.1/../../../../arm-none-eabi/lib/armv7-m\libnosys.a(lseek.o)
 .debug_frame   0x00002cd0       0x20 c:/program files (x86)/cypress/psoc creator/4.2/psoc creator/import/gnu/arm/5.4.1/bin/../lib/gcc/arm-none-eabi/5.4.1/../../../../arm-none-eabi/lib/armv7-m\libnosys.a(open.o)
 .debug_frame   0x00002cf0       0x20 c:/program files (x86)/cypress/psoc creator/4.2/psoc creator/import/gnu/arm/5.4.1/bin/../lib/gcc/arm-none-eabi/5.4.1/../../../../arm-none-eabi/lib/armv7-m\libnosys.a(read.o)
 .debug_frame   0x00002d10       0x20 c:/program files (x86)/cypress/psoc creator/4.2/psoc creator/import/gnu/arm/5.4.1/bin/../lib/gcc/arm-none-eabi/5.4.1/../../../../arm-none-eabi/lib/armv7-m\libnosys.a(write.o)

.debug_str      0x00000000     0x24b7
 *(.debug_str)
 .debug_str     0x00000000      0x2d8 .\CortexM3\ARM_GCC_541\Debug\main.o
                                0x329 (size before relaxing)
 .debug_str     0x000002d8       0x40 .\CortexM3\ARM_GCC_541\Debug\communication_api.o
                                0x238 (size before relaxing)
 .debug_str     0x00000318      0x1db .\CortexM3\ARM_GCC_541\Debug\cybtldr_api.o
                                0x406 (size before relaxing)
 .debug_str     0x000004f3      0x368 .\CortexM3\ARM_GCC_541\Debug\cybtldr_command.o
                                0x57c (size before relaxing)
 .debug_str     0x0000085b      0x496 .\CortexM3\ARM_GCC_541\Debug\cybtldr_parse.o
                                0x688 (size before relaxing)
 .debug_str     0x00000cf1      0x19c .\CortexM3\ARM_GCC_541\Debug\cyfitter_cfg.o
                                0x379 (size before relaxing)
 .debug_str     0x00000e8d       0x7f .\CortexM3\ARM_GCC_541\Debug\cymetadata.o
                                0x203 (size before relaxing)
 .debug_str     0x00000f0c      0x11e .\CortexM3\ARM_GCC_541\Debug\Cm3Start.o
                                0x2f6 (size before relaxing)
 .debug_str     0x0000102a       0x6b .\CortexM3\ARM_GCC_541\Debug\P01A_485_Boot_Host_Simple.a(LED_B.o)
                                0x201 (size before relaxing)
 .debug_str     0x00001095      0x376 .\CortexM3\ARM_GCC_541\Debug\P01A_485_Boot_Host_Simple.a(UART.o)
                                0x543 (size before relaxing)
 .debug_str     0x0000140b       0x5e .\CortexM3\ARM_GCC_541\Debug\P01A_485_Boot_Host_Simple.a(UART_INT.o)
                                0x2a8 (size before relaxing)
 .debug_str     0x00001469       0x5b .\CortexM3\ARM_GCC_541\Debug\P01A_485_Boot_Host_Simple.a(LED_G.o)
                                0x201 (size before relaxing)
 .debug_str     0x000014c4       0x5b .\CortexM3\ARM_GCC_541\Debug\P01A_485_Boot_Host_Simple.a(LED_R.o)
                                0x201 (size before relaxing)
 .debug_str     0x0000151f      0x1aa .\CortexM3\ARM_GCC_541\Debug\P01A_485_Boot_Host_Simple.a(UART_IntClock.o)
                                0x355 (size before relaxing)
 .debug_str     0x000016c9      0x801 .\CortexM3\ARM_GCC_541\Debug\P01A_485_Boot_Host_Simple.a(CyLib.o)
                                0xa09 (size before relaxing)
 .debug_str     0x00001eca      0x371 .\CortexM3\ARM_GCC_541\Debug\P01A_485_Boot_Host_Simple.a(cyPm.o)
                                0x562 (size before relaxing)
 .debug_str     0x0000223b      0x14f .\CortexM3\ARM_GCC_541\Debug\P01A_485_Boot_Host_Simple.a(CyFlash.o)
                                0x33e (size before relaxing)
 .debug_str     0x0000238a      0x12d .\CortexM3\ARM_GCC_541\Debug\P01A_485_Boot_Host_Simple.a(CySpc.o)
                                0x320 (size before relaxing)

.debug_loc
 *(.debug_loc)

.debug_macinfo
 *(.debug_macinfo)

.debug_ranges   0x00000000      0x7f8
 *(.debug_ranges)
 .debug_ranges  0x00000000       0x18 .\CortexM3\ARM_GCC_541\Debug\main.o
 .debug_ranges  0x00000018       0x28 .\CortexM3\ARM_GCC_541\Debug\communication_api.o
 .debug_ranges  0x00000040       0x58 .\CortexM3\ARM_GCC_541\Debug\cybtldr_api.o
 .debug_ranges  0x00000098       0xc0 .\CortexM3\ARM_GCC_541\Debug\cybtldr_command.o
 .debug_ranges  0x00000158       0x40 .\CortexM3\ARM_GCC_541\Debug\cybtldr_parse.o
 .debug_ranges  0x00000198       0x50 .\CortexM3\ARM_GCC_541\Debug\cyfitter_cfg.o
 .debug_ranges  0x000001e8       0x38 .\CortexM3\ARM_GCC_541\Debug\Cm3Start.o
 .debug_ranges  0x00000220       0x28 .\CortexM3\ARM_GCC_541\Debug\P01A_485_Boot_Host_Simple.a(LED_B.o)
 .debug_ranges  0x00000248       0xe0 .\CortexM3\ARM_GCC_541\Debug\P01A_485_Boot_Host_Simple.a(UART.o)
 .debug_ranges  0x00000328       0x18 .\CortexM3\ARM_GCC_541\Debug\P01A_485_Boot_Host_Simple.a(UART_INT.o)
 .debug_ranges  0x00000340       0x28 .\CortexM3\ARM_GCC_541\Debug\P01A_485_Boot_Host_Simple.a(LED_G.o)
 .debug_ranges  0x00000368       0x28 .\CortexM3\ARM_GCC_541\Debug\P01A_485_Boot_Host_Simple.a(LED_R.o)
 .debug_ranges  0x00000390       0x60 .\CortexM3\ARM_GCC_541\Debug\P01A_485_Boot_Host_Simple.a(UART_IntClock.o)
 .debug_ranges  0x000003f0      0x290 .\CortexM3\ARM_GCC_541\Debug\P01A_485_Boot_Host_Simple.a(CyLib.o)
 .debug_ranges  0x00000680       0x88 .\CortexM3\ARM_GCC_541\Debug\P01A_485_Boot_Host_Simple.a(cyPm.o)
 .debug_ranges  0x00000708       0x80 .\CortexM3\ARM_GCC_541\Debug\P01A_485_Boot_Host_Simple.a(CyFlash.o)
 .debug_ranges  0x00000788       0x70 .\CortexM3\ARM_GCC_541\Debug\P01A_485_Boot_Host_Simple.a(CySpc.o)

.comment        0x00000000       0x6e
 .comment       0x00000000       0x6e .\CortexM3\ARM_GCC_541\Debug\main.o
                                 0x6f (size before relaxing)
 .comment       0x0000006e       0x6f .\CortexM3\ARM_GCC_541\Debug\communication_api.o
 .comment       0x0000006e       0x6f .\CortexM3\ARM_GCC_541\Debug\cybtldr_api.o
 .comment       0x0000006e       0x6f .\CortexM3\ARM_GCC_541\Debug\cybtldr_command.o
 .comment       0x0000006e       0x6f .\CortexM3\ARM_GCC_541\Debug\cybtldr_parse.o
 .comment       0x0000006e       0x6f .\CortexM3\ARM_GCC_541\Debug\cyfitter_cfg.o
 .comment       0x0000006e       0x6f .\CortexM3\ARM_GCC_541\Debug\cymetadata.o
 .comment       0x0000006e       0x6f .\CortexM3\ARM_GCC_541\Debug\Cm3Start.o
 .comment       0x0000006e       0x6f .\CortexM3\ARM_GCC_541\Debug\P01A_485_Boot_Host_Simple.a(LED_B.o)
 .comment       0x0000006e       0x6f .\CortexM3\ARM_GCC_541\Debug\P01A_485_Boot_Host_Simple.a(UART.o)
 .comment       0x0000006e       0x6f .\CortexM3\ARM_GCC_541\Debug\P01A_485_Boot_Host_Simple.a(UART_INT.o)
 .comment       0x0000006e       0x6f .\CortexM3\ARM_GCC_541\Debug\P01A_485_Boot_Host_Simple.a(LED_G.o)
 .comment       0x0000006e       0x6f .\CortexM3\ARM_GCC_541\Debug\P01A_485_Boot_Host_Simple.a(LED_R.o)
 .comment       0x0000006e       0x6f .\CortexM3\ARM_GCC_541\Debug\P01A_485_Boot_Host_Simple.a(UART_IntClock.o)
 .comment       0x0000006e       0x6f .\CortexM3\ARM_GCC_541\Debug\P01A_485_Boot_Host_Simple.a(CyLib.o)
 .comment       0x0000006e       0x6f .\CortexM3\ARM_GCC_541\Debug\P01A_485_Boot_Host_Simple.a(cyPm.o)
 .comment       0x0000006e       0x6f .\CortexM3\ARM_GCC_541\Debug\P01A_485_Boot_Host_Simple.a(CyFlash.o)
 .comment       0x0000006e       0x6f .\CortexM3\ARM_GCC_541\Debug\P01A_485_Boot_Host_Simple.a(CySpc.o)

.debug_weaknames
 *(.debug_weaknames)

.debug_funcnames
 *(.debug_funcnames)

.debug_typenames
 *(.debug_typenames)

.debug_varnames
 *(.debug_varnames)

.note.gnu.arm.ident
 *(.note.gnu.arm.ident)

.ARM.attributes
                0x00000000       0x29
 *(.ARM.attributes)
 .ARM.attributes
                0x00000000       0x1d c:/program files (x86)/cypress/psoc creator/4.2/psoc creator/import/gnu/arm/5.4.1/bin/../lib/gcc/arm-none-eabi/5.4.1/armv7-m/crti.o
 .ARM.attributes
                0x0000001d       0x2d c:/program files (x86)/cypress/psoc creator/4.2/psoc creator/import/gnu/arm/5.4.1/bin/../lib/gcc/arm-none-eabi/5.4.1/armv7-m/crtbegin.o
 .ARM.attributes
                0x0000004a       0x1b c:/program files (x86)/cypress/psoc creator/4.2/psoc creator/import/gnu/arm/5.4.1/bin/../lib/gcc/arm-none-eabi/5.4.1/../../../../arm-none-eabi/lib/armv7-m/crt0.o
 .ARM.attributes
                0x00000065       0x33 .\CortexM3\ARM_GCC_541\Debug\main.o
 .ARM.attributes
                0x00000098       0x33 .\CortexM3\ARM_GCC_541\Debug\communication_api.o
 .ARM.attributes
                0x000000cb       0x33 .\CortexM3\ARM_GCC_541\Debug\cybtldr_api.o
 .ARM.attributes
                0x000000fe       0x33 .\CortexM3\ARM_GCC_541\Debug\cybtldr_command.o
 .ARM.attributes
                0x00000131       0x33 .\CortexM3\ARM_GCC_541\Debug\cybtldr_parse.o
 .ARM.attributes
                0x00000164       0x33 .\CortexM3\ARM_GCC_541\Debug\cyfitter_cfg.o
 .ARM.attributes
                0x00000197       0x33 .\CortexM3\ARM_GCC_541\Debug\cymetadata.o
 .ARM.attributes
                0x000001ca       0x33 .\CortexM3\ARM_GCC_541\Debug\Cm3Start.o
 .ARM.attributes
                0x000001fd       0x33 .\CortexM3\ARM_GCC_541\Debug\P01A_485_Boot_Host_Simple.a(LED_B.o)
 .ARM.attributes
                0x00000230       0x33 .\CortexM3\ARM_GCC_541\Debug\P01A_485_Boot_Host_Simple.a(UART.o)
 .ARM.attributes
                0x00000263       0x33 .\CortexM3\ARM_GCC_541\Debug\P01A_485_Boot_Host_Simple.a(UART_INT.o)
 .ARM.attributes
                0x00000296       0x33 .\CortexM3\ARM_GCC_541\Debug\P01A_485_Boot_Host_Simple.a(LED_G.o)
 .ARM.attributes
                0x000002c9       0x33 .\CortexM3\ARM_GCC_541\Debug\P01A_485_Boot_Host_Simple.a(LED_R.o)
 .ARM.attributes
                0x000002fc       0x33 .\CortexM3\ARM_GCC_541\Debug\P01A_485_Boot_Host_Simple.a(UART_IntClock.o)
 .ARM.attributes
                0x0000032f       0x33 .\CortexM3\ARM_GCC_541\Debug\P01A_485_Boot_Host_Simple.a(CyLib.o)
 .ARM.attributes
                0x00000362       0x33 .\CortexM3\ARM_GCC_541\Debug\P01A_485_Boot_Host_Simple.a(cyPm.o)
 .ARM.attributes
                0x00000395       0x21 .\CortexM3\ARM_GCC_541\Debug\P01A_485_Boot_Host_Simple.a(CyBootAsmGnu.o)
 .ARM.attributes
                0x000003b6       0x33 .\CortexM3\ARM_GCC_541\Debug\P01A_485_Boot_Host_Simple.a(CyFlash.o)
 .ARM.attributes
                0x000003e9       0x33 .\CortexM3\ARM_GCC_541\Debug\P01A_485_Boot_Host_Simple.a(CySpc.o)
 .ARM.attributes
                0x0000041c       0x2d c:/program files (x86)/cypress/psoc creator/4.2/psoc creator/import/gnu/arm/5.4.1/bin/../lib/gcc/arm-none-eabi/5.4.1/../../../../arm-none-eabi/lib/armv7-m\libg_nano.a(lib_a-errno.o)
 .ARM.attributes
                0x00000449       0x2d c:/program files (x86)/cypress/psoc creator/4.2/psoc creator/import/gnu/arm/5.4.1/bin/../lib/gcc/arm-none-eabi/5.4.1/../../../../arm-none-eabi/lib/armv7-m\libg_nano.a(lib_a-exit.o)
 .ARM.attributes
                0x00000476       0x2d c:/program files (x86)/cypress/psoc creator/4.2/psoc creator/import/gnu/arm/5.4.1/bin/../lib/gcc/arm-none-eabi/5.4.1/../../../../arm-none-eabi/lib/armv7-m\libg_nano.a(lib_a-fclose.o)
 .ARM.attributes
                0x000004a3       0x2d c:/program files (x86)/cypress/psoc creator/4.2/psoc creator/import/gnu/arm/5.4.1/bin/../lib/gcc/arm-none-eabi/5.4.1/../../../../arm-none-eabi/lib/armv7-m\libg_nano.a(lib_a-fflush.o)
 .ARM.attributes
                0x000004d0       0x2d c:/program files (x86)/cypress/psoc creator/4.2/psoc creator/import/gnu/arm/5.4.1/bin/../lib/gcc/arm-none-eabi/5.4.1/../../../../arm-none-eabi/lib/armv7-m\libg_nano.a(lib_a-fgets.o)
 .ARM.attributes
                0x000004fd       0x2d c:/program files (x86)/cypress/psoc creator/4.2/psoc creator/import/gnu/arm/5.4.1/bin/../lib/gcc/arm-none-eabi/5.4.1/../../../../arm-none-eabi/lib/armv7-m\libg_nano.a(lib_a-findfp.o)
 .ARM.attributes
                0x0000052a       0x2d c:/program files (x86)/cypress/psoc creator/4.2/psoc creator/import/gnu/arm/5.4.1/bin/../lib/gcc/arm-none-eabi/5.4.1/../../../../arm-none-eabi/lib/armv7-m\libg_nano.a(lib_a-fopen.o)
 .ARM.attributes
                0x00000557       0x2d c:/program files (x86)/cypress/psoc creator/4.2/psoc creator/import/gnu/arm/5.4.1/bin/../lib/gcc/arm-none-eabi/5.4.1/../../../../arm-none-eabi/lib/armv7-m\libg_nano.a(lib_a-fseek.o)
 .ARM.attributes
                0x00000584       0x2d c:/program files (x86)/cypress/psoc creator/4.2/psoc creator/import/gnu/arm/5.4.1/bin/../lib/gcc/arm-none-eabi/5.4.1/../../../../arm-none-eabi/lib/armv7-m\libg_nano.a(lib_a-fseeko.o)
 .ARM.attributes
                0x000005b1       0x2d c:/program files (x86)/cypress/psoc creator/4.2/psoc creator/import/gnu/arm/5.4.1/bin/../lib/gcc/arm-none-eabi/5.4.1/../../../../arm-none-eabi/lib/armv7-m\libg_nano.a(lib_a-fwalk.o)
 .ARM.attributes
                0x000005de       0x2d c:/program files (x86)/cypress/psoc creator/4.2/psoc creator/import/gnu/arm/5.4.1/bin/../lib/gcc/arm-none-eabi/5.4.1/../../../../arm-none-eabi/lib/armv7-m\libg_nano.a(lib_a-impure.o)
 .ARM.attributes
                0x0000060b       0x2d c:/program files (x86)/cypress/psoc creator/4.2/psoc creator/import/gnu/arm/5.4.1/bin/../lib/gcc/arm-none-eabi/5.4.1/../../../../arm-none-eabi/lib/armv7-m\libg_nano.a(lib_a-init.o)
 .ARM.attributes
                0x00000638       0x2d c:/program files (x86)/cypress/psoc creator/4.2/psoc creator/import/gnu/arm/5.4.1/bin/../lib/gcc/arm-none-eabi/5.4.1/../../../../arm-none-eabi/lib/armv7-m\libg_nano.a(lib_a-makebuf.o)
 .ARM.attributes
                0x00000665       0x2d c:/program files (x86)/cypress/psoc creator/4.2/psoc creator/import/gnu/arm/5.4.1/bin/../lib/gcc/arm-none-eabi/5.4.1/../../../../arm-none-eabi/lib/armv7-m\libg_nano.a(lib_a-memchr-stub.o)
 .ARM.attributes
                0x00000692       0x2d c:/program files (x86)/cypress/psoc creator/4.2/psoc creator/import/gnu/arm/5.4.1/bin/../lib/gcc/arm-none-eabi/5.4.1/../../../../arm-none-eabi/lib/armv7-m\libg_nano.a(lib_a-memcpy-stub.o)
 .ARM.attributes
                0x000006bf       0x2d c:/program files (x86)/cypress/psoc creator/4.2/psoc creator/import/gnu/arm/5.4.1/bin/../lib/gcc/arm-none-eabi/5.4.1/../../../../arm-none-eabi/lib/armv7-m\libg_nano.a(lib_a-memset.o)
 .ARM.attributes
                0x000006ec       0x2d c:/program files (x86)/cypress/psoc creator/4.2/psoc creator/import/gnu/arm/5.4.1/bin/../lib/gcc/arm-none-eabi/5.4.1/../../../../arm-none-eabi/lib/armv7-m\libg_nano.a(lib_a-nano-freer.o)
 .ARM.attributes
                0x00000719       0x2d c:/program files (x86)/cypress/psoc creator/4.2/psoc creator/import/gnu/arm/5.4.1/bin/../lib/gcc/arm-none-eabi/5.4.1/../../../../arm-none-eabi/lib/armv7-m\libg_nano.a(lib_a-nano-mallocr.o)
 .ARM.attributes
                0x00000746       0x2d c:/program files (x86)/cypress/psoc creator/4.2/psoc creator/import/gnu/arm/5.4.1/bin/../lib/gcc/arm-none-eabi/5.4.1/../../../../arm-none-eabi/lib/armv7-m\libg_nano.a(lib_a-openr.o)
 .ARM.attributes
                0x00000773       0x2d c:/program files (x86)/cypress/psoc creator/4.2/psoc creator/import/gnu/arm/5.4.1/bin/../lib/gcc/arm-none-eabi/5.4.1/../../../../arm-none-eabi/lib/armv7-m\libg_nano.a(lib_a-reent.o)
 .ARM.attributes
                0x000007a0       0x2d c:/program files (x86)/cypress/psoc creator/4.2/psoc creator/import/gnu/arm/5.4.1/bin/../lib/gcc/arm-none-eabi/5.4.1/../../../../arm-none-eabi/lib/armv7-m\libg_nano.a(lib_a-refill.o)
 .ARM.attributes
                0x000007cd       0x2d c:/program files (x86)/cypress/psoc creator/4.2/psoc creator/import/gnu/arm/5.4.1/bin/../lib/gcc/arm-none-eabi/5.4.1/../../../../arm-none-eabi/lib/armv7-m\libg_nano.a(lib_a-sbrkr.o)
 .ARM.attributes
                0x000007fa       0x2d c:/program files (x86)/cypress/psoc creator/4.2/psoc creator/import/gnu/arm/5.4.1/bin/../lib/gcc/arm-none-eabi/5.4.1/../../../../arm-none-eabi/lib/armv7-m\libg_nano.a(lib_a-stdio.o)
 .ARM.attributes
                0x00000827       0x17 c:/program files (x86)/cypress/psoc creator/4.2/psoc creator/import/gnu/arm/5.4.1/bin/../lib/gcc/arm-none-eabi/5.4.1/../../../../arm-none-eabi/lib/armv7-m\libg_nano.a(lib_a-strlen.o)
 .ARM.attributes
                0x0000083e       0x2d c:/program files (x86)/cypress/psoc creator/4.2/psoc creator/import/gnu/arm/5.4.1/bin/../lib/gcc/arm-none-eabi/5.4.1/../../../../arm-none-eabi/lib/armv7-m\libg_nano.a(lib_a-writer.o)
 .ARM.attributes
                0x0000086b       0x2d c:/program files (x86)/cypress/psoc creator/4.2/psoc creator/import/gnu/arm/5.4.1/bin/../lib/gcc/arm-none-eabi/5.4.1/../../../../arm-none-eabi/lib/armv7-m\libg_nano.a(lib_a-closer.o)
 .ARM.attributes
                0x00000898       0x2d c:/program files (x86)/cypress/psoc creator/4.2/psoc creator/import/gnu/arm/5.4.1/bin/../lib/gcc/arm-none-eabi/5.4.1/../../../../arm-none-eabi/lib/armv7-m\libg_nano.a(lib_a-flags.o)
 .ARM.attributes
                0x000008c5       0x2d c:/program files (x86)/cypress/psoc creator/4.2/psoc creator/import/gnu/arm/5.4.1/bin/../lib/gcc/arm-none-eabi/5.4.1/../../../../arm-none-eabi/lib/armv7-m\libg_nano.a(lib_a-fstatr.o)
 .ARM.attributes
                0x000008f2       0x2d c:/program files (x86)/cypress/psoc creator/4.2/psoc creator/import/gnu/arm/5.4.1/bin/../lib/gcc/arm-none-eabi/5.4.1/../../../../arm-none-eabi/lib/armv7-m\libg_nano.a(lib_a-isattyr.o)
 .ARM.attributes
                0x0000091f       0x2d c:/program files (x86)/cypress/psoc creator/4.2/psoc creator/import/gnu/arm/5.4.1/bin/../lib/gcc/arm-none-eabi/5.4.1/../../../../arm-none-eabi/lib/armv7-m\libg_nano.a(lib_a-lseekr.o)
 .ARM.attributes
                0x0000094c       0x2d c:/program files (x86)/cypress/psoc creator/4.2/psoc creator/import/gnu/arm/5.4.1/bin/../lib/gcc/arm-none-eabi/5.4.1/../../../../arm-none-eabi/lib/armv7-m\libg_nano.a(lib_a-mlock.o)
 .ARM.attributes
                0x00000979       0x2d c:/program files (x86)/cypress/psoc creator/4.2/psoc creator/import/gnu/arm/5.4.1/bin/../lib/gcc/arm-none-eabi/5.4.1/../../../../arm-none-eabi/lib/armv7-m\libg_nano.a(lib_a-readr.o)
 .ARM.attributes
                0x000009a6       0x2d c:/program files (x86)/cypress/psoc creator/4.2/psoc creator/import/gnu/arm/5.4.1/bin/../lib/gcc/arm-none-eabi/5.4.1/armv7-m/crtend.o
 .ARM.attributes
                0x000009d3       0x1d c:/program files (x86)/cypress/psoc creator/4.2/psoc creator/import/gnu/arm/5.4.1/bin/../lib/gcc/arm-none-eabi/5.4.1/armv7-m/crtn.o
 .ARM.attributes
                0x000009f0       0x2d c:/program files (x86)/cypress/psoc creator/4.2/psoc creator/import/gnu/arm/5.4.1/bin/../lib/gcc/arm-none-eabi/5.4.1/../../../../arm-none-eabi/lib/armv7-m\libnosys.a(close.o)
 .ARM.attributes
                0x00000a1d       0x2d c:/program files (x86)/cypress/psoc creator/4.2/psoc creator/import/gnu/arm/5.4.1/bin/../lib/gcc/arm-none-eabi/5.4.1/../../../../arm-none-eabi/lib/armv7-m\libnosys.a(fstat.o)
 .ARM.attributes
                0x00000a4a       0x2d c:/program files (x86)/cypress/psoc creator/4.2/psoc creator/import/gnu/arm/5.4.1/bin/../lib/gcc/arm-none-eabi/5.4.1/../../../../arm-none-eabi/lib/armv7-m\libnosys.a(isatty.o)
 .ARM.attributes
                0x00000a77       0x2d c:/program files (x86)/cypress/psoc creator/4.2/psoc creator/import/gnu/arm/5.4.1/bin/../lib/gcc/arm-none-eabi/5.4.1/../../../../arm-none-eabi/lib/armv7-m\libnosys.a(lseek.o)
 .ARM.attributes
                0x00000aa4       0x2d c:/program files (x86)/cypress/psoc creator/4.2/psoc creator/import/gnu/arm/5.4.1/bin/../lib/gcc/arm-none-eabi/5.4.1/../../../../arm-none-eabi/lib/armv7-m\libnosys.a(open.o)
 .ARM.attributes
                0x00000ad1       0x2d c:/program files (x86)/cypress/psoc creator/4.2/psoc creator/import/gnu/arm/5.4.1/bin/../lib/gcc/arm-none-eabi/5.4.1/../../../../arm-none-eabi/lib/armv7-m\libnosys.a(read.o)
 .ARM.attributes
                0x00000afe       0x2d c:/program files (x86)/cypress/psoc creator/4.2/psoc creator/import/gnu/arm/5.4.1/bin/../lib/gcc/arm-none-eabi/5.4.1/../../../../arm-none-eabi/lib/armv7-m\libnosys.a(write.o)

/DISCARD/
 *(.note.GNU-stack)
OUTPUT(C:\Users\Henry Kou\Documents\PSoC Creator\Eigenboard_bootloading\P01A_485_Boot_Host_Simple.cydsn\CortexM3\ARM_GCC_541\Debug\P01A_485_Boot_Host_Simple.elf elf32-littlearm)
